NEB log file generated by ORCA
All quantities are given in atomic units. Unless stated otherwise. 
iteration       : 0
climbing        : no
zoom on         : no
nim             : 9
barrier         :   0.12604165 (image:  3) 
distance        :   0.00000000    9.54087977   12.38555810   15.13897360   17.93230619   21.46695120   25.82137587   30.05431695   40.80741442 
energy          : -2464.54814530  -2464.50369630  -2464.43550670  -2464.42210365  -2464.43578015  -2464.48647726  -2464.46641889  -2464.50873284  -2464.52721847 
max(|Fr_perp|)   :   0.00000000    0.00439340    0.01970601    0.01696389    0.01989946    0.00507240    0.00505637    0.00184102    0.00000000 
Fr_paral         :   0.00000000   -0.01625477   -0.03047010    0.00328975    0.00360066    0.00400224    0.01176878    0.00519849    0.00000000 
max(|Fsp_paral|) :   0.00000000    0.00702197    0.00916709    0.00108364    0.00806937    0.02483117    0.00301032    0.00453423    0.00000000 
max(|Fsp_perp|)  :   0.00000000    0.00000000    0.00000000    0.00000000    0.00000000    0.00000000    0.00000000    0.00000000    0.00000000 
max(|FNEB|)      :   0.00000000    0.00781507    0.02059441    0.01745261    0.02272734    0.02386856    0.00551680    0.00509958    0.00000000 
max(|Force|)     :   0.00011681    0.00529688    0.01896397    0.01739212    0.02036943    0.00507906    0.00551181    0.00278882    0.00009215 
ksp              :   0.03014354    0.08851792    0.10000000    0.10000000    0.08829073    0.06204911    0.06204911    0.02582593 
max(|step|)      :   0.00000000    0.01667122    0.04393229    0.03723016    0.04848228    0.05091674    0.01176851    0.01087849    0.00000000 
angle (deg.)     :    56.4920  33.7861  50.9315  95.4992  121.4830  45.8110  42.4929 
>
iteration       : 1
climbing        : no
zoom on         : no
nim             : 9
barrier         :   0.12573433 (image:  3) 
distance        :   0.00000000    9.50023386   12.46500630   15.17350551   18.02532660   21.47544823   25.80465016   30.08523240   40.81592293 
energy          : -2464.54814530  -2464.50511692  -2464.43373673  -2464.42241097  -2464.43696661  -2464.48619849  -2464.46631316  -2464.50894728  -2464.52721847 
max(|Fr_perp|)   :   0.00000000    0.00505805    0.02388775    0.02657986    0.01666090    0.00708063    0.00665426    0.00124710    0.00000000 
Fr_paral         :   0.00000000   -0.01557351   -0.02955976    0.00327962    0.00366073    0.00740167    0.01169219    0.00510472    0.00000000 
max(|Fsp_paral|) :   0.00000000    0.00150481    0.00123346    0.00401439    0.00412684    0.01914680    0.00121815    0.00272633    0.00000000 
max(|Fsp_perp|)  :   0.00000000    0.00000000    0.00000000    0.00000000    0.00000000    0.00000000    0.00000000    0.00000000    0.00000000 
max(|FNEB|)      :   0.00000000    0.00458995    0.02383533    0.02751788    0.01830289    0.01936334    0.00656506    0.00288310    0.00000000 
max(|Force|)     :   0.00011681    0.00423281    0.02437093    0.02679450    0.01702070    0.00783547    0.00699854    0.00217637    0.00009215 
ksp              :   0.02897898    0.09027438    0.10000000    0.10000000    0.08750082    0.06230044    0.06230044    0.02568979 
max(|step|)      :   0.00000002    0.00808397    0.01354932    0.02001176    0.01566030    0.03474030    0.00565490    0.00607340    0.00004204 
angle (deg.)     :    56.6873  33.3646  50.9183  96.1604  121.3505  45.9698  42.6033 
>
iteration       : 2
climbing        : no
zoom on         : no
nim             : 9
barrier         :   0.12467939 (image:  3) 
distance        :   0.00000000    9.48499546   12.49618916   15.20100958   18.07158651   21.46364042   25.78117811   30.08871891   40.80676209 
energy          : -2464.54814530  -2464.50572966  -2464.43428835  -2464.42346591  -2464.43776444  -2464.48588867  -2464.46630944  -2464.50907020  -2464.52721847 
max(|Fr_perp|)   :   0.00000000    0.00226637    0.00897463    0.00764920    0.00881398    0.00322427    0.00298588    0.00096522    0.00000000 
Fr_paral         :   0.00000000   -0.01530823   -0.03053162    0.00334588    0.00416891    0.00923532    0.01149157    0.00513657    0.00000000 
max(|Fsp_paral|) :   0.00000000    0.00023504    0.00090500    0.00462522    0.00249520    0.01536563    0.00025412    0.00159548    0.00000000 
max(|Fsp_perp|)  :   0.00000000    0.00000000    0.00000000    0.00000000    0.00000000    0.00000000    0.00000000    0.00000000    0.00000000 
max(|FNEB|)      :   0.00000000    0.00227781    0.00902454    0.00878437    0.00987900    0.01574606    0.00296710    0.00190209    0.00000000 
max(|Force|)     :   0.00011681    0.00362154    0.01333379    0.00787834    0.00925466    0.00511162    0.00424225    0.00188230    0.00009215 
ksp              :   0.02864043    0.09061209    0.10000000    0.10000000    0.08759676    0.06283544    0.06283544    0.02574269 
max(|step|)      :   0.00000002    0.01564873    0.01500395    0.01986064    0.02966385    0.08435245    0.01073817    0.01263857    0.00019196 
angle (deg.)     :    56.9692  32.7346  51.0412  97.5852  121.0309  46.4335  42.8403 
>
iteration       : 3
climbing        : no
zoom on         : no
nim             : 9
barrier         :   0.11425109 (image:  2) 
distance        :   0.00000000    9.46310330   12.54885740   15.27812031   18.16601306   21.41655354   25.71490231   30.07590956   40.76892332 
energy          : -2464.54814530  -2464.50654414  -2464.43389421  -2464.43534477  -2464.43892364  -2464.48461389  -2464.46626417  -2464.50932062  -2464.52721847 
max(|Fr_perp|)   :   0.00000000    0.00089532    0.00699835    0.01723374    0.00584862    0.00384795    0.00169618    0.00129603    0.00000000 
Fr_paral         :   0.00000000   -0.01470563   -0.03029588    0.00345315    0.00434920    0.01211822    0.01113834    0.00505536    0.00000000 
max(|Fsp_paral|) :   0.00000000    0.00498440    0.01323014    0.00443703    0.00612782    0.00809139    0.00176332    0.00258862    0.00000000 
max(|Fsp_perp|)  :   0.00000000    0.00000000    0.00000000    0.00000000    0.00000000    0.00000000    0.00000000    0.00000000    0.00000000 
max(|FNEB|)      :   0.00000000    0.00519284    0.01532283    0.01673792    0.00722122    0.00817923    0.00161844    0.00317424    0.00000000 
max(|Force|)     :   0.00011681    0.00305659    0.01333613    0.01708893    0.00609190    0.00710378    0.00441224    0.00202244    0.00009215 
ksp              :   0.02993790    0.10000000    0.10000000    0.09860111    0.09514972    0.06878307    0.06878307    0.02726032 
max(|step|)      :   0.00000001    0.01385917    0.01974604    0.02373714    0.03584917    0.10000000    0.00907439    0.01114582    0.00014392 
angle (deg.)     :    56.8907  32.9137  51.6108  99.8079  120.9159  47.1063  43.0469 
>
iteration       : 4
climbing        : no
zoom on         : no
nim             : 9
barrier         :   0.11367269 (image:  2) 
distance        :   0.00000000    9.45997144   12.54863024   15.37357545   18.30709841   21.39738658   25.68670200   30.08753309   40.76436089 
energy          : -2464.54814530  -2464.50668417  -2464.43447261  -2464.43609656  -2464.44704395  -2464.48249177  -2464.46623973  -2464.50950878  -2464.52721847 
max(|Fr_perp|)   :   0.00000000    0.00300511    0.01757939    0.01342275    0.02014779    0.00442200    0.00534735    0.00141411    0.00000000 
Fr_paral         :   0.00000000   -0.01431793   -0.03023185    0.00267643    0.00236283    0.01419413    0.01081197    0.00510775    0.00000000 
max(|Fsp_paral|) :   0.00000000    0.00513121    0.00964300    0.00227754    0.00436987    0.01478978    0.00318770    0.00433866    0.00000000 
max(|Fsp_perp|)  :   0.00000000    0.00000000    0.00000000    0.00000000    0.00000000    0.00000000    0.00000000    0.00000000    0.00000000 
max(|FNEB|)      :   0.00000000    0.00511800    0.01670073    0.01332725    0.02003225    0.01544083    0.00515446    0.00524362    0.00000000 
max(|Force|)     :   0.00011681    0.00372947    0.01653342    0.01348007    0.02030994    0.00894199    0.00505234    0.00214769    0.00009215 
ksp              :   0.02991776    0.10000000    0.10000000    0.09841150    0.08779935    0.06915940    0.06915940    0.02718003 
max(|step|)      :   0.00000000    0.00910436    0.02970877    0.02370773    0.03563519    0.02746756    0.00916921    0.00932783    0.00000000 
angle (deg.)     :    56.4521  33.6305  51.6518  99.0203  120.8697  46.9687  42.9448 
>
iteration       : 5
climbing        : no
zoom on         : no
nim             : 9
barrier         :   0.11208014 (image:  2) 
distance        :   0.00000000    9.48520112   12.49186533   15.37660753   18.26780833   21.38789020   25.68538440   30.04957671   40.74643643 
energy          : -2464.54814530  -2464.50606232  -2464.43606516  -2464.43658059  -2464.44863471  -2464.48327582  -2464.46644861  -2464.50940318  -2464.52721847 
max(|Fr_perp|)   :   0.00000000    0.00321081    0.01935541    0.01282080    0.00961860    0.00452705    0.00381410    0.00085808    0.00000000 
Fr_paral         :   0.00000000   -0.01479988   -0.03064321    0.00306705    0.00303480    0.01282889    0.01118425    0.00518313    0.00000000 
max(|Fsp_paral|) :   0.00000000    0.00153910    0.00453449    0.00030823    0.00364608    0.01593336    0.00191974    0.00317188    0.00000000 
max(|Fsp_perp|)  :   0.00000000    0.00000000    0.00000000    0.00000000    0.00000000    0.00000000    0.00000000    0.00000000    0.00000000 
max(|FNEB|)      :   0.00000000    0.00367425    0.01964935    0.01280115    0.01106398    0.01721400    0.00396191    0.00352768    0.00000000 
max(|Force|)     :   0.00011681    0.00373192    0.02009420    0.01289380    0.00931319    0.00870218    0.00490454    0.00175363    0.00009215 
ksp              :   0.03088847    0.10000000    0.10000000    0.09949109    0.08758949    0.07000098    0.07000098    0.02758988 
max(|step|)      :   0.00000000    0.00553198    0.01751234    0.00851386    0.01903114    0.03110994    0.00509376    0.00783343    0.00006744 
angle (deg.)     :    56.1583  34.1510  51.5734  98.2935  120.8551  46.8297  42.8627 
>
iteration       : 6
climbing        : no
zoom on         : no
nim             : 9
barrier         :   0.11120643 (image:  3) 
distance        :   0.00000000    9.50060192   12.45622711   15.37871341   18.23404154   21.39041651   25.69360370   30.02737820   40.74213430 
energy          : -2464.54814530  -2464.50571455  -2464.43758045  -2464.43693887  -2464.44892901  -2464.48400731  -2464.46661641  -2464.50930644  -2464.52721847 
max(|Fr_perp|)   :   0.00000000    0.00168113    0.00846045    0.00655911    0.00789416    0.00259487    0.00256357    0.00068342    0.00000000 
Fr_paral         :   0.00000000   -0.01501357   -0.03149397    0.00370920    0.00331869    0.01167435    0.01129525    0.00528882    0.00000000 
max(|Fsp_paral|) :   0.00000000    0.00100730    0.00053489    0.00246668    0.00194272    0.01447317    0.00088137    0.00203827    0.00000000 
max(|Fsp_perp|)  :   0.00000000    0.00000000    0.00000000    0.00000000    0.00000000    0.00000000    0.00000000    0.00000000    0.00000000 
max(|FNEB|)      :   0.00000000    0.00167820    0.00849298    0.00641219    0.00793247    0.01616319    0.00263140    0.00192428    0.00000000 
max(|Force|)     :   0.00011681    0.00285059    0.01404087    0.00664026    0.00787749    0.00842253    0.00447984    0.00172686    0.00009215 
ksp              :   0.03143732    0.09936041    0.10000000    0.10000000    0.08804699    0.07041437    0.07041437    0.02785655 
max(|step|)      :   0.00000000    0.00653960    0.02492927    0.01992264    0.03250085    0.07789215    0.00700197    0.01332278    0.00008165 
angle (deg.)     :    55.8907  34.9930  51.0818  97.0249  120.9496  46.5081  42.7494 
>
iteration       : 7
climbing        : no
zoom on         : no
nim             : 9
barrier         :   0.11106466 (image:  3) 
distance        :   0.00000000    9.50933987   12.43123043   15.37535366   18.18291876   21.43297235   25.74289217   30.02356250   40.77335100 
energy          : -2464.54814530  -2464.50556768  -2464.43905599  -2464.43708064  -2464.44907002  -2464.48541912  -2464.46688641  -2464.50912472  -2464.52721847 
max(|Fr_perp|)   :   0.00000000    0.00123626    0.00354572    0.00295717    0.00622496    0.00303434    0.00117205    0.00068599    0.00000000 
Fr_paral         :   0.00000000   -0.01490379   -0.03192398    0.00458343    0.00356177    0.00885921    0.01138632    0.00539889    0.00000000 
max(|Fsp_paral|) :   0.00000000    0.00289585    0.00304217    0.00485659    0.00136311    0.00955637    0.00083114    0.00031341    0.00000000 
max(|Fsp_perp|)  :   0.00000000    0.00000000    0.00000000    0.00000000    0.00000000    0.00000000    0.00000000    0.00000000    0.00000000 
max(|FNEB|)      :   0.00000000    0.00271304    0.00375287    0.00409184    0.00607184    0.01113044    0.00163010    0.00099940    0.00000000 
max(|Force|)     :   0.00011681    0.00280739    0.01344894    0.00294141    0.00612287    0.00666525    0.00418878    0.00232722    0.00009215 
ksp              :   0.03161768    0.09802767    0.10000000    0.10000000    0.08802895    0.07023980    0.07023980    0.02806608 
max(|step|)      :   0.00000000    0.00679797    0.01723969    0.02446075    0.02555199    0.08923651    0.00620117    0.00930141    0.00018824 
angle (deg.)     :    55.8644  35.7776  50.2786  96.2941  121.2890  46.1726  42.7536 
>
iteration       : 8
climbing        : no
zoom on         : no
nim             : 9
barrier         :   0.11137481 (image:  3) 
distance        :   0.00000000    9.50016987   12.44318755   15.35407787   18.16436772   21.52631709   25.83727045   30.08749867   40.86441168 
energy          : -2464.54814530  -2464.50586481  -2464.43962116  -2464.43677049  -2464.44909502  -2464.48662447  -2464.46705636  -2464.50902007  -2464.52721847 
max(|Fr_perp|)   :   0.00000000    0.00538724    0.01001379    0.01367696    0.00955409    0.00350789    0.00145771    0.00111902    0.00000000 
Fr_paral         :   0.00000000   -0.01458754   -0.03201682    0.00521724    0.00354037    0.00591390    0.01144634    0.00540977    0.00000000 
max(|Fsp_paral|) :   0.00000000    0.00224055    0.00198871    0.00354341    0.00354508    0.00355164    0.00169619    0.00181963    0.00000000 
max(|Fsp_perp|)  :   0.00000000    0.00000000    0.00000000    0.00000000    0.00000000    0.00000000    0.00000000    0.00000000    0.00000000 
max(|FNEB|)      :   0.00000000    0.00594290    0.01021009    0.01417605    0.01074631    0.00412206    0.00256483    0.00293865    0.00000000 
max(|Force|)     :   0.00011681    0.00613043    0.01282830    0.01341812    0.00985695    0.00409228    0.00454874    0.00276462    0.00009215 
ksp              :   0.03124790    0.09716345    0.10000000    0.10000000    0.08773651    0.06986413    0.06986413    0.02810827 
max(|step|)      :   0.00000000    0.00856271    0.01200052    0.01868677    0.02016588    0.07207502    0.00716526    0.00587613    0.00034085 
angle (deg.)     :    55.9221  36.5429  49.5637  96.2708  121.7533  45.9594  42.8737 
>
iteration       : 9
climbing        : no
zoom on         : no
nim             : 9
barrier         :   0.11134123 (image:  3) 
distance        :   0.00000000    9.48462610   12.46767507   15.33134140   18.18694162   21.64695758   25.95411545   30.20486827   40.99437768 
energy          : -2464.54814530  -2464.50640451  -2464.44001017  -2464.43680407  -2464.44937173  -2464.48735555  -2464.46710966  -2464.50903195  -2464.52721847 
max(|Fr_perp|)   :   0.00000000    0.00155797    0.00743535    0.00487139    0.00345098    0.00249994    0.00214203    0.00096848    0.00000000 
Fr_paral         :   0.00000000   -0.01434035   -0.03209219    0.00558950    0.00365824    0.00348035    0.01124291    0.00535480    0.00000000 
max(|Fsp_paral|) :   0.00000000    0.00053263    0.00094851    0.00028523    0.00434680    0.00109847    0.00156028    0.00194697    0.00000000 
max(|Fsp_perp|)  :   0.00000000    0.00000000    0.00000000    0.00000000    0.00000000    0.00000000    0.00000000    0.00000000    0.00000000 
max(|FNEB|)      :   0.00000000    0.00145929    0.00737201    0.00489831    0.00507105    0.00359841    0.00238216    0.00291546    0.00000000 
max(|Force|)     :   0.00011681    0.00303784    0.01290202    0.00468480    0.00368295    0.00270950    0.00431434    0.00260382    0.00009215 
ksp              :   0.03071857    0.09680860    0.10000000    0.10000000    0.08748995    0.06983331    0.06983331    0.02810317 
max(|step|)      :   0.00000000    0.00501716    0.00745139    0.00864535    0.01542121    0.01263912    0.00754601    0.00813864    0.00021548 
angle (deg.)     :    55.9696  36.9463  49.4344  96.9777  122.0066  45.9418  43.0481 
>
iteration       : 10
climbing        : no
zoom on         : no
nim             : 9
barrier         :   0.11133392 (image:  3) 
distance        :   0.00000000    9.47468306   12.48215999   15.32824356   18.24287353   21.72914930   26.02644026   30.30648138   41.08861837 
energy          : -2464.54814530  -2464.50673553  -2464.44026964  -2464.43681139  -2464.44963903  -2464.48761853  -2464.46704401  -2464.50915082  -2464.52721847 
max(|Fr_perp|)   :   0.00000000    0.00062760    0.00268389    0.00246149    0.00340468    0.00307894    0.00105607    0.00076643    0.00000000 
Fr_paral         :   0.00000000   -0.01426475   -0.03214821    0.00543111    0.00354655    0.00369311    0.01109254    0.00525203    0.00000000 
max(|Fsp_paral|) :   0.00000000    0.00051036    0.00227881    0.00241704    0.00320090    0.00209543    0.00047677    0.00078652    0.00000000 
max(|Fsp_perp|)  :   0.00000000    0.00000000    0.00000000    0.00000000    0.00000000    0.00000000    0.00000000    0.00000000    0.00000000 
max(|FNEB|)      :   0.00000000    0.00086902    0.00279115    0.00252829    0.00401478    0.00517437    0.00118597    0.00121902    0.00000000 
max(|Force|)     :   0.00011681    0.00281797    0.01317487    0.00228318    0.00340783    0.00179896    0.00402924    0.00204472    0.00009215 
ksp              :   0.03039071    0.09655732    0.10000000    0.10000000    0.08723011    0.06990351    0.06990351    0.02798630 
max(|step|)      :   0.00000000    0.00603149    0.00995213    0.00944932    0.02417637    0.01861360    0.00911556    0.01165474    0.00031092 
angle (deg.)     :    55.9488  37.4480  49.6961  98.3468  122.1991  46.0729  43.2929 
>
iteration       : 11
climbing        : no
zoom on         : no
nim             : 9
barrier         :   0.11124005 (image:  3) 
distance        :   0.00000000    9.46823126   12.48991135   15.35574081   18.34317563   21.83263514   26.11890781   30.44180686   41.21119309 
energy          : -2464.54814530  -2464.50696398  -2464.44072800  -2464.43690525  -2464.44995028  -2464.48776036  -2464.46696286  -2464.50932608  -2464.52721847 
max(|Fr_perp|)   :   0.00000000    0.00431302    0.00310284    0.00371509    0.00625205    0.00265493    0.00105267    0.00064609    0.00000000 
Fr_paral         :   0.00000000   -0.01423354   -0.03225921    0.00488354    0.00344645    0.00533203    0.01091980    0.00512514    0.00000000 
max(|Fsp_paral|) :   0.00000000    0.00101783    0.00160953    0.00425209    0.00123033    0.00187100    0.00101666    0.00095363    0.00000000 
max(|Fsp_perp|)  :   0.00000000    0.00000000    0.00000000    0.00000000    0.00000000    0.00000000    0.00000000    0.00000000    0.00000000 
max(|FNEB|)      :   0.00000000    0.00459484    0.00306409    0.00426485    0.00579895    0.00452593    0.00117933    0.00109573    0.00000000 
max(|Force|)     :   0.00011681    0.00440529    0.01325825    0.00387054    0.00592943    0.00288360    0.00448679    0.00174815    0.00009215 
ksp              :   0.03018425    0.09619050    0.10000000    0.10000000    0.08700022    0.07004663    0.07004663    0.02783034 
max(|step|)      :   0.00000000    0.01128500    0.01302367    0.01580728    0.02872902    0.03880826    0.00890939    0.00862504    0.00034716 
angle (deg.)     :    55.8610  37.9084  50.2767  99.8938  122.2949  46.3744  43.5081 
>
iteration       : 12
climbing        : no
zoom on         : no
nim             : 9
barrier         :   0.11099302 (image:  3) 
distance        :   0.00000000    9.46846177   12.49471592   15.41683120   18.45779343   21.93503820   26.21969317   30.57195612   41.33607738 
energy          : -2464.54814530  -2464.50701281  -2464.44107578  -2464.43715229  -2464.45023338  -2464.48768203  -2464.46699201  -2464.50946315  -2464.52721847 
max(|Fr_perp|)   :   0.00000000    0.00833703    0.01261318    0.00400000    0.00913135    0.00499960    0.00098863    0.00083051    0.00000000 
Fr_paral         :   0.00000000   -0.01414968   -0.03212200    0.00412892    0.00332982    0.00690122    0.01076798    0.00505045    0.00000000 
max(|Fsp_paral|) :   0.00000000    0.00103051    0.00057391    0.00414216    0.00046817    0.00086830    0.00188360    0.00211609    0.00000000 
max(|Fsp_perp|)  :   0.00000000    0.00000000    0.00000000    0.00000000    0.00000000    0.00000000    0.00000000    0.00000000    0.00000000 
max(|FNEB|)      :   0.00000000    0.00805080    0.01258216    0.00446941    0.00896804    0.00475638    0.00235255    0.00266456    0.00000000 
max(|Force|)     :   0.00011681    0.00916356    0.01388947    0.00402658    0.00942939    0.00607197    0.00474357    0.00155448    0.00009215 
ksp              :   0.03019082    0.09607939    0.10000000    0.10000000    0.08692851    0.07018220    0.07018220    0.02774227 
max(|step|)      :   0.00000000    0.00477983    0.00668858    0.01279161    0.00987488    0.01903314    0.00384998    0.00325597    0.00011391 
angle (deg.)     :    55.7818  37.9888  50.5990  100.3465  122.2725  46.5459  43.5358 
>
iteration       : 13
climbing        : no
zoom on         : no
nim             : 9
barrier         :   0.11075209 (image:  3) 
distance        :   0.00000000    9.47381510   12.49464839   15.45378096   18.49098718   21.95829130   26.25085016   30.59691088   41.36758322 
energy          : -2464.54814530  -2464.50698517  -2464.44137788  -2464.43739321  -2464.45044188  -2464.48765094  -2464.46709940  -2464.50946607  -2464.52721847 
max(|Fr_perp|)   :   0.00000000    0.00225909    0.00464961    0.00195344    0.00289314    0.00225529    0.00093750    0.00071736    0.00000000 
Fr_paral         :   0.00000000   -0.01415184   -0.03233659    0.00404784    0.00337853    0.00736888    0.01081227    0.00505668    0.00000000 
max(|Fsp_paral|) :   0.00000000    0.00067966    0.00233248    0.00271773    0.00059938    0.00005177    0.00149506    0.00184643    0.00000000 
max(|Fsp_perp|)  :   0.00000000    0.00000000    0.00000000    0.00000000    0.00000000    0.00000000    0.00000000    0.00000000    0.00000000 
max(|FNEB|)      :   0.00000000    0.00207239    0.00450300    0.00260755    0.00290494    0.00224532    0.00186133    0.00222503    0.00000000 
max(|Force|)     :   0.00011681    0.00307827    0.01354509    0.00194181    0.00296814    0.00411062    0.00466803    0.00150812    0.00009215 
ksp              :   0.03027266    0.09600758    0.10000000    0.10000000    0.08692595    0.07023602    0.07023602    0.02778693 
max(|step|)      :   0.00000000    0.00592756    0.00927833    0.02001571    0.01340099    0.00885631    0.00862078    0.00890999    0.00030332 
angle (deg.)     :    55.6572  38.1250  50.9779  100.7186  122.3054  46.8023  43.5474 
>
iteration       : 14
climbing        : no
zoom on         : no
nim             : 9
barrier         :   0.11040268 (image:  3) 
distance        :   0.00000000    9.48465940   12.50653181   15.51253613   18.52706857   22.00199228   26.31464421   30.63057154   41.42564655 
energy          : -2464.54814530  -2464.50682987  -2464.44134153  -2464.43774262  -2464.45063715  -2464.48779048  -2464.46738473  -2464.50940975  -2464.52721847 
max(|Fr_perp|)   :   0.00000000    0.00228908    0.00491622    0.00166499    0.00175855    0.00182781    0.00088902    0.00057421    0.00000000 
Fr_paral         :   0.00000000   -0.01413878   -0.03241325    0.00402157    0.00347290    0.00713378    0.01093530    0.00511146    0.00000000 
max(|Fsp_paral|) :   0.00000000    0.00040008    0.00371990    0.00030181    0.00025269    0.00014242    0.00009146    0.00048942    0.00000000 
max(|Fsp_perp|)  :   0.00000000    0.00000000    0.00000000    0.00000000    0.00000000    0.00000000    0.00000000    0.00000000    0.00000000 
max(|FNEB|)      :   0.00000000    0.00239611    0.00518451    0.00160275    0.00177025    0.00178890    0.00089006    0.00078334    0.00000000 
max(|Force|)     :   0.00011681    0.00278780    0.01312373    0.00202308    0.00204828    0.00480997    0.00428887    0.00182134    0.00009215 
ksp              :   0.03050804    0.09638001    0.10000000    0.10000000    0.08702993    0.07018425    0.07018425    0.02791304 
max(|step|)      :   0.00000000    0.01011289    0.01785303    0.02525906    0.02801550    0.01498925    0.01524234    0.01309035    0.00066692 
angle (deg.)     :    55.5254  38.4300  51.4394  101.7725  122.4385  47.1987  43.7123 
>
iteration       : 15
climbing        : no
zoom on         : no
nim             : 9
barrier         :   0.11000803 (image:  3) 
distance        :   0.00000000    9.49750417   12.53989242   15.59150787   18.61506899   22.11166976   26.44445204   30.74486693   41.56722525 
energy          : -2464.54814530  -2464.50670648  -2464.44101203  -2464.43813727  -2464.45094258  -2464.48797940  -2464.46769570  -2464.50942041  -2464.52721847 
max(|Fr_perp|)   :   0.00000000    0.00272745    0.00611060    0.00401978    0.00415072    0.00284909    0.00090234    0.00058283    0.00000000 
Fr_paral         :   0.00000000   -0.01409036   -0.03237796    0.00369197    0.00343820    0.00728874    0.01094314    0.00507624    0.00000000 
max(|Fsp_paral|) :   0.00000000    0.00076942    0.00390631    0.00102291    0.00054625    0.00029401    0.00090283    0.00037309    0.00000000 
max(|Fsp_perp|)  :   0.00000000    0.00000000    0.00000000    0.00000000    0.00000000    0.00000000    0.00000000    0.00000000    0.00000000 
max(|FNEB|)      :   0.00000000    0.00293248    0.00640320    0.00385681    0.00438152    0.00292770    0.00132133    0.00095557    0.00000000 
max(|Force|)     :   0.00011681    0.00300969    0.01305456    0.00423424    0.00453460    0.00556528    0.00421316    0.00214719    0.00009215 
ksp              :   0.03072356    0.09709559    0.10000000    0.10000000    0.08706262    0.07013669    0.07013669    0.02798163 
max(|step|)      :   0.00000000    0.03662411    0.06419978    0.08734413    0.10000000    0.05175301    0.05247640    0.04276658    0.00242202 
angle (deg.)     :    55.0795  39.3019  52.7588  105.6210  122.7226  48.6198  44.4431 
>
iteration       : 16
climbing        : no
zoom on         : no
nim             : 9
barrier         :   0.10892885 (image:  3) 
distance        :   0.00000000    9.55206095   12.66479458   15.84237766   18.92471642   22.49400866   26.88432130   31.17171769   42.07383557 
energy          : -2464.54814530  -2464.50598645  -2464.43922142  -2464.43921645  -2464.45191771  -2464.48827162  -2464.46850778  -2464.50955959  -2464.52721847 
max(|Fr_perp|)   :   0.00000000    0.00825201    0.01559989    0.00890663    0.00671024    0.00338026    0.00132788    0.00109542    0.00000000 
Fr_paral         :   0.00000000   -0.01421349   -0.03220465    0.00217256    0.00309336    0.00836641    0.01093265    0.00487699    0.00000000 
max(|Fsp_paral|) :   0.00000000    0.00181738    0.00263251    0.00385123    0.00063363    0.00163844    0.00285618    0.00173036    0.00000000 
max(|Fsp_perp|)  :   0.00000000    0.00000000    0.00000000    0.00000000    0.00000000    0.00000000    0.00000000    0.00000000    0.00000000 
max(|FNEB|)      :   0.00000000    0.00895383    0.01622864    0.00887334    0.00714687    0.00312713    0.00394019    0.00284310    0.00000000 
max(|Force|)     :   0.00011681    0.00766581    0.01510056    0.00921452    0.00721983    0.00784008    0.00465496    0.00261153    0.00009215 
ksp              :   0.03171319    0.09999210    0.10000000    0.10000000    0.08700639    0.07003490    0.07003490    0.02805838 
max(|step|)      :   0.00000000    0.01011095    0.01832590    0.01002006    0.00807047    0.00353126    0.00444939    0.00321052    0.00000000 
angle (deg.)     :    55.0592  39.1806  52.5163  105.6423  122.6958  48.6216  44.5064 
>
iteration       : 17
climbing        : no
zoom on         : no
nim             : 9
barrier         :   0.10893664 (image:  2) 
distance        :   0.00000000    9.55792593   12.66861412   15.82820175   18.91589906   22.48192507   26.86560535   31.16710185   42.06536654 
energy          : -2464.54814530  -2464.50593584  -2464.43920866  -2464.43943979  -2464.45204864  -2464.48832928  -2464.46843681  -2464.50960007  -2464.52721847 
max(|Fr_perp|)   :   0.00000000    0.00259571    0.00497078    0.00346869    0.00371078    0.00286383    0.00086678    0.00084846    0.00000000 
Fr_paral         :   0.00000000   -0.01423192   -0.03200614    0.00238677    0.00311302    0.00855071    0.01082257    0.00483806    0.00000000 
max(|Fsp_paral|) :   0.00000000    0.00163223    0.00197920    0.00321134    0.00047859    0.00129391    0.00229145    0.00116110    0.00000000 
max(|Fsp_perp|)  :   0.00000000    0.00000000    0.00000000    0.00000000    0.00000000    0.00000000    0.00000000    0.00000000    0.00000000 
max(|FNEB|)      :   0.00000000    0.00276819    0.00484795    0.00552544    0.00354839    0.00210783    0.00252757    0.00200956    0.00000000 
max(|Force|)     :   0.00011681    0.00344724    0.01352292    0.00357508    0.00342017    0.00740624    0.00418674    0.00234533    0.00009215 
ksp              :   0.03176389    0.10000000    0.10000000    0.09976365    0.08686967    0.07011091    0.07011091    0.02801681 
max(|step|)      :   0.00000000    0.00262549    0.00202335    0.00682040    0.00239459    0.00260828    0.00339022    0.00261889    0.00000922 
angle (deg.)     :    55.0353  39.0766  52.2903  105.6637  122.6760  48.6248  44.5617 
>
iteration       : 18
climbing        : no
zoom on         : no
nim             : 9
barrier         :   0.10910561 (image:  2) 
distance        :   0.00000000    9.56363016   12.67177506   15.81528669   18.90740996   22.47068955   26.84872249   31.16218338   42.05760667 
energy          : -2464.54814530  -2464.50581712  -2464.43903970  -2464.43948449  -2464.45209628  -2464.48836098  -2464.46837134  -2464.50963301  -2464.52721847 
max(|Fr_perp|)   :   0.00000000    0.00217045    0.00408641    0.00296128    0.00282005    0.00245390    0.00081165    0.00063100    0.00000000 
Fr_paral         :   0.00000000   -0.01429951   -0.03191603    0.00255612    0.00311637    0.00868186    0.01075432    0.00481096    0.00000000 
max(|Fsp_paral|) :   0.00000000    0.00137035    0.00142632    0.00264845    0.00028426    0.00111883    0.00180000    0.00071301    0.00000000 
max(|Fsp_perp|)  :   0.00000000    0.00000000    0.00000000    0.00000000    0.00000000    0.00000000    0.00000000    0.00000000    0.00000000 
max(|FNEB|)      :   0.00000000    0.00232530    0.00399095    0.00474634    0.00272396    0.00180655    0.00188194    0.00134400    0.00000000 
max(|Force|)     :   0.00011681    0.00302399    0.01349844    0.00307550    0.00253050    0.00706474    0.00419689    0.00212205    0.00009215 
ksp              :   0.03184337    0.10000000    0.10000000    0.09954602    0.08667375    0.07006254    0.07006254    0.02794867 
max(|step|)      :   0.00000000    0.01893906    0.01281371    0.04753952    0.01098645    0.01861055    0.01805206    0.01073462    0.00027132 
angle (deg.)     :    54.8383  38.5196  50.7230  105.5988  122.4844  48.7576  44.8823 
>
iteration       : 19
climbing        : no
zoom on         : no
nim             : 9
barrier         :   0.10997793 (image:  2) 
distance        :   0.00000000    9.60354797   12.69161347   15.74160770   18.84696545   22.38910530   26.73781467   31.11104118   42.00112412 
energy          : -2464.54814530  -2464.50499474  -2464.43816737  -2464.43944474  -2464.45212896  -2464.48842010  -2464.46801888  -2464.50977319  -2464.52721847 
max(|Fr_perp|)   :   0.00000000    0.00414596    0.00617818    0.00798582    0.00563678    0.00442516    0.00165250    0.00149771    0.00000000 
Fr_paral         :   0.00000000   -0.01459858   -0.03112827    0.00414303    0.00303453    0.00857256    0.01045379    0.00471421    0.00000000 
max(|Fsp_paral|) :   0.00000000    0.00063805    0.00150518    0.00061048    0.00062568    0.00029917    0.00068275    0.00139849    0.00000000 
max(|Fsp_perp|)  :   0.00000000    0.00000000    0.00000000    0.00000000    0.00000000    0.00000000    0.00000000    0.00000000    0.00000000 
max(|FNEB|)      :   0.00000000    0.00425681    0.00627935    0.00800777    0.00584788    0.00437673    0.00167679    0.00160124    0.00000000 
max(|Force|)     :   0.00011681    0.00469826    0.01311350    0.00804535    0.00535749    0.00525977    0.00363778    0.00191476    0.00009215 
ksp              :   0.03246054    0.10000000    0.10000000    0.09870902    0.08588964    0.06983040    0.06983040    0.02763117 
max(|step|)      :   0.00000000    0.00934743    0.01084664    0.01819600    0.01229956    0.00969214    0.00665231    0.00426188    0.00013614 
angle (deg.)     :    54.7647  38.4249  50.1388  105.4008  122.3916  48.8841  44.9756 
>
iteration       : 20
climbing        : no
zoom on         : no
nim             : 9
barrier         :   0.10996026 (image:  2) 
distance        :   0.00000000    9.61569140   12.69902230   15.72812725   18.82594795   22.35717822   26.70113103   31.08311081   41.98043627 
energy          : -2464.54814530  -2464.50481587  -2464.43818504  -2464.43945191  -2464.45213408  -2464.48844145  -2464.46795903  -2464.50978801  -2464.52721847 
max(|Fr_perp|)   :   0.00000000    0.00380723    0.00698899    0.00583599    0.00724722    0.00349923    0.00117056    0.00059006    0.00000000 
Fr_paral         :   0.00000000   -0.01449630   -0.03104529    0.00470281    0.00306935    0.00846080    0.01027602    0.00470225    0.00000000 
max(|Fsp_paral|) :   0.00000000    0.00121422    0.00213248    0.00115471    0.00067630    0.00017272    0.00105954    0.00166927    0.00000000 
max(|Fsp_perp|)  :   0.00000000    0.00000000    0.00000000    0.00000000    0.00000000    0.00000000    0.00000000    0.00000000    0.00000000 
max(|FNEB|)      :   0.00000000    0.00356700    0.00683225    0.00578892    0.00702520    0.00347153    0.00191423    0.00211601    0.00000000 
max(|Force|)     :   0.00011681    0.00378148    0.01248491    0.00575977    0.00752156    0.00459896    0.00495064    0.00144839    0.00009215 
ksp              :   0.03264581    0.10000000    0.10000000    0.09871938    0.08589953    0.06990278    0.06990278    0.02761969 
max(|step|)      :   0.00000000    0.00339292    0.00433873    0.00840346    0.00520910    0.00309879    0.00422184    0.00301468    0.00006428 
angle (deg.)     :    54.7940  38.5624  50.3890  105.3820  122.4139  48.8731  44.9153 
>
iteration       : 21
climbing        : no
zoom on         : no
nim             : 9
barrier         :   0.10965135 (image:  2) 
distance        :   0.00000000    9.60798763   12.69558973   15.74403465   18.83590931   22.37007523   26.72026185   31.08849096   41.98929683 
energy          : -2464.54814530  -2464.50501021  -2464.43849395  -2464.43959901  -2464.45219522  -2464.48847949  -2464.46803837  -2464.50975572  -2464.52721847 
max(|Fr_perp|)   :   0.00000000    0.00115893    0.00207888    0.00183916    0.00193463    0.00089350    0.00082280    0.00056821    0.00000000 
Fr_paral         :   0.00000000   -0.01445465   -0.03112615    0.00454459    0.00311317    0.00833449    0.01037214    0.00473820    0.00000000 
max(|Fsp_paral|) :   0.00000000    0.00081968    0.00154601    0.00034963    0.00038823    0.00018657    0.00050347    0.00118972    0.00000000 
max(|Fsp_perp|)  :   0.00000000    0.00000000    0.00000000    0.00000000    0.00000000    0.00000000    0.00000000    0.00000000    0.00000000 
max(|FNEB|)      :   0.00000000    0.00103992    0.00196896    0.00182609    0.00180550    0.00088615    0.00082500    0.00137277    0.00000000 
max(|Force|)     :   0.00011681    0.00280019    0.01261390    0.00177147    0.00221696    0.00498279    0.00439449    0.00140162    0.00009215 
ksp              :   0.03252752    0.10000000    0.10000000    0.09887906    0.08610176    0.07003086    0.07003086    0.02771379 
max(|step|)      :   0.00000000    0.00271112    0.00512846    0.00298972    0.00289588    0.00328138    0.00277822    0.00347153    0.00007624 
angle (deg.)     :    54.7793  38.6879  50.2656  105.2398  122.3792  48.9429  44.9144 
>
iteration       : 22
climbing        : no
zoom on         : no
nim             : 9
barrier         :   0.10933681 (image:  2) 
distance        :   0.00000000    9.60658842   12.69698681   15.75334774   18.83444088   22.36561731   26.71945925   31.07826777   41.98826738 
energy          : -2464.54814530  -2464.50510875  -2464.43880849  -2464.43963989  -2464.45220186  -2464.48851513  -2464.46808212  -2464.50972685  -2464.52721847 
max(|Fr_perp|)   :   0.00000000    0.00081121    0.00088502    0.00103102    0.00056010    0.00087569    0.00082018    0.00057388    0.00000000 
Fr_paral         :   0.00000000   -0.01436067   -0.03109079    0.00472188    0.00313479    0.00804958    0.01039784    0.00478189    0.00000000 
max(|Fsp_paral|) :   0.00000000    0.00070698    0.00134622    0.00005356    0.00014427    0.00035647    0.00013885    0.00081830    0.00000000 
max(|Fsp_perp|)  :   0.00000000    0.00000000    0.00000000    0.00000000    0.00000000    0.00000000    0.00000000    0.00000000    0.00000000 
max(|FNEB|)      :   0.00000000    0.00095554    0.00156870    0.00102636    0.00050217    0.00100619    0.00082079    0.00091205    0.00000000 
max(|Force|)     :   0.00011681    0.00281873    0.01251923    0.00158314    0.00096282    0.00495471    0.00409132    0.00154053    0.00009215 
ksp              :   0.03250735    0.10000000    0.10000000    0.09915365    0.08636576    0.07019990    0.07019990    0.02780620 
max(|step|)      :   0.00000000    0.01322973    0.02126781    0.02180714    0.01295990    0.01699859    0.01413727    0.01525235    0.00057864 
angle (deg.)     :    54.6808  39.1604  49.4012  104.6230  122.2076  49.2750  44.9978 
>
iteration       : 23
climbing        : no
zoom on         : no
nim             : 9
barrier         :   0.10848986 (image:  3) 
distance        :   0.00000000    9.60755803   12.70718472   15.77942003   18.82021366   22.33656383   26.69957759   31.03329521   41.98128613 
energy          : -2464.54814530  -2464.50537508  -2464.43997641  -2464.43965544  -2464.45215953  -2464.48858666  -2464.46818059  -2464.50963566  -2464.52721847 
max(|Fr_perp|)   :   0.00000000    0.00224346    0.00373319    0.00416894    0.00431879    0.00252671    0.00098203    0.00060470    0.00000000 
Fr_paral         :   0.00000000   -0.01399989   -0.03076383    0.00567113    0.00317559    0.00697269    0.01039036    0.00487639    0.00000000 
max(|Fsp_paral|) :   0.00000000    0.00061921    0.00067997    0.00123315    0.00064443    0.00104453    0.00082303    0.00031841    0.00000000 
max(|Fsp_perp|)  :   0.00000000    0.00000000    0.00000000    0.00000000    0.00000000    0.00000000    0.00000000    0.00000000    0.00000000 
max(|FNEB|)      :   0.00000000    0.00235669    0.00377988    0.00411640    0.00410150    0.00269417    0.00147000    0.00092311    0.00000000 
max(|Force|)     :   0.00011681    0.00291461    0.01190614    0.00433164    0.00402681    0.00426130    0.00368956    0.00212342    0.00009215 
ksp              :   0.03245131    0.09967010    0.10000000    0.10000000    0.08714791    0.07068097    0.07068097    0.02807216 
max(|step|)      :   0.00000000    0.01947207    0.02581153    0.03431795    0.01663673    0.02407248    0.02041690    0.02006280    0.00080681 
angle (deg.)     :    54.5568  39.8084  48.0478  103.9190  122.0072  49.7073  45.2098 
>
iteration       : 24
climbing        : no
zoom on         : no
nim             : 9
barrier         :   0.10861570 (image:  3) 
distance        :   0.00000000    9.60905549   12.72493243   15.80254212   18.80755894   22.31001925   26.67827226   30.99770465   41.99111761 
energy          : -2464.54814530  -2464.50573852  -2464.44143474  -2464.43952960  -2464.45214352  -2464.48861897  -2464.46822317  -2464.50956780  -2464.52721847 
max(|Fr_perp|)   :   0.00000000    0.00302797    0.00488735    0.00577255    0.00449587    0.00313644    0.00110378    0.00108733    0.00000000 
Fr_paral         :   0.00000000   -0.01362827   -0.03027185    0.00684763    0.00320858    0.00580476    0.01026878    0.00493676    0.00000000 
max(|Fsp_paral|) :   0.00000000    0.00053313    0.00088974    0.00268934    0.00119826    0.00177856    0.00136557    0.00135605    0.00000000 
max(|Fsp_perp|)  :   0.00000000    0.00000000    0.00000000    0.00000000    0.00000000    0.00000000    0.00000000    0.00000000    0.00000000 
max(|FNEB|)      :   0.00000000    0.00312600    0.00482477    0.00560731    0.00409339    0.00341953    0.00231902    0.00244338    0.00000000 
max(|Force|)     :   0.00011681    0.00361463    0.01118990    0.00592843    0.00420239    0.00363757    0.00376506    0.00262538    0.00009215 
ksp              :   0.03204608    0.09804465    0.10000000    0.10000000    0.08705363    0.07055019    0.07055019    0.02811587 
max(|step|)      :   0.00000000    0.04434077    0.04990232    0.07624773    0.02765065    0.05130238    0.04548208    0.04101965    0.00175586 
angle (deg.)     :    54.4421  41.1943  45.2401  102.7088  121.6659  50.5733  45.8389 
>
iteration       : 25
climbing        : no
zoom on         : no
nim             : 9
barrier         :   0.10928355 (image:  3) 
distance        :   0.00000000    9.60651434   12.78936772   15.81422237   18.80686428   22.30235545   26.67541323   30.99622743   42.07295759 
energy          : -2464.54814530  -2464.50658912  -2464.44356728  -2464.43886175  -2464.45180816  -2464.48856478  -2464.46823615  -2464.50954543  -2464.52721847 
max(|Fr_perp|)   :   0.00000000    0.00633181    0.00844914    0.00462306    0.01741745    0.00474790    0.00144718    0.00191392    0.00000000 
Fr_paral         :   0.00000000   -0.01294418   -0.02910019    0.00865539    0.00298147    0.00373473    0.00988082    0.00491402    0.00000000 
max(|Fsp_paral|) :   0.00000000    0.00112193    0.00021087    0.00109130    0.00113590    0.00165061    0.00144571    0.00230874    0.00000000 
max(|Fsp_perp|)  :   0.00000000    0.00000000    0.00000000    0.00000000    0.00000000    0.00000000    0.00000000    0.00000000    0.00000000 
max(|FNEB|)      :   0.00000000    0.00669589    0.00846545    0.00484903    0.01701541    0.00460379    0.00241329    0.00315251    0.00000000 
max(|Force|)     :   0.00011681    0.00663753    0.00974256    0.00597105    0.01713132    0.00466658    0.00365203    0.00273999    0.00009215 
ksp              :   0.03101301    0.09520695    0.10000000    0.10000000    0.08681281    0.07007929    0.07007929    0.02800173 
max(|step|)      :   0.00000000    0.02661550    0.02875106    0.03571830    0.01720762    0.02872510    0.02765005    0.02206802    0.00097528 
angle (deg.)     :    54.3448  42.1640  43.9805  102.1773  121.5091  51.0334  46.2982 
>
iteration       : 26
climbing        : no
zoom on         : no
nim             : 9
barrier         :   0.10978419 (image:  3) 
distance        :   0.00000000    9.60831192   12.82154680   15.81441480   18.82442904   22.32482445   26.69522911   31.03646163   42.15164550 
energy          : -2464.54814530  -2464.50709839  -2464.44498007  -2464.43836111  -2464.45222476  -2464.48865734  -2464.46820589  -2464.50962234  -2464.52721847 
max(|Fr_perp|)   :   0.00000000    0.00527115    0.00289038    0.00515633    0.00261326    0.00339496    0.00101143    0.00087413    0.00000000 
Fr_paral         :   0.00000000   -0.01273326   -0.02892477    0.00911785    0.00327731    0.00279472    0.00958210    0.00482611    0.00000000 
max(|Fsp_paral|) :   0.00000000    0.00174079    0.00019098    0.00055715    0.00003090    0.00221187    0.00079980    0.00200209    0.00000000 
max(|Fsp_perp|)  :   0.00000000    0.00000000    0.00000000    0.00000000    0.00000000    0.00000000    0.00000000    0.00000000    0.00000000 
max(|FNEB|)      :   0.00000000    0.00479734    0.00279035    0.00506999    0.00262577    0.00306999    0.00181123    0.00287622    0.00000000 
max(|Force|)     :   0.00011681    0.00603557    0.00989835    0.00636410    0.00225419    0.00293120    0.00343985    0.00239407    0.00009215 
ksp              :   0.03037881    0.09329592    0.10000000    0.10000000    0.08595808    0.06977144    0.06977144    0.02782240 
max(|step|)      :   0.00000000    0.00694843    0.01558962    0.01918906    0.00875956    0.01439323    0.00170215    0.00931738    0.00018364 
angle (deg.)     :    54.3413  42.3488  44.6947  102.4715  121.5390  50.8485  46.3842 
>
iteration       : 27
climbing        : no
zoom on         : no
nim             : 9
barrier         :   0.10942105 (image:  3) 
distance        :   0.00000000    9.60601982   12.81544777   15.80223481   18.84122458   22.35378511   26.71373586   31.07638693   42.17421809 
energy          : -2464.54814530  -2464.50715112  -2464.44486558  -2464.43872425  -2464.45231446  -2464.48905615  -2464.46819726  -2464.50973263  -2464.52721847 
max(|Fr_perp|)   :   0.00000000    0.00222235    0.00262740    0.00330411    0.00444612    0.00304580    0.00071091    0.00063591    0.00000000 
Fr_paral         :   0.00000000   -0.01290394   -0.02976809    0.00848791    0.00322107    0.00373906    0.00952426    0.00470120    0.00000000 
max(|Fsp_paral|) :   0.00000000    0.00194002    0.00086335    0.00171673    0.00032405    0.00141047    0.00007435    0.00089672    0.00000000 
max(|Fsp_perp|)  :   0.00000000    0.00000000    0.00000000    0.00000000    0.00000000    0.00000000    0.00000000    0.00000000    0.00000000 
max(|FNEB|)      :   0.00000000    0.00270936    0.00254853    0.00502084    0.00457780    0.00244504    0.00071128    0.00138676    0.00000000 
max(|Force|)     :   0.00011681    0.00299796    0.01092416    0.00609543    0.00462271    0.00260285    0.00332311    0.00197525    0.00009215 
ksp              :   0.03040880    0.09375417    0.10000000    0.10000000    0.08617855    0.07002549    0.07002549    0.02778337 
max(|step|)      :   0.00000000    0.00897964    0.01775535    0.03033972    0.01130259    0.02071853    0.00522616    0.01248890    0.00011028 
angle (deg.)     :    54.1772  42.9507  45.7219  102.7132  121.5239  50.7218  46.5949 
>
iteration       : 28
climbing        : no
zoom on         : no
nim             : 9
barrier         :   0.10907739 (image:  3) 
distance        :   0.00000000    9.61702263   12.79797846   15.80015247   18.86524871   22.39543970   26.74387157   31.13462597   42.21862347 
energy          : -2464.54814530  -2464.50696708  -2464.44513414  -2464.43906791  -2464.45242549  -2464.48952264  -2464.46823616  -2464.50988924  -2464.52721847 
max(|Fr_perp|)   :   0.00000000    0.00209398    0.00397846    0.00407576    0.00334112    0.00245796    0.00070667    0.00060902    0.00000000 
Fr_paral         :   0.00000000   -0.01316007   -0.03046429    0.00739455    0.00313960    0.00480328    0.00940755    0.00456652    0.00000000 
max(|Fsp_paral|) :   0.00000000    0.00074649    0.00071982    0.00208477    0.00044866    0.00025248    0.00116897    0.00043532    0.00000000 
max(|Fsp_perp|)  :   0.00000000    0.00000000    0.00000000    0.00000000    0.00000000    0.00000000    0.00000000    0.00000000    0.00000000 
max(|FNEB|)      :   0.00000000    0.00224125    0.00402568    0.00437149    0.00319598    0.00220548    0.00143706    0.00081538    0.00000000 
max(|Force|)     :   0.00011681    0.00260145    0.01204288    0.00473672    0.00361989    0.00198190    0.00396850    0.00138060    0.00009215 
ksp              :   0.03067627    0.09380650    0.10000000    0.10000000    0.08636217    0.07021979    0.07021979    0.02769280 
max(|step|)      :   0.00000000    0.01624136    0.01861884    0.02657506    0.00926313    0.01668088    0.01686348    0.01291648    0.00043536 
angle (deg.)     :    54.0618  43.5763  46.3190  102.5921  121.4030  50.8680  46.8962 
>
iteration       : 29
climbing        : no
zoom on         : no
nim             : 9
barrier         :   0.10889619 (image:  3) 
distance        :   0.00000000    9.62911700   12.80539424   15.82044617   18.88844125   22.43070940   26.77905793   31.17940716   42.27656278 
energy          : -2464.54814530  -2464.50691376  -2464.44549102  -2464.43924911  -2464.45247600  -2464.48983540  -2464.46839322  -2464.50999678  -2464.52721847 
max(|Fr_perp|)   :   0.00000000    0.00830585    0.00434373    0.00433984    0.00355674    0.00603800    0.00102505    0.00134262    0.00000000 
Fr_paral         :   0.00000000   -0.01315994   -0.03085248    0.00671283    0.00308687    0.00538406    0.00933129    0.00447698    0.00000000 
max(|Fsp_paral|) :   0.00000000    0.00022538    0.00166384    0.00175784    0.00014048    0.00058992    0.00143382    0.00074347    0.00000000 
max(|Fsp_perp|)  :   0.00000000    0.00000000    0.00000000    0.00000000    0.00000000    0.00000000    0.00000000    0.00000000    0.00000000 
max(|FNEB|)      :   0.00000000    0.00837137    0.00444353    0.00436152    0.00354149    0.00613653    0.00150891    0.00170790    0.00000000 
max(|Force|)     :   0.00011681    0.00746322    0.01273276    0.00442937    0.00364952    0.00556068    0.00374111    0.00235200    0.00009215 
ksp              :   0.03077341    0.09361400    0.10000000    0.10000000    0.08646778    0.07018314    0.07018314    0.02761922 
max(|step|)      :   0.00000000    0.03470343    0.03912875    0.04194376    0.01976079    0.03636760    0.03675057    0.02887578    0.00108007 
angle (deg.)     :    53.8869  44.6505  46.8624  102.1413  121.1239  51.3386  47.4864 
>
iteration       : 30
climbing        : no
zoom on         : no
nim             : 9
barrier         :   0.10881046 (image:  3) 
distance        :   0.00000000    9.65320267   12.83744904   15.86442105   18.92808833   22.48643574   26.84178289   31.25148195   42.38982305 
energy          : -2464.54814530  -2464.50704961  -2464.44614863  -2464.43933484  -2464.45259331  -2464.49031661  -2464.46868486  -2464.51015248  -2464.52721847 
max(|Fr_perp|)   :   0.00000000    0.00176417    0.00273160    0.00267357    0.00134945    0.00199645    0.00069051    0.00129968    0.00000000 
Fr_paral         :   0.00000000   -0.01303940   -0.03123245    0.00602639    0.00306184    0.00548398    0.00913196    0.00433888    0.00000000 
max(|Fsp_paral|) :   0.00000000    0.00006370    0.00264099    0.00121439    0.00032347    0.00151613    0.00148745    0.00076104    0.00000000 
max(|Fsp_perp|)  :   0.00000000    0.00000000    0.00000000    0.00000000    0.00000000    0.00000000    0.00000000    0.00000000    0.00000000 
max(|FNEB|)      :   0.00000000    0.00178224    0.00299999    0.00273635    0.00147801    0.00271596    0.00181849    0.00167718    0.00000000 
max(|Force|)     :   0.00011681    0.00274714    0.01323224    0.00285270    0.00169065    0.00271807    0.00390416    0.00227793    0.00009215 
ksp              :   0.03065456    0.09302213    0.10000000    0.10000000    0.08642225    0.06994319    0.06994319    0.02747697 
max(|step|)      :   0.00000000    0.06385310    0.07027415    0.07291055    0.03663934    0.06874514    0.06884614    0.05491856    0.00211619 
angle (deg.)     :    53.6375  45.9748  46.9693  101.1914  120.5441  52.4219  48.5296 
>
iteration       : 31
climbing        : no
zoom on         : no
nim             : 9
barrier         :   0.10880626 (image:  3) 
distance        :   0.00000000    9.70873648   12.92099137   15.93752018   18.98429729   22.55481019   26.93365903   31.35175793   42.57954484 
energy          : -2464.54814530  -2464.50701707  -2464.44672941  -2464.43933904  -2464.45276342  -2464.49090383  -2464.46915711  -2464.51035833  -2464.52721847 
max(|Fr_perp|)   :   0.00000000    0.00749945    0.00723992    0.00364912    0.00160324    0.00227816    0.00093558    0.00245615    0.00000000 
Fr_paral         :   0.00000000   -0.01263043   -0.03090786    0.00579770    0.00300323    0.00503100    0.00883217    0.00418987    0.00000000 
max(|Fsp_paral|) :   0.00000000    0.00022482    0.00196605    0.00100085    0.00093573    0.00195313    0.00105944    0.00023891    0.00000000 
max(|Fsp_perp|)  :   0.00000000    0.00000000    0.00000000    0.00000000    0.00000000    0.00000000    0.00000000    0.00000000    0.00000000 
max(|FNEB|)      :   0.00000000    0.00743014    0.00714883    0.00401562    0.00196866    0.00267163    0.00122804    0.00233052    0.00000000 
max(|Force|)     :   0.00011681    0.00665543    0.01368376    0.00435199    0.00193731    0.00263732    0.00360065    0.00316369    0.00009215 
ksp              :   0.03068887    0.09243129    0.10000000    0.10000000    0.08625168    0.06946241    0.06946241    0.02726698 
max(|step|)      :   0.00000000    0.08727764    0.09641687    0.10000000    0.04996908    0.09568626    0.09375402    0.07580164    0.00297346 
angle (deg.)     :    53.3685  47.4911  46.7234  99.8883  119.7616  54.0439  49.9493 
>
iteration       : 32
climbing        : no
zoom on         : no
nim             : 9
barrier         :   0.10883645 (image:  3) 
distance        :   0.00000000    9.79144205   13.04904728   16.04691616   19.07524098   22.66316851   27.08596406   31.51513988   42.87518094 
energy          : -2464.54814530  -2464.50696053  -2464.44746641  -2464.43930885  -2464.45293093  -2464.49153354  -2464.46968489  -2464.51059668  -2464.52721847 
max(|Fr_perp|)   :   0.00000000    0.00664546    0.00369789    0.00712334    0.00708930    0.00210815    0.00119376    0.00097980    0.00000000 
Fr_paral         :   0.00000000   -0.01212489   -0.03024838    0.00616719    0.00291949    0.00445422    0.00845602    0.00399582    0.00000000 
max(|Fsp_paral|) :   0.00000000    0.00052816    0.00052694    0.00100411    0.00169914    0.00201963    0.00017085    0.00056106    0.00000000 
max(|Fsp_perp|)  :   0.00000000    0.00000000    0.00000000    0.00000000    0.00000000    0.00000000    0.00000000    0.00000000    0.00000000 
max(|FNEB|)      :   0.00000000    0.00708559    0.00384853    0.00748908    0.00729142    0.00234512    0.00120315    0.00107378    0.00000000 
max(|Force|)     :   0.00011681    0.00768284    0.01316441    0.00757511    0.00713930    0.00226719    0.00293639    0.00138602    0.00009215 
ksp              :   0.03074358    0.09164252    0.10000000    0.10000000    0.08605142    0.06889557    0.06889557    0.02701558 
max(|step|)      :   0.00000000    0.00958795    0.00520768    0.01013394    0.00986648    0.00317333    0.00162806    0.00145300    0.00000000 
angle (deg.)     :    53.3945  47.3756  46.6579  100.0380  119.7436  54.0351  49.9670 
>
iteration       : 33
climbing        : no
zoom on         : no
nim             : 9
barrier         :   0.10863347 (image:  3) 
distance        :   0.00000000    9.78946580   13.05039017   16.05009448   19.08217050   22.66509168   27.08685884   31.51760937   42.87619461 
energy          : -2464.54814530  -2464.50705770  -2464.44750776  -2464.43951184  -2464.45300607  -2464.49156253  -2464.46970178  -2464.51061384  -2464.52721847 
max(|Fr_perp|)   :   0.00000000    0.00445162    0.00189077    0.00375354    0.00469998    0.00179529    0.00100612    0.00059320    0.00000000 
Fr_paral         :   0.00000000   -0.01212340   -0.03036258    0.00623043    0.00294886    0.00460693    0.00843495    0.00396730    0.00000000 
max(|Fsp_paral|) :   0.00000000    0.00023055    0.00026704    0.00106678    0.00157748    0.00174743    0.00023858    0.00042151    0.00000000 
max(|Fsp_perp|)  :   0.00000000    0.00000000    0.00000000    0.00000000    0.00000000    0.00000000    0.00000000    0.00000000    0.00000000 
max(|FNEB|)      :   0.00000000    0.00438180    0.00191017    0.00370407    0.00515212    0.00207778    0.00101275    0.00065556    0.00000000 
max(|Force|)     :   0.00011681    0.00385683    0.01320829    0.00404298    0.00494366    0.00227900    0.00367467    0.00120741    0.00009215 
ksp              :   0.03068794    0.09179500    0.10000000    0.10000000    0.08615291    0.06902064    0.06902064    0.02703881 
max(|step|)      :   0.00000000    0.00139421    0.00256926    0.00517634    0.00239865    0.00277468    0.00139418    0.00088272    0.00000808 
angle (deg.)     :    53.4135  47.2735  46.6051  100.1810  119.7232  54.0252  49.9807 
>
iteration       : 34
climbing        : no
zoom on         : no
nim             : 9
barrier         :   0.10851524 (image:  3) 
distance        :   0.00000000    9.78836732   13.05088344   16.05319371   19.08846272   22.66709918   27.08807447   31.51975469   42.87718936 
energy          : -2464.54814530  -2464.50710380  -2464.44752835  -2464.43963006  -2464.45304846  -2464.49158135  -2464.46971623  -2464.51062701  -2464.52721847 
max(|Fr_perp|)   :   0.00000000    0.00312202    0.00199100    0.00388823    0.00316845    0.00153659    0.00090165    0.00056696    0.00000000 
Fr_paral         :   0.00000000   -0.01214490   -0.03037022    0.00631380    0.00294129    0.00476434    0.00845600    0.00396340    0.00000000 
max(|Fsp_paral|) :   0.00000000    0.00008966    0.00019237    0.00108687    0.00144047    0.00155202    0.00028482    0.00033294    0.00000000 
max(|Fsp_perp|)  :   0.00000000    0.00000000    0.00000000    0.00000000    0.00000000    0.00000000    0.00000000    0.00000000    0.00000000 
max(|FNEB|)      :   0.00000000    0.00309499    0.00198540    0.00379813    0.00358201    0.00194876    0.00090961    0.00061609    0.00000000 
max(|Force|)     :   0.00011681    0.00290942    0.01313236    0.00371563    0.00341197    0.00227956    0.00365838    0.00114052    0.00009215 
ksp              :   0.03066849    0.09188425    0.10000000    0.10000000    0.08621215    0.06908546    0.06908546    0.02704828 
max(|step|)      :   0.00000000    0.01586180    0.03067656    0.06549408    0.02999154    0.03782241    0.01805880    0.01204306    0.00053864 
angle (deg.)     :    53.6389  45.9874  46.2240  102.1076  119.4737  53.9185  50.1493 
>
iteration       : 35
climbing        : no
zoom on         : no
nim             : 9
barrier         :   0.10755649 (image:  3) 
distance        :   0.00000000    9.78224042   13.05162988   16.10353882   19.17945106   22.70507534   27.11955049   31.55665353   42.90153096 
energy          : -2464.54814530  -2464.50730185  -2464.44748375  -2464.44058881  -2464.45336653  -2464.49149743  -2464.46991185  -2464.51078017  -2464.52721847 
max(|Fr_perp|)   :   0.00000000    0.00438751    0.00464375    0.00902507    0.00533171    0.00142399    0.00095391    0.00142039    0.00000000 
Fr_paral         :   0.00000000   -0.01229832   -0.02996801    0.00717588    0.00282175    0.00645400    0.00877458    0.00396388    0.00000000 
max(|Fsp_paral|) :   0.00000000    0.00070618    0.00069294    0.00079823    0.00053113    0.00060399    0.00061232    0.00043100    0.00000000 
max(|Fsp_perp|)  :   0.00000000    0.00000000    0.00000000    0.00000000    0.00000000    0.00000000    0.00000000    0.00000000    0.00000000 
max(|FNEB|)      :   0.00000000    0.00459826    0.00465925    0.00908998    0.00518421    0.00159692    0.00130573    0.00137269    0.00000000 
max(|Force|)     :   0.00011681    0.00471527    0.01247530    0.00921913    0.00555903    0.00235004    0.00345766    0.00186526    0.00009215 
ksp              :   0.03069148    0.09283681    0.10000000    0.10000000    0.08672516    0.06953614    0.06953614    0.02707783 
max(|step|)      :   0.00000000    0.01716109    0.01496828    0.02310368    0.02072112    0.01719725    0.00872244    0.00750692    0.00022691 
angle (deg.)     :    53.7246  45.2135  46.3553  102.8183  119.3837  53.8754  50.2050 
>
iteration       : 36
climbing        : no
zoom on         : no
nim             : 9
barrier         :   0.10743181 (image:  3) 
distance        :   0.00000000    9.79036717   13.04835849   16.12963232   19.21187112   22.71903061   27.13613953   31.56400308   42.90826103 
energy          : -2464.54814530  -2464.50708536  -2464.44722093  -2464.44071349  -2464.45324104  -2464.49139952  -2464.47007315  -2464.51083594  -2464.52721847 
max(|Fr_perp|)   :   0.00000000    0.01389819    0.00771366    0.01437280    0.01638911    0.00166410    0.00158465    0.00135811    0.00000000 
Fr_paral         :   0.00000000   -0.01201891   -0.02962175    0.00714265    0.00265045    0.00651800    0.00877423    0.00393600    0.00000000 
max(|Fsp_paral|) :   0.00000000    0.00016431    0.00180698    0.00003223    0.00093901    0.00089576    0.00029126    0.00023523    0.00000000 
max(|Fsp_perp|)  :   0.00000000    0.00000000    0.00000000    0.00000000    0.00000000    0.00000000    0.00000000    0.00000000    0.00000000 
max(|FNEB|)      :   0.00000000    0.01385233    0.00765857    0.01437023    0.01666254    0.00174798    0.00153435    0.00138497    0.00000000 
max(|Force|)     :   0.00011681    0.01462009    0.01214347    0.01418264    0.01616398    0.00288575    0.00442950    0.00155470    0.00009215 
ksp              :   0.03094653    0.09322964    0.10000000    0.10000000    0.08696631    0.06945414    0.06945414    0.02704443 
max(|step|)      :   0.00000000    0.01088197    0.00783442    0.01624079    0.01386191    0.01038248    0.00477167    0.00342532    0.00014305 
angle (deg.)     :    53.6702  45.5604  46.3234  102.3316  119.4472  53.8906  50.1658 
>
iteration       : 37
climbing        : no
zoom on         : no
nim             : 9
barrier         :   0.10724383 (image:  3) 
distance        :   0.00000000    9.78846991   13.04982983   16.11249296   19.18572396   22.70516611   27.12204133   31.55154099   42.89779648 
energy          : -2464.54814530  -2464.50728420  -2464.44738619  -2464.44090147  -2464.45344700  -2464.49151766  -2464.47000989  -2464.51080387  -2464.52721847 
max(|Fr_perp|)   :   0.00000000    0.00257370    0.00144365    0.00271083    0.00308261    0.00081970    0.00070327    0.00067601    0.00000000 
Fr_paral         :   0.00000000   -0.01219785   -0.02984344    0.00708463    0.00282373    0.00633073    0.00875662    0.00396465    0.00000000 
max(|Fsp_paral|) :   0.00000000    0.00059026    0.00090269    0.00035408    0.00041213    0.00086578    0.00034229    0.00027532    0.00000000 
max(|Fsp_perp|)  :   0.00000000    0.00000000    0.00000000    0.00000000    0.00000000    0.00000000    0.00000000    0.00000000    0.00000000 
max(|FNEB|)      :   0.00000000    0.00240155    0.00141983    0.00268274    0.00319912    0.00085226    0.00070822    0.00070711    0.00000000 
max(|Force|)     :   0.00011681    0.00333778    0.01238294    0.00280520    0.00285028    0.00270676    0.00346833    0.00110685    0.00009215 
ksp              :   0.03078483    0.09323859    0.10000000    0.10000000    0.08691918    0.06964957    0.06964957    0.02711499 
max(|step|)      :   0.00000000    0.00161993    0.00207880    0.00246002    0.00212411    0.00105396    0.00130880    0.00132282    0.00002557 
angle (deg.)     :    53.6726  45.4434  46.3708  102.3484  119.4543  53.8722  50.1689 
>
