NEB log file generated by ORCA
All quantities are given in atomic units. Unless stated otherwise. 
iteration       : 0
climbing        : no
zoom on         : no
nim             : 10
barrier         :   0.22326290 (image:  6) 
distance        :   0.00000000    2.83500263    5.67744379    8.53190499   11.39368060   14.26358171   17.14505150   20.03629295   22.93111313   25.82214884 
energy          : -1757.32855742  -1757.31250710  -1757.27572867  -1757.23401276  -1757.19137104  -1757.16105897  -1757.10529452  -1757.21818201  -1757.32603244  -1757.38189216 
max(|Fr_perp|)   :   0.00000000    0.03321391    0.05526079    0.08866505    0.11274661    0.09088496    0.08075936    0.07103040    0.06633749    0.00000000 
Fr_paral         :   0.00000000   -0.00956453   -0.01136433   -0.00067976    0.00951573   -0.01231946   -0.02393302    0.04478738    0.03184901    0.00000000 
max(|Fsp_paral|) :   0.00000000    0.01657721    0.02148271    0.02666545    0.02743847    0.04407449    0.00059313    0.05573055    0.04162117    0.00000000 
max(|Fsp_perp|)  :   0.00000000    0.00000000    0.00000000    0.00000000    0.00000000    0.00000000    0.00000000    0.00000000    0.00000000    0.00000000 
max(|FNEB|)      :   0.00000000    0.03476710    0.05338497    0.08454706    0.11776528    0.10457221    0.08082629    0.08366132    0.06086555    0.00000000 
max(|Force|)     :   0.00011019    0.03456963    0.05573204    0.08874617    0.11409948    0.08845360    0.08183082    0.07607527    0.06794963    0.00021577 
ksp              :   0.01647235    0.03130156    0.04812223    0.06531940    0.07753415    0.10000000    0.10000000    0.05449413    0.01102912 
max(|step|)      :   0.00000000    0.02952237    0.04533167    0.07179286    0.10000000    0.08879715    0.06863338    0.07104074    0.05168378    0.00000000 
angle (deg.)     :    10.7508  15.6042  30.8648  38.1941  41.4309  37.1350  30.2807  15.2219 
>
iteration       : 1
climbing        : no
zoom on         : no
nim             : 10
barrier         :   0.21018289 (image:  6) 
distance        :   0.00000000    2.86988043    5.71219000    8.54758831   11.36214558   14.23085415   17.05799726   19.83932153   22.72404047   25.72083646 
energy          : -1757.32855742  -1757.31534896  -1757.28386896  -1757.24901205  -1757.21570916  -1757.18217050  -1757.11837453  -1757.22630771  -1757.33599741  -1757.38189216 
max(|Fr_perp|)   :   0.00000000    0.02878301    0.04647945    0.07868257    0.10459061    0.07186447    0.03616725    0.06450633    0.05880319    0.00000000 
Fr_paral         :   0.00000000   -0.00798547   -0.00936602    0.00086438    0.00700581   -0.01764619   -0.02511935    0.05036857    0.03110470    0.00000000 
max(|Fsp_paral|) :   0.00000000    0.01491349    0.01868925    0.02097813    0.03439997    0.05052473    0.00281543    0.05160267    0.04111896    0.00000000 
max(|Fsp_perp|)  :   0.00000000    0.00000000    0.00000000    0.00000000    0.00000000    0.00000000    0.00000000    0.00000000    0.00000000    0.00000000 
max(|FNEB|)      :   0.00000000    0.02594281    0.04443827    0.07575180    0.11006543    0.08618966    0.03528926    0.08124468    0.05698217    0.00000000 
max(|Force|)     :   0.00011019    0.03013523    0.04732832    0.07861797    0.10545532    0.06845807    0.03532721    0.07087058    0.06668321    0.00021577 
ksp              :   0.01565584    0.02913553    0.04406121    0.05832146    0.07268266    0.10000000    0.10000000    0.05378317    0.01000000 
max(|step|)      :   0.00000000    0.02383157    0.04048223    0.06875651    0.10000000    0.07793121    0.03207693    0.07257461    0.05057713    0.00279421 
angle (deg.)     :    10.7297  15.3836  30.4338  37.6177  39.9127  38.3593  29.8602  15.9772 
>
iteration       : 2
climbing        : no
zoom on         : no
nim             : 10
barrier         :   0.20441775 (image:  6) 
distance        :   0.00000000    2.90324986    5.74415150    8.55837352   11.34260121   14.21326646   16.97191547   19.64922327   22.52158234   25.63277234 
energy          : -1757.32855742  -1757.31726775  -1757.29004205  -1757.26097354  -1757.23459132  -1757.19447066  -1757.12413967  -1757.23310268  -1757.34393310  -1757.38189216 
max(|Fr_perp|)   :   0.00000000    0.02450815    0.04270123    0.06706114    0.09205089    0.06043113    0.03179040    0.06422775    0.05583501    0.00000000 
Fr_paral         :   0.00000000   -0.00681559   -0.00779046    0.00193495    0.00354354   -0.02223662   -0.02601749    0.05616584    0.02988504    0.00000000 
max(|Fsp_paral|) :   0.00000000    0.01308904    0.01566037    0.01659916    0.04294397    0.05357321    0.00501733    0.04901116    0.03858422    0.00000000 
max(|Fsp_perp|)  :   0.00000000    0.00000000    0.00000000    0.00000000    0.00000000    0.00000000    0.00000000    0.00000000    0.00000000    0.00000000 
max(|FNEB|)      :   0.00000000    0.01911641    0.03965993    0.06509340    0.09803607    0.07451332    0.03032857    0.07975044    0.05339705    0.00000000 
max(|Force|)     :   0.00011019    0.02563094    0.04338793    0.06697277    0.09247441    0.05769315    0.03208931    0.07419949    0.06330921    0.00021577 
ksp              :   0.01497228    0.02696343    0.03976769    0.05139030    0.06904425    0.10000000    0.10000000    0.05203174    0.01000000 
max(|step|)      :   0.00000000    0.01949936    0.04045442    0.06639740    0.10000000    0.07600603    0.03093614    0.08134807    0.05446674    0.00000000 
angle (deg.)     :    10.7029  15.1316  30.2107  36.9353  38.1884  39.9844  29.7417  16.9147 
>
iteration       : 3
climbing        : no
zoom on         : no
nim             : 10
barrier         :   0.19936990 (image:  6) 
distance        :   0.00000000    2.93609913    5.77365087    8.56493450   11.33944598   14.20810435   16.88090707   19.44905508   22.31412173   25.55059902 
energy          : -1757.32855742  -1757.31877094  -1757.29545936  -1757.27167872  -1757.25112780  -1757.20463378  -1757.12918753  -1757.23974524  -1757.35037729  -1757.38189216 
max(|Fr_perp|)   :   0.00000000    0.02025237    0.03777131    0.05387063    0.07534111    0.05318262    0.02896129    0.06498275    0.05021411    0.00000000 
Fr_paral         :   0.00000000   -0.00581358   -0.00640630    0.00281025   -0.00005798   -0.02626699   -0.02766118    0.06258298    0.02797292    0.00000000 
max(|Fsp_paral|) :   0.00000000    0.01127201    0.01276901    0.01336962    0.05035896    0.05466636    0.00649195    0.04632833    0.03592924    0.00000000 
max(|Fsp_perp|)  :   0.00000000    0.00000000    0.00000000    0.00000000    0.00000000    0.00000000    0.00000000    0.00000000    0.00000000    0.00000000 
max(|FNEB|)      :   0.00000000    0.01581858    0.03541554    0.05255951    0.08137496    0.06647060    0.02717044    0.07745546    0.04768227    0.00000000 
max(|Force|)     :   0.00011019    0.02115872    0.03829513    0.05372408    0.07533568    0.05907730    0.03391761    0.07767858    0.05705453    0.00021577 
ksp              :   0.01441784    0.02494120    0.03567631    0.04495345    0.06594189    0.10000000    0.10000000    0.05009179    0.01000000 
max(|step|)      :   0.00000000    0.01614796    0.04096081    0.05839301    0.08483413    0.07624989    0.03423222    0.10000000    0.05463963    0.00291182 
angle (deg.)     :    10.6580  14.8446  30.4872  35.8581  35.9778  42.2513  30.2312  17.8868 
>
iteration       : 4
climbing        : no
zoom on         : no
nim             : 10
barrier         :   0.19344140 (image:  6) 
distance        :   0.00000000    2.96512331    5.79382556    8.56159611   11.37843497   14.22337098   16.77330050   19.21095136   22.08579790   25.46546146 
energy          : -1757.32855742  -1757.31996586  -1757.30019975  -1757.28094395  -1757.26420260  -1757.21396424  -1757.13511602  -1757.24607330  -1757.35461831  -1757.38189216 
max(|Fr_perp|)   :   0.00000000    0.01740714    0.03257841    0.04263242    0.05976161    0.04959780    0.02948073    0.06360690    0.04326779    0.00000000 
Fr_paral         :   0.00000000   -0.00498986   -0.00528029    0.00329120   -0.00338205   -0.02970162   -0.02923376    0.07076113    0.02594753    0.00000000 
max(|Fsp_paral|) :   0.00000000    0.00958098    0.01035951    0.01261722    0.05281245    0.05318907    0.00704462    0.04225833    0.03363813    0.00000000 
max(|Fsp_perp|)  :   0.00000000    0.00000000    0.00000000    0.00000000    0.00000000    0.00000000    0.00000000    0.00000000    0.00000000    0.00000000 
max(|FNEB|)      :   0.00000000    0.01385912    0.03081146    0.04314311    0.06559931    0.06163197    0.02767972    0.07309611    0.04216428    0.00000000 
max(|Force|)     :   0.00011019    0.01815535    0.03299558    0.04254071    0.05952691    0.05996989    0.03632899    0.08043980    0.04936562    0.00021577 
ksp              :   0.01399842    0.02319800    0.03216112    0.03995342    0.06332220    0.10000000    0.10000000    0.04838047    0.01000000 
max(|step|)      :   0.00000000    0.01896013    0.04215198    0.05902244    0.08974391    0.08431634    0.03786756    0.10000000    0.05768334    0.00000000 
angle (deg.)     :    10.6460  14.6155  30.5719  35.0522  33.9231  44.9506  31.4579  19.0917 
>
iteration       : 5
climbing        : no
zoom on         : no
nim             : 10
barrier         :   0.18726627 (image:  6) 
distance        :   0.00000000    2.99710245    5.81899844    8.56705903   11.41203589   14.24469083   16.68014348   18.99670937   21.87824528   25.40977375 
energy          : -1757.32855742  -1757.32108205  -1757.30442266  -1757.28896761  -1757.27483844  -1757.22304914  -1757.14129115  -1757.25208642  -1757.35791428  -1757.38189216 
max(|Fr_perp|)   :   0.00000000    0.01301801    0.02549282    0.03155265    0.03571749    0.04316544    0.02770152    0.05977022    0.03199403    0.00000000 
Fr_paral         :   0.00000000   -0.00426029   -0.00435189    0.00296781   -0.00585642   -0.03279135   -0.03207467    0.07835478    0.02342420    0.00000000 
max(|Fsp_paral|) :   0.00000000    0.00805160    0.00832160    0.01191951    0.05461963    0.05169308    0.00754441    0.03845644    0.03133412    0.00000000 
max(|Fsp_perp|)  :   0.00000000    0.00000000    0.00000000    0.00000000    0.00000000    0.00000000    0.00000000    0.00000000    0.00000000    0.00000000 
max(|FNEB|)      :   0.00000000    0.01045450    0.02416335    0.03367113    0.04099078    0.05383712    0.02601285    0.06756599    0.03787125    0.00000000 
max(|Force|)     :   0.00011019    0.01361349    0.02580029    0.03183673    0.03527670    0.06008166    0.03882264    0.08132830    0.03724621    0.00021577 
ksp              :   0.01359265    0.02159914    0.02902683    0.03581730    0.06070718    0.10000000    0.10000000    0.04675189    0.01000000 
max(|step|)      :   0.00000000    0.01522326    0.03304173    0.04574037    0.05567502    0.07749400    0.04029013    0.10000000    0.05532260    0.00244139 
angle (deg.)     :    10.6499  14.4771  30.8372  34.2154  31.9383  47.9381  33.6312  20.2031 
>
iteration       : 6
climbing        : no
zoom on         : no
nim             : 10
barrier         :   0.18066610 (image:  6) 
distance        :   0.00000000    3.02462859    5.83848131    8.57536455   11.46943389   14.28374662   16.59672901   18.79197238   21.68799063   25.37468419 
energy          : -1757.32855742  -1757.32189182  -1757.30749565  -1757.29444876  -1757.28075760  -1757.23072073  -1757.14789132  -1757.25542551  -1757.35884612  -1757.38189216 
max(|Fr_perp|)   :   0.00000000    0.01046626    0.02009745    0.02347637    0.02367461    0.03801339    0.02827447    0.05339226    0.02608628    0.00000000 
Fr_paral         :   0.00000000   -0.00373507   -0.00375563    0.00212780   -0.00714837   -0.03469832   -0.03376256    0.08534546    0.02261365    0.00000000 
max(|Fsp_paral|) :   0.00000000    0.00693464    0.00715676    0.01305320    0.05217709    0.04829938    0.00756266    0.03328293    0.03026374    0.00000000 
max(|Fsp_perp|)  :   0.00000000    0.00000000    0.00000000    0.00000000    0.00000000    0.00000000    0.00000000    0.00000000    0.00000000    0.00000000 
max(|FNEB|)      :   0.00000000    0.00903133    0.01903610    0.02576782    0.03433237    0.04726331    0.02754455    0.05981294    0.03631219    0.00000000 
max(|Force|)     :   0.00011019    0.01097118    0.02036017    0.02369846    0.02337905    0.05947672    0.04166306    0.08029062    0.03086021    0.00021577 
ksp              :   0.01332133    0.02049505    0.02699615    0.03381600    0.05874240    0.10000000    0.10000000    0.04643022    0.01000000 
max(|step|)      :   0.00000000    0.01509929    0.03182606    0.04308068    0.05739958    0.07901855    0.04605115    0.10000000    0.06070960    0.00000000 
angle (deg.)     :    10.6715  14.4028  31.0411  33.4822  30.1474  51.1415  36.5780  21.4854 
>
iteration       : 7
climbing        : no
zoom on         : no
nim             : 10
barrier         :   0.17338320 (image:  6) 
distance        :   0.00000000    3.05279309    5.85948636    8.59098414   11.53232117   14.33276135   16.52032106   18.60228802   21.50407866   25.36098439 
energy          : -1757.32855742  -1757.32260733  -1757.31013349  -1757.29889897  -1757.28523021  -1757.23795123  -1757.15517422  -1757.25743049  -1757.35915791  -1757.38189216 
max(|Fr_perp|)   :   0.00000000    0.00872541    0.01476068    0.01987485    0.01647693    0.03319285    0.02801697    0.04477022    0.01740335    0.00000000 
Fr_paral         :   0.00000000   -0.00332453   -0.00335088    0.00093977   -0.00795185   -0.03595027   -0.03850061    0.09038605    0.02207595    0.00000000 
max(|Fsp_paral|) :   0.00000000    0.00597678    0.00636474    0.01439502    0.04909976    0.04383102    0.00686643    0.02787770    0.02967304    0.00000000 
max(|Fsp_perp|)  :   0.00000000    0.00000000    0.00000000    0.00000000    0.00000000    0.00000000    0.00000000    0.00000000    0.00000000    0.00000000 
max(|FNEB|)      :   0.00000000    0.00913249    0.01449864    0.01695777    0.03583709    0.04100205    0.02674480    0.05065443    0.03529267    0.00000000 
max(|Force|)     :   0.00011019    0.00863490    0.01505268    0.01977021    0.01934897    0.05802098    0.04469158    0.07709420    0.02177202    0.00021577 
ksp              :   0.01308858    0.01956352    0.02539515    0.03249035    0.05703199    0.10000000    0.10000000    0.04692067    0.01000000 
max(|step|)      :   0.00000000    0.01553474    0.02856108    0.03710248    0.06659190    0.08033175    0.04988150    0.10000000    0.06560045    0.00220668 
angle (deg.)     :    10.7184  14.4077  31.2648  32.8022  28.5817  54.8624  40.5690  22.8565 
>
iteration       : 8
climbing        : no
zoom on         : no
nim             : 10
barrier         :   0.16505279 (image:  6) 
distance        :   0.00000000    3.08172656    5.88213144    8.61453036   11.60671026   14.39443935   16.45470133   18.43439443   21.33074880   25.37756336 
energy          : -1757.32855742  -1757.32330509  -1757.31254476  -1757.30257669  -1757.28862452  -1757.24489467  -1757.16350463  -1757.25775011  -1757.35863204  -1757.38189216 
max(|Fr_perp|)   :   0.00000000    0.00700823    0.01336203    0.01786686    0.01596829    0.02841524    0.02818610    0.03480505    0.01206678    0.00000000 
Fr_paral         :   0.00000000   -0.00291663   -0.00305356   -0.00032428   -0.00847440   -0.03615655   -0.04171165    0.09382486    0.02248851    0.00000000 
max(|Fsp_paral|) :   0.00000000    0.00512930    0.00595842    0.01612982    0.04521599    0.03830564    0.00529255    0.02294571    0.02977797    0.00000000 
max(|Fsp_perp|)  :   0.00000000    0.00000000    0.00000000    0.00000000    0.00000000    0.00000000    0.00000000    0.00000000    0.00000000    0.00000000 
max(|FNEB|)      :   0.00000000    0.00668717    0.01222262    0.01455121    0.03565089    0.03506861    0.02735955    0.03993956    0.03521762    0.00000000 
max(|Force|)     :   0.00011019    0.00722577    0.01362604    0.01790817    0.01595990    0.05560955    0.04799740    0.07246143    0.01540249    0.00021577 
ksp              :   0.01286438    0.01873284    0.02416894    0.03177574    0.05562247    0.10000000    0.10000000    0.04860280    0.01000000 
max(|step|)      :   0.00000000    0.01674323    0.03060279    0.03643309    0.08926212    0.08780420    0.06850238    0.10000000    0.08817729    0.00000000 
angle (deg.)     :    10.8110  14.6065  31.4381  32.0641  27.4694  58.5930  45.4667  24.4937 
>
iteration       : 9
climbing        : no
zoom on         : no
nim             : 10
barrier         :   0.15440578 (image:  6) 
distance        :   0.00000000    3.11313112    5.91042432    8.66120867   11.70807632   14.47808036   16.40142416   18.27810802   21.11106315   25.41649213 
energy          : -1757.32855742  -1757.32393087  -1757.31467318  -1757.30588292  -1757.29182204  -1757.25241346  -1757.17415164  -1757.25548189  -1757.35682435  -1757.38189216 
max(|Fr_perp|)   :   0.00000000    0.00613821    0.01170454    0.01552676    0.01492032    0.02682863    0.02892403    0.02546223    0.01317971    0.00000000 
Fr_paral         :   0.00000000   -0.00256908   -0.00275444   -0.00120377   -0.00866066   -0.03518735   -0.04607427    0.09718967    0.02441399    0.00000000 
max(|Fsp_paral|) :   0.00000000    0.00444210    0.00578280    0.01794005    0.04039837    0.03164147    0.00308843    0.01720993    0.03038937    0.00000000 
max(|Fsp_perp|)  :   0.00000000    0.00000000    0.00000000    0.00000000    0.00000000    0.00000000    0.00000000    0.00000000    0.00000000    0.00000000 
max(|FNEB|)      :   0.00000000    0.00575750    0.01062262    0.01587636    0.03055369    0.03225537    0.02855117    0.02995693    0.03596693    0.00000000 
max(|Force|)     :   0.00011019    0.00631309    0.01192941    0.01566937    0.01621402    0.05208551    0.05209020    0.06871472    0.01616132    0.00021577 
ksp              :   0.01269672    0.01809284    0.02321651    0.03141231    0.05438277    0.10000000    0.10000000    0.05259425    0.01000000 
max(|step|)      :   0.00000000    0.01677838    0.03032145    0.04479703    0.08842841    0.09171484    0.08019120    0.08670294    0.10000000    0.00376915 
angle (deg.)     :    10.9382  14.9554  31.4920  31.3567  26.9190  61.9206  50.2877  26.2681 
>
iteration       : 10
climbing        : no
zoom on         : no
nim             : 10
barrier         :   0.14276499 (image:  6) 
distance        :   0.00000000    3.14458765    5.94314373    8.72526923   11.81949632   14.56829123   16.36848135   18.16894064   20.86630373   25.47805969 
energy          : -1757.32855742  -1757.32445364  -1757.31640722  -1757.30858144  -1757.29461225  -1757.25967696  -1757.18579243  -1757.25320738  -1757.35379866  -1757.38189216 
max(|Fr_perp|)   :   0.00000000    0.00544282    0.01022412    0.01328364    0.01489670    0.02504167    0.02844312    0.01766739    0.01321765    0.00000000 
Fr_paral         :   0.00000000   -0.00228777   -0.00250549   -0.00196541   -0.00848778   -0.03310484   -0.05411761    0.09865997    0.02672994    0.00000000 
max(|Fsp_paral|) :   0.00000000    0.00394755    0.00582268    0.01950883    0.03557212    0.02524478    0.00002062    0.01206183    0.03083964    0.00000000 
max(|Fsp_perp|)  :   0.00000000    0.00000000    0.00000000    0.00000000    0.00000000    0.00000000    0.00000000    0.00000000    0.00000000    0.00000000 
max(|FNEB|)      :   0.00000000    0.00504404    0.00946612    0.01757570    0.02671003    0.02915707    0.02844806    0.02262471    0.03566011    0.00000000 
max(|Force|)     :   0.00011019    0.00558845    0.01042684    0.01352952    0.01510925    0.04747687    0.05614789    0.06530730    0.01782788    0.00021577 
ksp              :   0.01258733    0.01766084    0.02259449    0.03139982    0.05342456    0.10000000    0.10000000    0.05749192    0.01000000 
max(|step|)      :   0.00000000    0.01414476    0.02654542    0.04928673    0.07490172    0.08176382    0.07977558    0.06344543    0.10000000    0.00000000 
angle (deg.)     :    11.0854  15.4094  31.3881  30.7039  27.1405  64.3107  54.3122  27.9920 
>
iteration       : 11
climbing        : no
zoom on         : no
nim             : 10
barrier         :   0.13328578 (image:  6) 
distance        :   0.00000000    3.17207015    5.97729586    8.80023105   11.92265726   14.64601732   16.36988974   18.12556368   20.62374123   25.54824645 
energy          : -1757.32855742  -1757.32472187  -1757.31716367  -1757.31000446  -1757.29625595  -1757.26539220  -1757.19527164  -1757.25180234  -1757.34977388  -1757.38189216 
max(|Fr_perp|)   :   0.00000000    0.01288520    0.02660821    0.02572555    0.02676501    0.02304115    0.03329424    0.01359346    0.01434709    0.00000000 
Fr_paral         :   0.00000000   -0.00214685   -0.00228487   -0.00242268   -0.00842632   -0.03055994   -0.05329893    0.09891438    0.02954103    0.00000000 
max(|Fsp_paral|) :   0.00000000    0.00389091    0.00600253    0.02043675    0.03076084    0.02195824    0.00208394    0.01063095    0.03145991    0.00000000 
max(|Fsp_perp|)  :   0.00000000    0.00000000    0.00000000    0.00000000    0.00000000    0.00000000    0.00000000    0.00000000    0.00000000    0.00000000 
max(|FNEB|)      :   0.00000000    0.01294381    0.02704045    0.02749345    0.02454832    0.02663378    0.03374148    0.01970873    0.03351357    0.00000000 
max(|Force|)     :   0.00011019    0.01287223    0.02653747    0.02560569    0.02718893    0.04277326    0.05913129    0.06340732    0.01769087    0.00021577 
ksp              :   0.01258992    0.01769352    0.02252771    0.03181127    0.05265173    0.10000000    0.10000000    0.06182817    0.01000000 
max(|step|)      :   0.00000000    0.01469666    0.02518012    0.05172385    0.07511228    0.08267253    0.08149405    0.06290959    0.10000000    0.00471611 
angle (deg.)     :    11.2460  15.8969  31.3040  30.1745  27.5960  66.8483  58.1655  30.3202 
>
iteration       : 12
climbing        : no
zoom on         : no
nim             : 10
barrier         :   0.12350999 (image:  6) 
distance        :   0.00000000    3.20069974    6.01353445    8.88021199   12.03053072   14.73219287   16.38002828   18.10431484   20.39947881   25.64522410 
energy          : -1757.32855742  -1757.32494583  -1757.31776884  -1757.31108811  -1757.29750996  -1757.27042897  -1757.20504743  -1757.25000770  -1757.34527720  -1757.38189216 
max(|Fr_perp|)   :   0.00000000    0.01714452    0.03606685    0.03655818    0.03643420    0.02991051    0.04495220    0.01147848    0.01514041    0.00000000 
Fr_paral         :   0.00000000   -0.00204723   -0.00214032   -0.00285944   -0.00821542   -0.02753592   -0.05553066    0.09824195    0.03247779    0.00000000 
max(|Fsp_paral|) :   0.00000000    0.00394466    0.00636206    0.02159976    0.02625108    0.01751382    0.00490388    0.00946385    0.03226211    0.00000000 
max(|Fsp_perp|)  :   0.00000000    0.00000000    0.00000000    0.00000000    0.00000000    0.00000000    0.00000000    0.00000000    0.00000000    0.00000000 
max(|FNEB|)      :   0.00000000    0.01730524    0.03676869    0.03851663    0.03537859    0.02963182    0.04646530    0.01665921    0.03105394    0.00000000 
max(|Force|)     :   0.00011019    0.01724792    0.03625747    0.03668980    0.03706665    0.03717427    0.06133856    0.06160220    0.01916445    0.00021577 
ksp              :   0.01263347    0.01787055    0.02273850    0.03263124    0.05235783    0.10000000    0.10000000    0.06721542    0.01000000 
max(|step|)      :   0.00000000    0.02398720    0.05096594    0.05338880    0.04903910    0.04107337    0.06440664    0.02309172    0.04304460    0.00000000 
angle (deg.)     :    11.3252  16.1628  31.1296  29.9594  28.0308  66.7431  58.3196  31.4125 
>
iteration       : 13
climbing        : no
zoom on         : no
nim             : 10
barrier         :   0.11927060 (image:  6) 
distance        :   0.00000000    3.21453017    6.03287249    8.92356963   12.07187098   14.76411863   16.38568420   18.07980294   20.25727174   25.64761836 
energy          : -1757.32855742  -1757.32512153  -1757.31837011  -1757.31200291  -1757.29888259  -1757.27301099  -1757.20928683  -1757.24926399  -1757.34294456  -1757.38189216 
max(|Fr_perp|)   :   0.00000000    0.01511467    0.03129596    0.03266186    0.03368406    0.02956033    0.04727529    0.01204770    0.01338634    0.00000000 
Fr_paral         :   0.00000000   -0.00196141   -0.00205381   -0.00294179   -0.00792624   -0.02670176   -0.07071036    0.09924548    0.03402937    0.00000000 
max(|Fsp_paral|) :   0.00000000    0.00375933    0.00644110    0.02121630    0.02541841    0.01666701    0.00460547    0.00916507    0.03189071    0.00000000 
max(|Fsp_perp|)  :   0.00000000    0.00000000    0.00000000    0.00000000    0.00000000    0.00000000    0.00000000    0.00000000    0.00000000    0.00000000 
max(|FNEB|)      :   0.00000000    0.01498016    0.03083300    0.03104394    0.03331037    0.02997151    0.04810198    0.01705140    0.02981375    0.00000000 
max(|Force|)     :   0.00011019    0.01514283    0.03135865    0.03279062    0.03376245    0.03552100    0.06218304    0.06151298    0.02053303    0.00021577 
ksp              :   0.01259268    0.01768721    0.02249182    0.03239223    0.05191460    0.10000000    0.10000000    0.06983376    0.01000000 
max(|step|)      :   0.00000000    0.00836636    0.01263954    0.03497726    0.03235839    0.04172837    0.04731799    0.03001789    0.05369007    0.00217420 
angle (deg.)     :    11.4341  16.5041  30.9328  29.6792  28.8443  66.9340  58.6631  33.0726 
>
iteration       : 14
climbing        : no
zoom on         : no
nim             : 10
barrier         :   0.11551767 (image:  6) 
distance        :   0.00000000    3.23204204    6.05831868    8.97979553   12.12569086   14.80617345   16.40372240   18.06673899   20.09540619   25.66960401 
energy          : -1757.32855742  -1757.32517240  -1757.31839136  -1757.31212850  -1757.29914820  -1757.27508178  -1757.21303975  -1757.24822345  -1757.33976083  -1757.38189216 
max(|Fr_perp|)   :   0.00000000    0.01801873    0.03761834    0.04029405    0.04117713    0.03524139    0.05500840    0.01286773    0.01420717    0.00000000 
Fr_paral         :   0.00000000   -0.00195788   -0.00201156   -0.00307590   -0.00752928   -0.02556392   -0.07413476    0.09994924    0.03599250    0.00000000 
max(|Fsp_paral|) :   0.00000000    0.00393324    0.00674022    0.02118352    0.02321169    0.01565077    0.00409504    0.01012401    0.03084681    0.00000000 
max(|Fsp_perp|)  :   0.00000000    0.00000000    0.00000000    0.00000000    0.00000000    0.00000000    0.00000000    0.00000000    0.00000000    0.00000000 
max(|FNEB|)      :   0.00000000    0.01786828    0.03712967    0.03873417    0.04089223    0.03566888    0.05577523    0.01780162    0.02815107    0.00000000 
max(|Force|)     :   0.00011019    0.01804878    0.03767993    0.04042397    0.04123852    0.03472768    0.06274633    0.06182711    0.02216538    0.00021577 
ksp              :   0.01263728    0.01792039    0.02279980    0.03291277    0.05166296    0.10000000    0.10000000    0.07258833    0.01000000 
max(|step|)      :   0.00000000    0.01716612    0.02348053    0.06915323    0.05874345    0.07764777    0.08964432    0.06177917    0.10000000    0.00618847 
angle (deg.)     :    11.6592  17.1616  30.5314  29.1894  30.6350  67.0525  58.2419  37.2917 
>
iteration       : 15
climbing        : no
zoom on         : no
nim             : 10
barrier         :   0.10785038 (image:  6) 
distance        :   0.00000000    3.26875815    6.11186208    9.09281117   12.22498468   14.88932098   16.44055468   18.04182340   19.79845154   25.71407988 
energy          : -1757.32855742  -1757.32529924  -1757.31866999  -1757.31299633  -1757.30084728  -1757.27962669  -1757.22070704  -1757.24556850  -1757.33353240  -1757.38189216 
max(|Fr_perp|)   :   0.00000000    0.02093456    0.04335041    0.04365070    0.04336060    0.03679195    0.06198126    0.01495983    0.01245374    0.00000000 
Fr_paral         :   0.00000000   -0.00190614   -0.00179965   -0.00320201   -0.00727031   -0.02346378   -0.07983391    0.10253220    0.04031471    0.00000000 
max(|Fsp_paral|) :   0.00000000    0.00414871    0.00694313    0.02015037    0.02053762    0.01410547    0.00298429    0.01121838    0.02939344    0.00000000 
max(|Fsp_perp|)  :   0.00000000    0.00000000    0.00000000    0.00000000    0.00000000    0.00000000    0.00000000    0.00000000    0.00000000    0.00000000 
max(|FNEB|)      :   0.00000000    0.02088631    0.04308559    0.04247710    0.04337250    0.03741157    0.06283915    0.01896874    0.02758445    0.00000000 
max(|Force|)     :   0.00011019    0.02108311    0.04362441    0.04398858    0.04360950    0.03643116    0.06289986    0.06349485    0.02241107    0.00021577 
ksp              :   0.01272176    0.01826492    0.02299697    0.03313065    0.05082889    0.10000000    0.10000000    0.07921683    0.01000000 
max(|step|)      :   0.00000000    0.03198659    0.06598392    0.06505205    0.06642332    0.05729438    0.09623575    0.02904990    0.04224453    0.00000000 
angle (deg.)     :    11.7594  17.4051  30.3745  28.9798  31.7251  66.8503  57.4263  39.2409 
>
iteration       : 16
climbing        : no
zoom on         : no
nim             : 10
barrier         :   0.10323849 (image:  6) 
distance        :   0.00000000    3.28506581    6.13598681    9.13947674   12.26422803   14.92306525   16.45935677   18.03448172   19.68453685   25.72651770 
energy          : -1757.32855742  -1757.32539203  -1757.31931130  -1757.31387270  -1757.30200850  -1757.28159310  -1757.22531893  -1757.24433910  -1757.33086754  -1757.38189216 
max(|Fr_perp|)   :   0.00000000    0.02051450    0.04071695    0.03752760    0.03499497    0.02786543    0.04877999    0.01528752    0.01180884    0.00000000 
Fr_paral         :   0.00000000   -0.00176932   -0.00171088   -0.00316415   -0.00720951   -0.02186976   -0.06526459    0.10361388    0.04224302    0.00000000 
max(|Fsp_paral|) :   0.00000000    0.00383848    0.00706574    0.02004674    0.02051934    0.01288826    0.00222282    0.01050151    0.02960026    0.00000000 
max(|Fsp_perp|)  :   0.00000000    0.00000000    0.00000000    0.00000000    0.00000000    0.00000000    0.00000000    0.00000000    0.00000000    0.00000000 
max(|FNEB|)      :   0.00000000    0.02055341    0.04121481    0.03889428    0.03529901    0.02764582    0.04850364    0.01786925    0.02878651    0.00000000 
max(|Force|)     :   0.00011019    0.02050731    0.04066684    0.03740434    0.03517161    0.02892029    0.06257016    0.06472077    0.02231132    0.00021577 
ksp              :   0.01275949    0.01806047    0.02280167    0.03314450    0.05094198    0.10000000    0.10000000    0.08341882    0.01000000 
max(|step|)      :   0.00000000    0.00603994    0.01116093    0.01887801    0.01646432    0.02069495    0.02272648    0.01931734    0.02998361    0.00047816 
angle (deg.)     :    11.8317  17.5692  30.2683  28.8417  32.2789  66.3623  56.4629  40.6858 
>
iteration       : 17
climbing        : no
zoom on         : no
nim             : 10
barrier         :   0.09944302 (image:  6) 
distance        :   0.00000000    3.29574353    6.15285208    9.17173105   12.29173865   14.94499154   16.46369080   18.01789218   19.59586891   25.72291690 
energy          : -1757.32855742  -1757.32569049  -1757.32041918  -1757.31493772  -1757.30316821  -1757.28317185  -1757.22911440  -1757.24357613  -1757.32895099  -1757.38189216 
max(|Fr_perp|)   :   0.00000000    0.01175327    0.02357859    0.02345554    0.02295009    0.01843005    0.02964457    0.01549477    0.01122119    0.00000000 
Fr_paral         :   0.00000000   -0.00158016   -0.00172448   -0.00321956   -0.00724552   -0.02087447   -0.07132729    0.10502786    0.04364037    0.00000000 
max(|Fsp_paral|) :   0.00000000    0.00324975    0.00737094    0.02025954    0.02088813    0.01149008    0.00196546    0.00968133    0.02989721    0.00000000 
max(|Fsp_perp|)  :   0.00000000    0.00000000    0.00000000    0.00000000    0.00000000    0.00000000    0.00000000    0.00000000    0.00000000    0.00000000 
max(|FNEB|)      :   0.00000000    0.01180099    0.02408863    0.02389955    0.02160971    0.01852108    0.03035791    0.01764980    0.02958658    0.00000000 
max(|Force|)     :   0.00011019    0.01174397    0.02352914    0.02361494    0.02330170    0.02616947    0.06233149    0.06512363    0.02270758    0.00021577 
ksp              :   0.01259469    0.01736545    0.02232639    0.03297828    0.05107580    0.10000000    0.10000000    0.08691154    0.01000000 
max(|step|)      :   0.00000000    0.01508110    0.02393388    0.06320799    0.05480154    0.06776850    0.07368360    0.06348465    0.10000000    0.00662528 
angle (deg.)     :    12.0858  18.1231  29.9587  28.3905  34.5301  64.8893  52.7371  46.7127 
>
iteration       : 18
climbing        : no
zoom on         : no
nim             : 10
barrier         :   0.09199012 (image:  6) 
distance        :   0.00000000    3.32946947    6.21038117    9.28055474   12.38616388   15.01831040   16.48694676   17.97611183   19.32929928   25.73685306 
energy          : -1757.32855742  -1757.32597966  -1757.32144114  -1757.31619993  -1757.30487103  -1757.28672840  -1757.23656730  -1757.24078962  -1757.32228927  -1757.38189216 
max(|Fr_perp|)   :   0.00000000    0.00258003    0.00634200    0.00910467    0.00982555    0.01513320    0.02164817    0.01613527    0.01003833    0.00000000 
Fr_paral         :   0.00000000   -0.00139407   -0.00163965   -0.00329354   -0.00711001   -0.01891999   -0.07865040    0.10841919    0.04852176    0.00000000 
max(|Fsp_paral|) :   0.00000000    0.00287595    0.00777296    0.02002258    0.01949362    0.00871259    0.00105855    0.01017421    0.01138340    0.00000000 
max(|Fsp_perp|)  :   0.00000000    0.00000000    0.00000000    0.00000000    0.00000000    0.00000000    0.00000000    0.00000000    0.00000000    0.00000000 
max(|FNEB|)      :   0.00000000    0.00310224    0.00708878    0.01755361    0.01510282    0.01681348    0.02063409    0.01900817    0.01316375    0.00000000 
max(|Force|)     :   0.00011019    0.00256427    0.00645096    0.00934914    0.01042359    0.02261173    0.06089401    0.06652542    0.02378578    0.00021577 
ksp              :   0.01252197    0.01696292    0.02209098    0.03317426    0.05092577    0.10000000    0.10000000    0.09584638    0.01613127 
max(|step|)      :   0.00000000    0.01503456    0.03435470    0.08507093    0.07319352    0.08148400    0.10000000    0.09212022    0.06379613    0.00000000 
angle (deg.)     :    12.5127  18.8285  29.5353  27.7797  38.7126  58.8844  45.0940  55.1689 
>
iteration       : 19
climbing        : no
zoom on         : no
nim             : 10
barrier         :   0.09188568 (image:  7) 
distance        :   0.00000000    3.36461522    6.29884775    9.43241436   12.51613783   15.09289803   16.47544446   17.86367007   19.15019080   25.73446455 
energy          : -1757.32855742  -1757.32609912  -1757.32116772  -1757.31556837  -1757.30432386  -1757.28888255  -1757.23900982  -1757.23667174  -1757.32182510  -1757.38189216 
max(|Fr_perp|)   :   0.00000000    0.00890638    0.03053495    0.04021639    0.04325417    0.03833095    0.06026841    0.01455901    0.01116165    0.00000000 
Fr_paral         :   0.00000000   -0.00139397   -0.00171943   -0.00349155   -0.00643631   -0.01892701   -0.08941231    0.11360697    0.04878172    0.00000000 
max(|Fsp_paral|) :   0.00000000    0.00353563    0.00833708    0.01860119    0.01344259    0.00600690    0.00196418    0.00530501    0.00924814    0.00000000 
max(|Fsp_perp|)  :   0.00000000    0.00000000    0.00000000    0.00000000    0.00000000    0.00000000    0.00000000    0.00000000    0.00000000    0.00000000 
max(|FNEB|)      :   0.00000000    0.00878250    0.02991747    0.03906920    0.04319492    0.03868585    0.06069476    0.01815430    0.01036356    0.00000000 
max(|Force|)     :   0.00011019    0.00892593    0.03058643    0.04033839    0.04327161    0.03759973    0.05878116    0.06859624    0.02224645    0.00021577 
ksp              :   0.01240786    0.01723805    0.02272249    0.03373624    0.04886066    0.09770991    0.10000000    0.10000000    0.01659416 
max(|step|)      :   0.00000000    0.01704779    0.03875836    0.09118196    0.07620712    0.08614709    0.10000000    0.09817159    0.06594555    0.00919885 
angle (deg.)     :    12.9658  19.5713  29.1790  27.2233  43.9373  52.5958  39.1961  64.4592 
>
iteration       : 20
climbing        : no
zoom on         : no
nim             : 10
barrier         :   0.09624067 (image:  7) 
distance        :   0.00000000    3.40421019    6.39631018    9.59736322   12.65447792   15.17931565   16.48903230   17.78224247   19.03788880   25.80447786 
energy          : -1757.32855742  -1757.32626300  -1757.32161919  -1757.31612659  -1757.30514919  -1757.29199446  -1757.24372220  -1757.23231676  -1757.32090367  -1757.38189216 
max(|Fr_perp|)   :   0.00000000    0.00869527    0.03118759    0.04199432    0.04547715    0.04026171    0.06276392    0.01576065    0.01236485    0.00000000 
Fr_paral         :   0.00000000   -0.00128848   -0.00165913   -0.00350698   -0.00593390   -0.01764659   -0.09336405    0.11682116    0.04841823    0.00000000 
max(|Fsp_paral|) :   0.00000000    0.00320648    0.00792868    0.01593947    0.00842774    0.00334980    0.00659558    0.00205382    0.00485903    0.00000000 
max(|Fsp_perp|)  :   0.00000000    0.00000000    0.00000000    0.00000000    0.00000000    0.00000000    0.00000000    0.00000000    0.00000000    0.00000000 
max(|FNEB|)      :   0.00000000    0.00864613    0.03079933    0.04130929    0.04572700    0.04074321    0.06442768    0.01782781    0.01304049    0.00000000 
max(|Force|)     :   0.00011019    0.00877272    0.03143533    0.04236058    0.04574994    0.03971385    0.05952335    0.06993547    0.02378384    0.00021577 
ksp              :   0.01214645    0.01649955    0.02164501    0.03191711    0.04421472    0.08938011    0.10000000    0.10000000    0.01716052 
max(|step|)      :   0.00000000    0.00972092    0.03462794    0.04644438    0.05141125    0.04580793    0.07243657    0.02004396    0.01466153    0.00000000 
angle (deg.)     :    13.0535  19.6684  29.0623  27.1668  44.9411  52.4426  41.4448  64.8576 
>
iteration       : 21
climbing        : no
zoom on         : no
nim             : 10
barrier         :   0.09527932 (image:  7) 
distance        :   0.00000000    3.41330855    6.41784182    9.62611271   12.66802966   15.19152743   16.50691616   17.78936443   19.04825205   25.82674033 
energy          : -1757.32855742  -1757.32633189  -1757.32240174  -1757.31764402  -1757.30737420  -1757.29407903  -1757.24761931  -1757.23327810  -1757.32141723  -1757.38189216 
max(|Fr_perp|)   :   0.00000000    0.00430246    0.01335250    0.01609037    0.01581181    0.01331246    0.02154153    0.01309661    0.01221104    0.00000000 
Fr_paral         :   0.00000000   -0.00118469   -0.00147183   -0.00331740   -0.00630220   -0.01556459   -0.08442590    0.11390873    0.05068428    0.00000000 
max(|Fsp_paral|) :   0.00000000    0.00248101    0.00700356    0.01470539    0.00964861    0.00387571    0.00764574    0.00127788    0.00648531    0.00000000 
max(|Fsp_perp|)  :   0.00000000    0.00000000    0.00000000    0.00000000    0.00000000    0.00000000    0.00000000    0.00000000    0.00000000    0.00000000 
max(|FNEB|)      :   0.00000000    0.00422469    0.01288315    0.01498884    0.01504835    0.01361609    0.02086471    0.01437449    0.01209526    0.00000000 
max(|Force|)     :   0.00011019    0.00431730    0.01339166    0.01624966    0.01611004    0.01422737    0.05615257    0.06759740    0.02166788    0.00021577 
ksp              :   0.01210221    0.01581460    0.02030870    0.03000948    0.04256799    0.08645342    0.10000000    0.10000000    0.01674456 
max(|step|)      :   0.00000000    0.00223620    0.00608501    0.01042232    0.00816996    0.01049180    0.01100989    0.01273350    0.01035829    0.00005487 
angle (deg.)     :    13.1191  19.7422  28.9961  27.1301  45.5560  52.0423  42.2880  65.1283 
>
iteration       : 22
climbing        : no
zoom on         : no
nim             : 10
barrier         :   0.09456183 (image:  7) 
distance        :   0.00000000    3.41889603    6.43265270    9.64676367   12.68052294   15.20074955   16.51719307   17.78799210   19.04566448   25.83434640 
energy          : -1757.32855742  -1757.32636084  -1757.32257911  -1757.31791018  -1757.30774406  -1757.29462612  -1757.24757861  -1757.23399559  -1757.32147276  -1757.38189216 
max(|Fr_perp|)   :   0.00000000    0.00222728    0.00658497    0.00865267    0.00857913    0.01120700    0.01130654    0.01259466    0.01210288    0.00000000 
Fr_paral         :   0.00000000   -0.00115925   -0.00145131   -0.00331253   -0.00630705   -0.01552042   -0.08850251    0.11268016    0.05125420    0.00000000 
max(|Fsp_paral|) :   0.00000000    0.00237729    0.00690529    0.01445995    0.00964713    0.00492451    0.00651775    0.00070926    0.00638035    0.00000000 
max(|Fsp_perp|)  :   0.00000000    0.00000000    0.00000000    0.00000000    0.00000000    0.00000000    0.00000000    0.00000000    0.00000000    0.00000000 
max(|FNEB|)      :   0.00000000    0.00237356    0.00614070    0.01173449    0.00957466    0.01213569    0.01278325    0.01263263    0.01199628    0.00000000 
max(|Force|)     :   0.00011019    0.00224026    0.00662338    0.00881216    0.00887871    0.01384213    0.05621424    0.06573316    0.02145713    0.00021577 
ksp              :   0.01209062    0.01568991    0.02013360    0.02980928    0.04229440    0.08707225    0.10000000    0.10000000    0.01674288 
max(|step|)      :   0.00000000    0.01875334    0.04705523    0.08752291    0.06855448    0.08809192    0.09574465    0.10000000    0.08517203    0.01217091 
angle (deg.)     :    13.6707  20.3761  28.5172  26.9071  50.7149  49.4741  49.6452  67.6229 
>
iteration       : 23
climbing        : no
zoom on         : no
nim             : 10
barrier         :   0.09049979 (image:  7) 
distance        :   0.00000000    3.46518732    6.55723266    9.82134210   12.78933517   15.28745604   16.61870040   17.80573906   19.05871842   25.93469512 
energy          : -1757.32855742  -1757.32646700  -1757.32273636  -1757.31829953  -1757.30863322  -1757.29708143  -1757.24339729  -1757.23805763  -1757.32135656  -1757.38189216 
max(|Fr_perp|)   :   0.00000000    0.00622277    0.01713966    0.01805878    0.01679881    0.01517792    0.02552602    0.01296652    0.01488329    0.00000000 
Fr_paral         :   0.00000000   -0.00111872   -0.00137103   -0.00323069   -0.00610171   -0.01581881   -0.10190928    0.09527313    0.05290108    0.00000000 
max(|Fsp_paral|) :   0.00000000    0.00278338    0.00667497    0.01255390    0.00864580    0.01348935    0.00395422    0.00342510    0.00396294    0.00000000 
max(|Fsp_perp|)  :   0.00000000    0.00000000    0.00000000    0.00000000    0.00000000    0.00000000    0.00000000    0.00000000    0.00000000    0.00000000 
max(|FNEB|)      :   0.00000000    0.00622360    0.01689269    0.01757825    0.01696921    0.01664946    0.02580366    0.01429829    0.01463610    0.00000000 
max(|Force|)     :   0.00011019    0.00629936    0.01736643    0.01835748    0.01699806    0.01445460    0.05655639    0.05085462    0.02483660    0.00021577 
ksp              :   0.01207938    0.01579482    0.02020764    0.02982170    0.04130317    0.09470004    0.10000000    0.10000000    0.01716669 
max(|step|)      :   0.00000000    0.00922440    0.02503775    0.02605387    0.02515117    0.02467724    0.03824528    0.02119243    0.02169311    0.00000000 
angle (deg.)     :    13.7742  20.4714  28.4404  27.0673  50.7502  49.1234  46.6705  67.8754 
>
iteration       : 24
climbing        : no
zoom on         : no
nim             : 10
barrier         :   0.08813400 (image:  7) 
distance        :   0.00000000    3.47560925    6.58171721    9.85243610   12.81125649   15.32016613   16.61501452   17.82564992   19.04742362   25.93521704 
energy          : -1757.32855742  -1757.32648922  -1757.32284278  -1757.31847799  -1757.30905137  -1757.29719767  -1757.24559518  -1757.24042342  -1757.32204116  -1757.38189216 
max(|Fr_perp|)   :   0.00000000    0.00567559    0.01538313    0.01643970    0.01532075    0.01310458    0.02253132    0.01117898    0.01097162    0.00000000 
Fr_paral         :   0.00000000   -0.00109873   -0.00135811   -0.00313248   -0.00586011   -0.01599615   -0.09152097    0.09797407    0.05298668    0.00000000 
max(|Fsp_paral|) :   0.00000000    0.00282551    0.00668158    0.01232026    0.00997334    0.01003736    0.00082917    0.00057246    0.00403158    0.00000000 
max(|Fsp_perp|)  :   0.00000000    0.00000000    0.00000000    0.00000000    0.00000000    0.00000000    0.00000000    0.00000000    0.00000000    0.00000000 
max(|FNEB|)      :   0.00000000    0.00560040    0.01527576    0.01563401    0.01455277    0.01375688    0.02260215    0.01113769    0.01093132    0.00000000 
max(|Force|)     :   0.00011019    0.00568724    0.01541842    0.01659155    0.01558691    0.01409192    0.05564577    0.05017750    0.02377178    0.00021577 
ksp              :   0.01211199    0.01583564    0.02029283    0.02991904    0.04202371    0.09471874    0.10000000    0.10000000    0.01665423 
max(|step|)      :   0.00000000    0.00370051    0.00811511    0.01308980    0.01147708    0.01485182    0.01470915    0.01401464    0.01480239    0.00081765 
angle (deg.)     :    13.8685  20.5560  28.3876  27.1683  50.7799  48.5195  44.7714  68.1790 
>
iteration       : 25
climbing        : no
zoom on         : no
nim             : 10
barrier         :   0.08682962 (image:  7) 
distance        :   0.00000000    3.48513279    6.60396418    9.88035115   12.83240034   15.34631377   16.61136401   17.83436664   19.03416322   25.93316833 
energy          : -1757.32855742  -1757.32651968  -1757.32300923  -1757.31868447  -1757.30928397  -1757.29734451  -1757.24725772  -1757.24172780  -1757.32220593  -1757.38189216 
max(|Fr_perp|)   :   0.00000000    0.00419551    0.01124094    0.01196692    0.01089586    0.00908195    0.01465986    0.01201271    0.01071571    0.00000000 
Fr_paral         :   0.00000000   -0.00107606   -0.00134768   -0.00312744   -0.00576505   -0.01636790   -0.09278136    0.10023437    0.05245530    0.00000000 
max(|Fsp_paral|) :   0.00000000    0.00275296    0.00665867    0.01233851    0.01060268    0.00737993    0.00157401    0.00121143    0.00298434    0.00000000 
max(|Fsp_perp|)  :   0.00000000    0.00000000    0.00000000    0.00000000    0.00000000    0.00000000    0.00000000    0.00000000    0.00000000    0.00000000 
max(|FNEB|)      :   0.00000000    0.00412743    0.01079853    0.01089009    0.01008846    0.01033712    0.01450145    0.01209183    0.01068129    0.00000000 
max(|Force|)     :   0.00011019    0.00420611    0.01127566    0.01211861    0.01115479    0.01307920    0.05471466    0.05166195    0.02476726    0.00021577 
ksp              :   0.01211215    0.01575077    0.02023344    0.02997717    0.04235258    0.09426817    0.10000000    0.10000000    0.01658340 
max(|step|)      :   0.00000000    0.02512762    0.05653619    0.09055573    0.08023805    0.09802058    0.09780148    0.09430119    0.10000000    0.01398382 
angle (deg.)     :    14.5137  21.1618  28.1228  27.7963  52.6703  45.0789  36.3471  70.8347 
>
iteration       : 26
climbing        : no
zoom on         : no
nim             : 10
barrier         :   0.08123977 (image:  7) 
distance        :   0.00000000    3.54960016    6.75729880   10.07428081   12.98611272   15.51464746   16.63877995   17.90333049   19.00190459   25.97552592 
energy          : -1757.32855742  -1757.32662705  -1757.32342663  -1757.31931762  -1757.31020339  -1757.29800388  -1757.25335863  -1757.24731766  -1757.32332145  -1757.38189216 
max(|Fr_perp|)   :   0.00000000    0.00107183    0.00218789    0.00298310    0.00693844    0.00771339    0.00848559    0.01494580    0.01408952    0.00000000 
Fr_paral         :   0.00000000   -0.00099409   -0.00127691   -0.00307912   -0.00551411   -0.01835803   -0.09476219    0.11070309    0.04831496    0.00000000 
max(|Fsp_paral|) :   0.00000000    0.00286931    0.00640986    0.01173545    0.01320660    0.00321297    0.01173298    0.00909536    0.00022050    0.00000000 
max(|Fsp_perp|)  :   0.00000000    0.00000000    0.00000000    0.00000000    0.00000000    0.00000000    0.00000000    0.00000000    0.00000000    0.00000000 
max(|FNEB|)      :   0.00000000    0.00271426    0.00581132    0.00928459    0.01071513    0.00703912    0.01355788    0.02373040    0.01425000    0.00000000 
max(|Force|)     :   0.00011019    0.00106163    0.00223587    0.00415503    0.00720878    0.01280189    0.04995385    0.05907939    0.02620306    0.00021577 
ksp              :   0.01213890    0.01568521    0.02023826    0.03033870    0.04385971    0.09329538    0.10000000    0.10000000    0.01581825 
max(|step|)      :   0.00000000    0.01027300    0.02199487    0.03514061    0.04055496    0.02664188    0.05131431    0.08981559    0.05393387    0.00000000 
angle (deg.)     :    14.7673  21.3865  28.1195  27.2727  55.5756  44.0070  45.2293  71.7331 
>
iteration       : 27
climbing        : no
zoom on         : no
nim             : 10
barrier         :   0.08539109 (image:  7) 
distance        :   0.00000000    3.57688390    6.81874133   10.14958899   13.06672514   15.52538839   16.75963781   17.89006090   19.08103138   26.06443474 
energy          : -1757.32855742  -1757.32664506  -1757.32349569  -1757.31936716  -1757.30983072  -1757.29943561  -1757.24663096  -1757.24316633  -1757.32429503  -1757.38189216 
max(|Fr_perp|)   :   0.00000000    0.00155255    0.00303781    0.00475578    0.01625355    0.00927609    0.01722677    0.01338394    0.02764605    0.00000000 
Fr_paral         :   0.00000000   -0.00098936   -0.00128496   -0.00324223   -0.00581994   -0.01559461   -0.09945542    0.10751569    0.05087451    0.00000000 
max(|Fsp_paral|) :   0.00000000    0.00267163    0.00600860    0.01172932    0.00767239    0.01037424    0.00297129    0.00299819    0.00997133    0.00000000 
max(|Fsp_perp|)  :   0.00000000    0.00000000    0.00000000    0.00000000    0.00000000    0.00000000    0.00000000    0.00000000    0.00000000    0.00000000 
max(|FNEB|)      :   0.00000000    0.00251953    0.00545980    0.00936697    0.01677278    0.01037456    0.01572444    0.01285493    0.02662221    0.00000000 
max(|Force|)     :   0.00011019    0.00155909    0.00303337    0.00487812    0.01602641    0.01137640    0.05365193    0.05370316    0.03055753    0.00021577 
ksp              :   0.01201558    0.01533494    0.01968630    0.02973746    0.04069363    0.09634838    0.10000000    0.10000000    0.01449246 
max(|step|)      :   0.00000000    0.00913391    0.01979623    0.03238342    0.02909945    0.02750714    0.02726556    0.04368480    0.02940306    0.00255388 
angle (deg.)     :    14.9942  21.6076  28.0414  27.2794  56.5923  44.5014  47.7448  72.0943 
>
iteration       : 28
climbing        : no
zoom on         : no
nim             : 10
barrier         :   0.08591324 (image:  7) 
distance        :   0.00000000    3.60109437    6.87362083   10.21900295   13.12973011   15.56088144   16.82071912   17.90978000   19.11545348   26.11464162 
energy          : -1757.32855742  -1757.32666568  -1757.32357246  -1757.31951185  -1757.31038049  -1757.30016285  -1757.24502288  -1757.24264418  -1757.32485182  -1757.38189216 
max(|Fr_perp|)   :   0.00000000    0.00111686    0.00255567    0.00324977    0.00663553    0.00650557    0.00801102    0.00973265    0.01718794    0.00000000 
Fr_paral         :   0.00000000   -0.00097478   -0.00125944   -0.00318050   -0.00567638   -0.01548155   -0.10502285    0.10238573    0.05164737    0.00000000 
max(|Fsp_paral|) :   0.00000000    0.00264202    0.00577947    0.01073489    0.00693423    0.01428561    0.00727566    0.00598844    0.01318249    0.00000000 
max(|Fsp_perp|)  :   0.00000000    0.00000000    0.00000000    0.00000000    0.00000000    0.00000000    0.00000000    0.00000000    0.00000000    0.00000000 
max(|FNEB|)      :   0.00000000    0.00249224    0.00526742    0.00849043    0.00718386    0.01457225    0.01218663    0.01006487    0.02269189    0.00000000 
max(|Force|)     :   0.00011019    0.00107010    0.00242316    0.00400637    0.00672707    0.00905814    0.05341719    0.05185756    0.02551992    0.00021577 
ksp              :   0.01198173    0.01522209    0.01947586    0.02904158    0.03974525    0.09750815    0.10000000    0.10000000    0.01388187 
max(|step|)      :   0.00000000    0.02740845    0.05938087    0.09514034    0.08583164    0.08337668    0.08056098    0.09560896    0.10000000    0.01246717 
angle (deg.)     :    15.6568  22.2631  27.9136  27.7387  58.5913  47.3621  53.5483  72.8154 
>
iteration       : 29
climbing        : no
zoom on         : no
nim             : 10
barrier         :   0.08641192 (image:  7) 
distance        :   0.00000000    3.67346596    7.03726950   10.42539281   13.31745958   15.69020032   16.98269141   18.01308917   19.20269081   26.25859067 
energy          : -1757.32855742  -1757.32670307  -1757.32371931  -1757.31967197  -1757.31064877  -1757.30119651  -1757.24260043  -1757.24214550  -1757.32399640  -1757.38189216 
max(|Fr_perp|)   :   0.00000000    0.00100627    0.00209779    0.00258709    0.00801562    0.00568633    0.01346116    0.02120775    0.01339711    0.00000000 
Fr_paral         :   0.00000000   -0.00094134   -0.00120793   -0.00317283   -0.00514137   -0.01559646   -0.10696387    0.08631605    0.05405091    0.00000000 
max(|Fsp_paral|) :   0.00000000    0.00266847    0.00547362    0.00976863    0.00478267    0.01941875    0.01399269    0.00865863    0.00841012    0.00000000 
max(|Fsp_perp|)  :   0.00000000    0.00000000    0.00000000    0.00000000    0.00000000    0.00000000    0.00000000    0.00000000    0.00000000    0.00000000 
max(|FNEB|)      :   0.00000000    0.00252314    0.00502693    0.00785650    0.00786621    0.01932446    0.02159065    0.02714934    0.01526120    0.00000000 
max(|Force|)     :   0.00011019    0.00100277    0.00199506    0.00367226    0.00823309    0.00825591    0.05306796    0.05306997    0.03117758    0.00021577 
ksp              :   0.01193046    0.01503688    0.01925041    0.02864655    0.03847940    0.09952407    0.10000000    0.10000000    0.01474904 
max(|step|)      :   0.00000000    0.00929356    0.01851586    0.02893808    0.02897387    0.07117838    0.07952552    0.10000000    0.05621207    0.00000000 
angle (deg.)     :    15.8700  22.4219  27.7941  29.1359  55.5477  46.7717  43.9230  72.3988 
>
iteration       : 30
climbing        : no
zoom on         : no
nim             : 10
barrier         :   0.07499278 (image:  7) 
distance        :   0.00000000    3.69829671    7.08948895   10.48755362   13.35201615   15.79112623   16.88571767   18.09255132   19.09921159   26.17967090 
energy          : -1757.32855742  -1757.32670426  -1757.32374104  -1757.31961141  -1757.31043154  -1757.29927726  -1757.25417024  -1757.25356464  -1757.32210691  -1757.38189216 
max(|Fr_perp|)   :   0.00000000    0.00168293    0.00388762    0.00496910    0.01703263    0.00944055    0.00901273    0.01301326    0.02334618    0.00000000 
Fr_paral         :   0.00000000   -0.00093607   -0.00126455   -0.00337661   -0.00545062   -0.01967332   -0.09138652    0.10106360    0.05161955    0.00000000 
max(|Fsp_paral|) :   0.00000000    0.00327769    0.00637791    0.01138370    0.01094902    0.00068651    0.00604485    0.01002622    0.01285049    0.00000000 
max(|Fsp_perp|)  :   0.00000000    0.00000000    0.00000000    0.00000000    0.00000000    0.00000000    0.00000000    0.00000000    0.00000000    0.00000000 
max(|FNEB|)      :   0.00000000    0.00310450    0.00590150    0.00944966    0.01754307    0.00956831    0.01168657    0.01454929    0.02226076    0.00000000 
max(|Force|)     :   0.00011019    0.00168814    0.00392080    0.00492806    0.01688731    0.01194387    0.04817521    0.04647435    0.02594275    0.00021577 
ksp              :   0.01222401    0.01578021    0.02073625    0.03175316    0.04513958    0.09927321    0.10000000    0.10000000    0.01774136 
max(|step|)      :   0.00000000    0.00806951    0.01564160    0.02476296    0.02090128    0.01810435    0.02131814    0.03049653    0.02667448    0.00100573 
angle (deg.)     :    16.0373  22.5616  27.7368  29.5184  55.5468  45.3993  38.4918  72.9085 
>
iteration       : 31
climbing        : no
zoom on         : no
nim             : 10
barrier         :   0.07471141 (image:  7) 
distance        :   0.00000000    3.71972907    7.13289223   10.53928584   13.39452028   15.83454654   16.89006229   18.10425648   19.11786706   26.19601567 
energy          : -1757.32855742  -1757.32670728  -1757.32377197  -1757.31968738  -1757.31101021  -1757.29929306  -1757.25608046  -1757.25384601  -1757.32478917  -1757.38189216 
max(|Fr_perp|)   :   0.00000000    0.00141561    0.00294954    0.00257142    0.00340128    0.00774939    0.00925857    0.01082523    0.00806817    0.00000000 
Fr_paral         :   0.00000000   -0.00093698   -0.00124772   -0.00326217   -0.00537834   -0.02000298   -0.09367146    0.11165294    0.05023121    0.00000000 
max(|Fsp_paral|) :   0.00000000    0.00328108    0.00630157    0.01024478    0.01226759    0.00356854    0.00908533    0.00980215    0.00077786    0.00000000 
max(|Fsp_perp|)  :   0.00000000    0.00000000    0.00000000    0.00000000    0.00000000    0.00000000    0.00000000    0.00000000    0.00000000    0.00000000 
max(|FNEB|)      :   0.00000000    0.00311132    0.00579952    0.00842071    0.01096462    0.00716748    0.01189907    0.01846157    0.00839961    0.00000000 
max(|Force|)     :   0.00011019    0.00142042    0.00297920    0.00363601    0.00437006    0.01101064    0.04748705    0.05515903    0.02491653    0.00021577 
ksp              :   0.01222875    0.01576472    0.02068517    0.03113799    0.04525288    0.09730831    0.10000000    0.10000000    0.01453937 
max(|step|)      :   0.00000000    0.01568719    0.03016586    0.04569760    0.04471568    0.03382822    0.03837515    0.03682546    0.04044013    0.00423529 
angle (deg.)     :    16.3543  22.8081  27.7333  29.7931  56.7936  42.7018  34.2550  73.6594 
>
iteration       : 32
climbing        : no
zoom on         : no
nim             : 10
barrier         :   0.07847752 (image:  7) 
distance        :   0.00000000    3.76112803    7.21561811   10.63477815   13.48564289   15.89627217   16.95187192   18.11603360   19.16963039   26.25024990 
energy          : -1757.32855742  -1757.32670165  -1757.32378301  -1757.31960136  -1757.31069042  -1757.29970217  -1757.25574860  -1757.25007990  -1757.32737227  -1757.38189216 
max(|Fr_perp|)   :   0.00000000    0.00124443    0.00193589    0.00404615    0.01243425    0.00724350    0.00818491    0.01880928    0.01231100    0.00000000 
Fr_paral         :   0.00000000   -0.00093674   -0.00125635   -0.00331864   -0.00501669   -0.01864056   -0.09557162    0.12023266    0.04795564    0.00000000 
max(|Fsp_paral|) :   0.00000000    0.00308939    0.00605687    0.00979253    0.00956419    0.00233199    0.00875561    0.00552097    0.01236426    0.00000000 
max(|Fsp_perp|)  :   0.00000000    0.00000000    0.00000000    0.00000000    0.00000000    0.00000000    0.00000000    0.00000000    0.00000000    0.00000000 
max(|FNEB|)      :   0.00000000    0.00293162    0.00552463    0.00818501    0.01217424    0.00829450    0.01336190    0.01940865    0.01344777    0.00000000 
max(|Force|)     :   0.00011019    0.00123494    0.00194254    0.00422198    0.01251118    0.01102473    0.04897069    0.06373693    0.02270074    0.00021577 
ksp              :   0.01212824    0.01547542    0.02027103    0.03049033    0.04309193    0.09349900    0.10000000    0.10000000    0.01135916 
max(|step|)      :   0.00000000    0.03393414    0.06547053    0.10000000    0.09483400    0.07340284    0.08160425    0.07459334    0.07553729    0.01026364 
angle (deg.)     :    17.0354  23.3779  27.7773  30.5697  59.3103  39.0115  30.2471  74.6277 
>
iteration       : 33
climbing        : no
zoom on         : no
nim             : 10
barrier         :   0.08458902 (image:  7) 
distance        :   0.00000000    3.85081692    7.39588351   10.84552149   13.67925774   16.03854337   17.11124147   18.18056533   19.28245609   26.38380570 
energy          : -1757.32855742  -1757.32667610  -1757.32375884  -1757.31937830  -1757.31018916  -1757.30032961  -1757.25366773  -1757.24396840  -1757.32917944  -1757.38189216 
max(|Fr_perp|)   :   0.00000000    0.00312603    0.00666910    0.00804884    0.02041936    0.01340352    0.02298472    0.02221940    0.02133244    0.00000000 
Fr_paral         :   0.00000000   -0.00094120   -0.00126806   -0.00341389   -0.00460971   -0.01693584   -0.10233947    0.12875128    0.04616421    0.00000000 
max(|Fsp_paral|) :   0.00000000    0.00288006    0.00570930    0.00867154    0.00589206    0.00073121    0.00528141    0.00161064    0.01900298    0.00000000 
max(|Fsp_perp|)  :   0.00000000    0.00000000    0.00000000    0.00000000    0.00000000    0.00000000    0.00000000    0.00000000    0.00000000    0.00000000 
max(|FNEB|)      :   0.00000000    0.00312272    0.00638256    0.00771742    0.02049028    0.01364467    0.02433038    0.02323133    0.02291034    0.00000000 
max(|Force|)     :   0.00011019    0.00316684    0.00677726    0.00822628    0.02061721    0.01495951    0.05081355    0.07107672    0.02294586    0.00021577 
ksp              :   0.01200120    0.01510494    0.01976571    0.02955110    0.04003195    0.08965971    0.10000000    0.10000000    0.01000000 
max(|step|)      :   0.00000000    0.00561052    0.01146740    0.01386571    0.03681441    0.02451506    0.04371383    0.04173920    0.04116249    0.00000000 
angle (deg.)     :    17.1410  23.4333  27.7627  30.5701  59.3665  41.9498  38.7340  73.6915 
>
iteration       : 34
climbing        : no
zoom on         : no
nim             : 10
barrier         :   0.08026780 (image:  7) 
distance        :   0.00000000    3.86391269    7.42128472   10.87243704   13.69857225   16.05128129   17.15938135   18.22657469   19.28502718   26.40271235 
energy          : -1757.32855742  -1757.32666976  -1757.32374956  -1757.31942115  -1757.31084575  -1757.30076149  -1757.25283733  -1757.24828962  -1757.32687833  -1757.38189216 
max(|Fr_perp|)   :   0.00000000    0.00385429    0.00799879    0.00870593    0.01021080    0.01615470    0.02717144    0.01007678    0.01088434    0.00000000 
Fr_paral         :   0.00000000   -0.00094667   -0.00129089   -0.00348532   -0.00521527   -0.01759557   -0.09203673    0.12193169    0.05193982    0.00000000 
max(|Fsp_paral|) :   0.00000000    0.00311452    0.00591309    0.00812017    0.00685412    0.00348667    0.00074443    0.00040672    0.01053796    0.00000000 
max(|Fsp_perp|)  :   0.00000000    0.00000000    0.00000000    0.00000000    0.00000000    0.00000000    0.00000000    0.00000000    0.00000000    0.00000000 
max(|FNEB|)      :   0.00000000    0.00381467    0.00836266    0.00907941    0.01030132    0.01557360    0.02705317    0.00980108    0.01473339    0.00000000 
max(|Force|)     :   0.00011019    0.00385902    0.00801567    0.00861629    0.01020300    0.01738545    0.05137454    0.06277846    0.02153982    0.00021577 
ksp              :   0.01211654    0.01539080    0.02024402    0.02985915    0.04116609    0.09490089    0.10000000    0.10000000    0.01188268 
max(|step|)      :   0.00000000    0.00428417    0.00771127    0.01002904    0.00997055    0.01013229    0.01845175    0.02028738    0.02483888    0.00013808 
angle (deg.)     :    17.2235  23.4736  27.7728  30.6724  59.1657  42.9919  41.2912  73.3485 
>
iteration       : 35
climbing        : no
zoom on         : no
nim             : 10
barrier         :   0.07924698 (image:  7) 
distance        :   0.00000000    3.87524145    7.44257197   10.89364752   13.71745410   16.06691898   17.17779175   18.24577271   19.28118759   26.41034887 
energy          : -1757.32855742  -1757.32667952  -1757.32380632  -1757.31947819  -1757.31096498  -1757.30105777  -1757.25341368  -1757.24931044  -1757.32524445  -1757.38189216 
max(|Fr_perp|)   :   0.00000000    0.00072710    0.00160140    0.00290658    0.00966513    0.00605863    0.00639500    0.00689026    0.00910116    0.00000000 
Fr_paral         :   0.00000000   -0.00094318   -0.00129555   -0.00346724   -0.00515198   -0.01810751   -0.09781996    0.11741628    0.05316483    0.00000000 
max(|Fsp_paral|) :   0.00000000    0.00310227    0.00594824    0.00814905    0.00671067    0.00376893    0.00044040    0.00157825    0.00270230    0.00000000 
max(|Fsp_perp|)  :   0.00000000    0.00000000    0.00000000    0.00000000    0.00000000    0.00000000    0.00000000    0.00000000    0.00000000    0.00000000 
max(|FNEB|)      :   0.00000000    0.00296901    0.00530759    0.00665206    0.00985120    0.00613482    0.00639430    0.00686464    0.00919863    0.00000000 
max(|Force|)     :   0.00011019    0.00083994    0.00150484    0.00343743    0.00958665    0.00998052    0.05019826    0.05836139    0.02271515    0.00021577 
ksp              :   0.01213272    0.01539578    0.02031119    0.02997956    0.04123108    0.09534000    0.10000000    0.10000000    0.01376251 
max(|step|)      :   0.00000000    0.00999246    0.01807765    0.02320043    0.02224210    0.02004140    0.01860722    0.02801134    0.03948268    0.00137784 
angle (deg.)     :    17.4133  23.5678  27.7956  30.9859  58.9768  45.0512  44.8663  72.9225 
>
iteration       : 36
climbing        : no
zoom on         : no
nim             : 10
barrier         :   0.07859269 (image:  7) 
distance        :   0.00000000    3.90153871    7.49208384   10.94260532   13.76152838   16.10612484   17.22209472   18.28829558   19.29776934   26.44556952 
energy          : -1757.32855742  -1757.32666885  -1757.32379377  -1757.31946281  -1757.31115488  -1757.30114920  -1757.25331960  -1757.24996474  -1757.32288851  -1757.38189216 
max(|Fr_perp|)   :   0.00000000    0.00187396    0.00382282    0.00354476    0.00367310    0.00536111    0.00778285    0.00771278    0.00532487    0.00000000 
Fr_paral         :   0.00000000   -0.00094226   -0.00129613   -0.00341576   -0.00506753   -0.01873472   -0.09881392    0.10934552    0.05433317    0.00000000 
max(|Fsp_paral|) :   0.00000000    0.00315282    0.00588717    0.00780168    0.00693894    0.00421717    0.00035869    0.00289372    0.00844395    0.00000000 
max(|Fsp_perp|)  :   0.00000000    0.00000000    0.00000000    0.00000000    0.00000000    0.00000000    0.00000000    0.00000000    0.00000000    0.00000000 
max(|FNEB|)      :   0.00000000    0.00302682    0.00523016    0.00640019    0.00666297    0.00649984    0.00753327    0.00744917    0.00945790    0.00000000 
max(|Force|)     :   0.00011019    0.00187881    0.00385446    0.00363410    0.00368484    0.01097693    0.04899690    0.05176670    0.02417737    0.00021577 
ksp              :   0.01216269    0.01545507    0.02041465    0.02992843    0.04138639    0.09615820    0.10000000    0.10000000    0.01649172 
max(|step|)      :   0.00000000    0.01922390    0.03415587    0.04301484    0.04338628    0.03866851    0.03417124    0.03625693    0.03909331    0.00285522 
angle (deg.)     :    17.7656  23.7469  27.8867  31.6990  58.7492  47.0897  47.7038  72.6889 
>
iteration       : 37
climbing        : no
zoom on         : no
nim             : 10
barrier         :   0.07871276 (image:  7) 
distance        :   0.00000000    3.95204949    7.58575859   11.03388653   13.84784020   16.18587922   17.29270151   18.35496428   19.36129155   26.52740973 
energy          : -1757.32855742  -1757.32664386  -1757.32375105  -1757.31937054  -1757.31115752  -1757.30107499  -1757.25361047  -1757.24984466  -1757.32165966  -1757.38189216 
max(|Fr_perp|)   :   0.00000000    0.00311898    0.00656844    0.00659411    0.00723434    0.01049133    0.01869924    0.01109649    0.00926930    0.00000000 
Fr_paral         :   0.00000000   -0.00094817   -0.00130543   -0.00341160   -0.00492259   -0.01945790   -0.09811668    0.10335109    0.05404118    0.00000000 
max(|Fsp_paral|) :   0.00000000    0.00318778    0.00571658    0.00753503    0.00691239    0.00357889    0.00016694    0.00294830    0.01351330    0.00000000 
max(|Fsp_perp|)  :   0.00000000    0.00000000    0.00000000    0.00000000    0.00000000    0.00000000    0.00000000    0.00000000    0.00000000    0.00000000 
max(|FNEB|)      :   0.00000000    0.00307512    0.00621187    0.00624237    0.00719468    0.01094072    0.01872973    0.01108864    0.01474862    0.00000000 
max(|Force|)     :   0.00011019    0.00312431    0.00660078    0.00668352    0.00724968    0.01186000    0.04739287    0.04762101    0.02475501    0.00021577 
ksp              :   0.01218797    0.01549560    0.02050426    0.02989502    0.04142336    0.09569418    0.10000000    0.10000000    0.01788689 
max(|step|)      :   0.00000000    0.04389402    0.07702273    0.09697994    0.10000000    0.08729966    0.08008213    0.08264013    0.07526456    0.00914211 
angle (deg.)     :    18.5399  24.2138  28.1864  33.4392  58.7169  49.8906  52.1209  72.4889 
>
iteration       : 38
climbing        : no
zoom on         : no
nim             : 10
barrier         :   0.07884634 (image:  7) 
distance        :   0.00000000    4.06727653    7.79774488   11.24228673   14.04918226   16.37725380   17.46022202   18.52022317   19.53337035   26.73450406 
energy          : -1757.32855742  -1757.32658212  -1757.32364552  -1757.31914178  -1757.31113745  -1757.30094450  -1757.25459737  -1757.24971108  -1757.32058263  -1757.38189216 
max(|Fr_perp|)   :   0.00000000    0.00477316    0.00994216    0.01031313    0.01123725    0.01609746    0.02735308    0.01605973    0.01486807    0.00000000 
Fr_paral         :   0.00000000   -0.00096032   -0.00129995   -0.00336145   -0.00467958   -0.02031318   -0.09415225    0.09421939    0.05282847    0.00000000 
max(|Fsp_paral|) :   0.00000000    0.00327231    0.00535557    0.00700444    0.00677397    0.00210918    0.00207801    0.00252455    0.01696095    0.00000000 
max(|Fsp_perp|)  :   0.00000000    0.00000000    0.00000000    0.00000000    0.00000000    0.00000000    0.00000000    0.00000000    0.00000000    0.00000000 
max(|FNEB|)      :   0.00000000    0.00478438    0.00973165    0.01012535    0.01134104    0.01654805    0.02756528    0.01498690    0.01893889    0.00000000 
max(|Force|)     :   0.00011019    0.00484310    0.01010217    0.01053369    0.01139402    0.01743347    0.05144752    0.04591004    0.02474088    0.00021577 
ksp              :   0.01225495    0.01560845    0.02074921    0.02988801    0.04152547    0.09443486    0.10000000    0.10000000    0.01913600 
max(|step|)      :   0.00000000    0.00790633    0.01608184    0.01673243    0.01874141    0.02734614    0.04555243    0.02476629    0.03129707    0.00000000 
angle (deg.)     :    18.6141  24.2533  28.2321  33.5987  59.3451  47.0672  48.4087  72.8964 
>
iteration       : 39
climbing        : no
zoom on         : no
nim             : 10
barrier         :   0.07772380 (image:  7) 
distance        :   0.00000000    4.08093469    7.81881622   11.26211070   14.07058122   16.39454783   17.47086537   18.52020624   19.56621731   26.75195061 
energy          : -1757.32855742  -1757.32656807  -1757.32361710  -1757.31913737  -1757.31129324  -1757.30106455  -1757.25519287  -1757.25083363  -1757.32463045  -1757.38189216 
max(|Fr_perp|)   :   0.00000000    0.00520972    0.01080052    0.01107573    0.01169991    0.02088304    0.02638132    0.00874442    0.00752658    0.00000000 
Fr_paral         :   0.00000000   -0.00097089   -0.00132207   -0.00345503   -0.00492839   -0.01915400   -0.08477018    0.10510296    0.05170591    0.00000000 
max(|Fsp_paral|) :   0.00000000    0.00333749    0.00536092    0.00690914    0.00684621    0.00190201    0.00144174    0.00017101    0.00003121    0.00000000 
max(|Fsp_perp|)  :   0.00000000    0.00000000    0.00000000    0.00000000    0.00000000    0.00000000    0.00000000    0.00000000    0.00000000    0.00000000 
max(|FNEB|)      :   0.00000000    0.00524460    0.01113487    0.01138305    0.01169124    0.02059417    0.02619832    0.00872893    0.00752848    0.00000000 
max(|Force|)     :   0.00011019    0.00520576    0.01076711    0.01098896    0.01170320    0.02199520    0.04796796    0.04934561    0.02321329    0.00021577 
ksp              :   0.01230357    0.01572063    0.02090792    0.02999100    0.04183527    0.09495223    0.10000000    0.10000000    0.01454722 
max(|step|)      :   0.00000000    0.00362015    0.00645418    0.00654128    0.00828596    0.01234174    0.01383766    0.01150981    0.00793337    0.00016694 
angle (deg.)     :    18.6629  24.2818  28.2687  33.6788  59.5228  45.5180  46.0611  73.0145 
>
iteration       : 40
climbing        : no
zoom on         : no
nim             : 10
barrier         :   0.07732590 (image:  7) 
distance        :   0.00000000    4.09031087    7.83308165   11.27551589   14.08577016   16.40596474   17.47384523   18.52012187   19.56358633   26.74793502 
energy          : -1757.32855742  -1757.32658734  -1757.32371262  -1757.31922482  -1757.31139805  -1757.30146541  -1757.25589268  -1757.25123152  -1757.32534475  -1757.38189216 
max(|Fr_perp|)   :   0.00000000    0.00121529    0.00232930    0.00242039    0.00409914    0.00557981    0.00714759    0.00611836    0.00664695    0.00000000 
Fr_paral         :   0.00000000   -0.00095997   -0.00133014   -0.00345555   -0.00485968   -0.01928903   -0.09134549    0.10948387    0.05144303    0.00000000 
max(|Fsp_paral|) :   0.00000000    0.00321930    0.00538965    0.00701176    0.00637376    0.00176119    0.00188542    0.00014191    0.00253491    0.00000000 
max(|Fsp_perp|)  :   0.00000000    0.00000000    0.00000000    0.00000000    0.00000000    0.00000000    0.00000000    0.00000000    0.00000000    0.00000000 
max(|FNEB|)      :   0.00000000    0.00313364    0.00466211    0.00583500    0.00694470    0.00531543    0.00756337    0.00610222    0.00681231    0.00000000 
max(|Force|)     :   0.00011019    0.00121978    0.00237128    0.00312892    0.00420679    0.01150684    0.04784718    0.05090728    0.02258197    0.00021577 
ksp              :   0.01229299    0.01563889    0.02086226    0.02997188    0.04153253    0.09457486    0.10000000    0.10000000    0.01373924 
max(|step|)      :   0.00000000    0.01003433    0.01477305    0.01840049    0.02274225    0.01727722    0.01981493    0.02754569    0.01736876    0.00226593 
angle (deg.)     :    18.8034  24.3650  28.3612  33.9227  60.2237  42.2698  41.1309  73.2828 
>
iteration       : 41
climbing        : no
zoom on         : no
nim             : 10
barrier         :   0.07682625 (image:  7) 
distance        :   0.00000000    4.11624535    7.87345802   11.31369981   14.12753368   16.43869675   17.49625374   18.53471246   19.56753772   26.75193087 
energy          : -1757.32855742  -1757.32656940  -1757.32368417  -1757.31918617  -1757.31140667  -1757.30158851  -1757.25564275  -1757.25173117  -1757.32644416  -1757.38189216 
max(|Fr_perp|)   :   0.00000000    0.00248272    0.00473950    0.00432147    0.00406630    0.00646544    0.00985915    0.00510094    0.00427588    0.00000000 
Fr_paral         :   0.00000000   -0.00097056   -0.00134464   -0.00347153   -0.00485984   -0.01928497   -0.09680568    0.11677080    0.05098153    0.00000000 
max(|Fsp_paral|) :   0.00000000    0.00322604    0.00535411    0.00707362    0.00596832    0.00187373    0.00145148    0.00027216    0.00596775    0.00000000 
max(|Fsp_perp|)  :   0.00000000    0.00000000    0.00000000    0.00000000    0.00000000    0.00000000    0.00000000    0.00000000    0.00000000    0.00000000 
max(|FNEB|)      :   0.00000000    0.00314388    0.00462023    0.00600803    0.00681421    0.00713046    0.00985160    0.00492452    0.00711115    0.00000000 
max(|Force|)     :   0.00011019    0.00248833    0.00477375    0.00440814    0.00408928    0.01058948    0.04861815    0.05618158    0.02114129    0.00021577 
ksp              :   0.01232892    0.01570889    0.02097818    0.03009167    0.04159340    0.09541769    0.10000000    0.10000000    0.01247564 
max(|step|)      :   0.00000000    0.01851598    0.02701511    0.03409750    0.04150270    0.03038263    0.03425763    0.03640461    0.02732160    0.00384238 
angle (deg.)     :    19.0596  24.5280  28.5341  34.3811  61.2634  39.3563  35.7240  73.5874 
>
