 MPINFO::: Global Communicator        :::
 MPINFO::: Global Context =    0      :::
 MPINFO::: Global Size =      10      :::
 MPINFO::: Global Root =       0      :::
 MPINFO::: Global Rank =       0      :::
 version 2.68: slics foundation version
 ========================================================================
    Program: SEQQUEST - LCAO-PS-DFT electronic structure code
    Version:  2.68e     Last revised: 29Mar20-PAS
    Copyright 2007 Sandia Corporation.

    Written by Peter A. Schultz (Sandia National Laboratories)
    Based on a code originally written by Peter J. Feibelman

    Documentation:  http://www.cs.sandia.gov/~paschul/Quest/
               and  http://dft.sandia.gov/Quest/
    Questions, comments to:  paschul@sandia.gov
 ========================================================================
  Maximum dimension parameters for this run are:
  
   maxwkd (r8 workspace)   = 220000000
   maxr1d (grid dimension) =       600
  
   norbd (basis fcns) =      8500
   natmd (atoms)      =       650     ntypd (atom types) =         7
   nshld (shell/atm)  =         7     noad  (bf/atm)     =        21
   nald  (gauss/shell)=         6     nrd   (rad pts/atm)=       200
   nkd   (kpts/ibz)   =      2000     nsymd (sym/group)  =        48
   nimgd (NEB images) =        12
  
   nlatd (lattice images)=      2000
   neq3d (do not ask) =        14
   Default record length (r8) for i/o=   1000000
 ------------------------------------------------------------------------

 Before input     +    0.22 =       0.2 seconds wall (    0.04 usr    0.12 sys)
  
##### Run options:
 do setup                                                                        
 do iters                                                                        
 do force                                                                        
 do relax                                                                        
 do neb                                                                          
 setup data                                                                      
 >>>>> Options (set/scf/frc/relax/cell/neb/md)= T T T T F T F
 >>>>> use blas3= T
 >>>>> split basis = T
 >>>>> Output level set =           2
 >>>> do_bands, do_optic, do_nonscf= F F F
setup data:
functional
 PBE-SP
spin polarization
   1.00000000
 vdw_potential type, default=OFF 
   OFF   
dimension of system (0=cluster ... 3=bulk)
  0
 coordinates given in (lattice,cartesian):
  cartesian
 scalep: scale factor for problem
   1.00000000
 scalez factor: scale z-direction
   1.00000000
primitive lattice vectors
  55.00000000  0.00000000  0.00000000
   0.00000000 45.00000000  0.00000000
   0.00000000  0.00000000 50.00000000
 > Input Cell volume{bohr^3)=   123750.000000
grid dimensions
  184 150 167
 nearby option: 0=0,1=pt,2=wt
  2
atom types
  4
atom file
 O = O.atm
>>>>> atom type name=O           
type number, label:
  1 O                      
notes6
 notes for this atom file:
 Constructed by Peter A. Schultz, 17-January-2007
 Troullier/Martins-type ppot [N.Troullier,J.L.Martins, PRB 43,8861(1991)]
 generated by fhi98PP [M.Fuchs,M.Scheffler, Comput.Phys.Commun. 119,67(1999)]
 ppot: [He-core]s2p4, l=1; Rs=1.15, Rp=1.15
   NB: a middlin' hard T-M potential, without partial core correction
 basis: refined in H2O
mass
   1.59994000D+01
energy = E(H2O) - E(H2)
  -3.20919400D+01
effective nuclear charge (s2p4 to  9.0)
   6.00000000D+00
pseudopotentials: Lmax, and effective gaussian range
  1   5.87000000
functional type used in generating potential:
 PBE    = dft fcnal used to generate pot
radial mesh: number of points for local and non-local pot integrals
  80  59
mesh points for nuclear potential;  tm91fh
      0.01666667  0.01804829  0.01954444  0.02116462  0.02291911  0.02481905
      0.02687648  0.02910446  0.03151714  0.03412983  0.03695910  0.04002291
      0.04334070  0.04693352  0.05082419  0.05503737  0.05959982  0.06454048
      0.06989072  0.07568447  0.08195850  0.08875264  0.09610999  0.10407725
      0.11270497  0.12204790  0.13216534  0.14312149  0.15498587  0.16783378
      0.18174674  0.19681305  0.21312832  0.23079608  0.24992845  0.27064683
      0.29308272  0.31737848  0.34368829  0.37217912  0.40303175  0.43644199
      0.47262184  0.51180091  0.55422781  0.60017179  0.64992440  0.70380136
      0.76214458  0.82532429  0.89374143  0.96783016  1.04806065  1.13494203
      1.22902564  1.33090852  1.44123721  1.56071186  1.69009063  1.83019454
      1.98191269  2.14620786  2.32412265  2.51678610  2.72542082  2.95135079
      3.19600974  3.46095025  3.74785362  4.05854048  4.39498245  4.75931454
      5.15384877  5.58108881  6.04374589  6.54475598  7.08729845  7.67481621
      8.31103759  9.00000000
radwts: weights for radial points
      0.00132734  0.00143737  0.00155652  0.00168555  0.00182528  0.00197659
      0.00214045  0.00231788  0.00251003  0.00271810  0.00294343  0.00318743
      0.00345166  0.00373779  0.00404764  0.00438318  0.00474654  0.00514001
      0.00556610  0.00602752  0.00652718  0.00706827  0.00765421  0.00828872
      0.00897584  0.00971991  0.01052566  0.01139821  0.01234309  0.01336630
      0.01447433  0.01567421  0.01697356  0.01838063  0.01990433  0.02155435
      0.02334114  0.02527606  0.02737138  0.02964039  0.03209750  0.03475829
      0.03763966  0.04075988  0.04413877  0.04779775  0.05176005  0.05605082
      0.06069728  0.06572892  0.07117767  0.07707811  0.08346767  0.09038691
      0.09787974  0.10599371  0.11478030  0.12429527  0.13459901  0.14575690
      0.15783976  0.17092424  0.18509340  0.20043714  0.21705283  0.23504592
      0.25453058  0.27563048  0.29847949  0.32322263  0.35001691  0.37903236
      0.41045311  0.44447856  0.48132462  0.52122512  0.56443327  0.61122325
      0.66189199  0.71676104
non-local potential: l,potential*integration weight
  0   0.93730511  0.93554052  0.93361839  0.93153365  0.92928327  0.92686634
      0.92428390  0.92153850  0.91863349  0.91557199  0.91235563  0.90898303
      0.90544833  0.90173964  0.89783801  0.89371685  0.88934220  0.88467387
      0.87966724  0.87427564  0.86845278  0.86215507  0.85534357  0.84798554
      0.84005562  0.83153648  0.82241863  0.81269851  0.80237370  0.79143391
      0.77984650  0.76753677  0.75436432  0.74009742  0.72438611  0.70673257
      0.68645949  0.66269421  0.63442591  0.60072027  0.56103450  0.51518157
      0.46260034  0.40186561  0.33154312  0.25174338  0.16543037  0.07940357
      0.00465384 -0.04517076 -0.05908610 -0.03875595 -0.00829872  0.00001909
      0.00000545  0.00000199  0.00000064  0.00000018  0.00000004  0.00000000
      0.00000000  0.00000000  0.00000000  0.00000000  0.00000000  0.00000000
      0.00000000  0.00000000  0.00000000  0.00000000  0.00000000  0.00000000
      0.00000000  0.00000000  0.00000000  0.00000000  0.00000000  0.00000000
      0.00000000  0.00000000
non-local potential: l,potential*integration weight
  1   0.90370413  0.89915413  0.89421569  0.88886460  0.88307711  0.87682988
      0.87009965  0.86286267  0.85509381  0.84676537  0.83784560  0.82829704
      0.81807474  0.80712459  0.79538197  0.78277097  0.76920439  0.75458466
      0.73880543  0.72175375  0.70331247  0.68336251  0.66178511  0.63846390
      0.61328705  0.58614966  0.55695625  0.52562300  0.49207935  0.45626822
      0.41814517  0.37767819  0.33485145  0.28967777  0.24222327  0.19264571
      0.14124931  0.08857314  0.03556416 -0.01609767 -0.06361358 -0.10313288
     -0.13071331 -0.14337790 -0.13932187 -0.11803667 -0.08124130 -0.03422899
      0.01331497  0.04813719  0.05745893  0.03806545  0.00846852  0.00000828
      0.00000560  0.00000199  0.00000064  0.00000018  0.00000004  0.00000000
      0.00000000  0.00000000  0.00000000  0.00000000  0.00000000  0.00000000
      0.00000000  0.00000000  0.00000000  0.00000000  0.00000000  0.00000000
      0.00000000  0.00000000  0.00000000  0.00000000  0.00000000  0.00000000
      0.00000000  0.00000000

 For atom type  1, l= 1 potential used as local nuclear potential
number of radial functions  ****  O/pbe   - by Peter Schultz / 17Jan07 ****
  5
angular momentum, number of alphas
  0  5
alphas - s - 5s/2/5s284 Eopt(flat) + check (c1)
   2.40227000D-01  6.83348000D-01  1.98182200D+00  3.96390000D+00
   7.92780000D+00
wave function coefficients
   3.33034000D-01  1.10004600D+00  1.16492600D+00 -1.95149900D+00
   6.44755000D-01
angular momentum, number of alphas
  1  4
alphas - p - 4p/2/4p563 Eopt + reopt(c1)
   1.29289000D-01  4.02185000D-01  1.18213300D+00  3.84037500D+00
wave function coefficients
   5.93100000D-02  3.75369000D-01  1.45605400D+00  3.86770800D+00
angular momentum, number of alphas
  0  1
alphas - s - second zeta s polarization
   2.40227000D-01
wave function coefficients
   1.00000000D+00
angular momentum, number of alphas
  1  1
alphas - p - second zeta p polarization
   1.29289000D-01
wave function coefficients
   1.00000000D+00
angular momentum, number of alphas
  2  2
alphas
   2.50000000D-01  1.20000000D+00
wave function coefficients
   1.17200000D-01  1.00000000D+00
shell occupancies for oxygen, O s(2.0)p(4.5)p'(-0.5), -0.5 pseudoion (H2O)
      2.00000000  4.50000000  0.00000000 -0.50000000  0.00000000
end atom file
atom file
 H = H.atm
>>>>> atom type name=H           
type number, label:
  2 H                      
notes3
 notes for this atom file:
 bare nuclear potential
 generated March-2001, by Peter A. Schultz
 Changed to triple-zeta s (to recover double-zeta, remove third zeta)
mass
   1.00079000D+00
energy = E(H2)/2
  -1.16555500D+00
effective nuclear charge (s1 to 10.0)
   1.00000000D+00
pseudopotentials: Lmax, and effective gaussian range
 -1   1.71000000
radial mesh: number of points for local and non-local pot integrals
 100  80
mesh points for nuclear potential
      0.00200000  0.00217968  0.00237551  0.00258893  0.00282152  0.00307501
      0.00335127  0.00365236  0.00398049  0.00433810  0.00472785  0.00515260
      0.00561552  0.00612003  0.00666986  0.00726909  0.00792215  0.00863389
      0.00940957  0.01025494  0.01117626  0.01218036  0.01327466  0.01446727
      0.01576703  0.01718357  0.01872736  0.02040986  0.02224351  0.02424190
      0.02641983  0.02879343  0.03138027  0.03419952  0.03727205  0.04062063
      0.04427005  0.04824734  0.05258195  0.05730599  0.06245444  0.06806544
      0.07418054  0.08084503  0.08810827  0.09602405  0.10465099  0.11405299
      0.12429968  0.13546694  0.14763749  0.16090146  0.17535709  0.19111143
      0.20828116  0.22699345  0.24738688  0.26961248  0.29383487  0.32023343
      0.34900367  0.38035868  0.41453067  0.45177272  0.49236064  0.53659505
      0.58480355  0.63734316  0.69460302  0.75700718  0.82501783  0.89913865
      0.97991859  1.06795593  1.16390267  1.26846941  1.38243058  1.50663019
      1.64198808  1.78950672  1.95027865  2.12549457  2.31645214  2.52456563
      2.75137635  2.99856407  3.26795950  3.56155782  3.88153345  4.23025616
      4.61030863  5.02450558  5.47591460  5.96787887  6.50404194  7.08837469
      7.72520477  8.41924860  9.17564635 10.00000000
radwts: weights for radial points
      0.00017206  0.00018752  0.00020437  0.00022273  0.00024274  0.00026455
      0.00028832  0.00031422  0.00034245  0.00037322  0.00040675  0.00044329
      0.00048312  0.00052652  0.00057382  0.00062538  0.00068156  0.00074279
      0.00080953  0.00088226  0.00096152  0.00104790  0.00114205  0.00124465
      0.00135647  0.00147834  0.00161116  0.00175591  0.00191366  0.00208559
      0.00227296  0.00247716  0.00269972  0.00294226  0.00320660  0.00349468
      0.00380865  0.00415083  0.00452374  0.00493016  0.00537310  0.00585582
      0.00638192  0.00695528  0.00758015  0.00826117  0.00900336  0.00981224
      0.01069378  0.01165453  0.01270159  0.01384272  0.01508637  0.01644175
      0.01791890  0.01952876  0.02128325  0.02319537  0.02527928  0.02755040
      0.03002557  0.03272311  0.03566301  0.03886703  0.04235890  0.04616448
      0.05031197  0.05483207  0.05975826  0.06512703  0.07097814  0.07735492
      0.08430461  0.09187866  0.10013317  0.10912928  0.11893362  0.12961879
      0.14126394  0.15395530  0.16778687  0.18286109  0.19928960  0.21719407
      0.23670711  0.25797323  0.28114992  0.30640885  0.33393707  0.36393847
      0.39663525  0.43226954  0.47110528  0.51343007  0.55955739  0.60982886
      0.66461678  0.72432694  0.78940154  0.86032254
number of radial functions  **** H PBE bare-core basis 11Apr01-PAS ****
  4
angular momentum, number of alphas
  0  5
alphas - s - Ham-II/PBE/4s408 + a5(19.22) + full recontract in H2
   1.02474000D-01  3.72304000D-01  1.23085800D+00  4.78332400D+00
   1.92200000D+01
wave function coefficients
   1.04060000D-01  4.80100000D-01  5.85350000D-01  3.97563000D-01
   2.69130000D-01
angular momentum, number of alphas
  0  2
alphas - s - second zeta s polarization (H2O Eopt)
   1.02474000D-01  3.72304000D-01
wave function coefficients
   7.52810000D-02  1.20939000D-01
angular momentum, number of alphas
  0  1
alphas - s - third zeta s polarization (H2O Eopt)
   1.02474000D-01
wave function coefficients
   1.00000000D+00
angular momentum, number of alphas
  1  1
alphas - p - angular polarization (dzp Eopt H2)
   1.10000000D+00
wave function coefficients
   1.00000000D+00
shell occupancies for hydrogen, H: s(1.00)p(0.00)
      1.00000000  0.00000000  0.00000000  0.00000000
end atom file
atom file
 C = C.atm
>>>>> atom type name=C           
type number, label:
  3 C                      
notes5
 notes for this atom file:
 Constructed by Peter A. Schultz, 4-January-2007
 Hamann-type ppot [D.R. Hamann,  PRB 40, 2980 (1989)]
 generated by fhi98PP [M.Fuchs,M.Scheffler, Comput.Phys.Commun. 119,67(1999)]
 ppot: [He-core]s2p2, l=1; Def: Rs=0.73, Rp=0.48
 basis: refined in 4-lyr Td(111) slab
energy - Td/16^3/k8^3/pbe
  -1.13937680D+01
effective nuclear charge (s2p2 to  9.0)
   4.00000000D+00
pseudopotentials: Lmax, and effective gaussian range
  1   3.69000000
functional type used in generating potential:
 PBE    = dft fcnal used to generate pot
radial mesh: number of points for local and non-local pot integrals
 120 102
mesh points for nuclear potential;  ham1fh
      0.02500000  0.02626767  0.02759962  0.02899911  0.03046956  0.03201457
      0.03363793  0.03534360  0.03713576  0.03901879  0.04099731  0.04307615
      0.04526040  0.04755541  0.04996679  0.05250045  0.05516258  0.05795969
      0.06089864  0.06398662  0.06723117  0.07064025  0.07422219  0.07798576
      0.08194016  0.08609508  0.09046069  0.09504766  0.09986722  0.10493116
      0.11025188  0.11584240  0.12171640  0.12788824  0.13437304  0.14118667
      0.14834579  0.15586793  0.16377149  0.17207581  0.18080122  0.18996907
      0.19960179  0.20972295  0.22035733  0.23153093  0.24327112  0.25560662
      0.26856761  0.28218580  0.29649454  0.31152882  0.32732544  0.34392306
      0.36136229  0.37968581  0.39893845  0.41916733  0.44042196  0.46275433
      0.48621912  0.51087372  0.53677848  0.56399679  0.59259525  0.62264384
      0.65421610  0.68738929  0.72224459  0.75886729  0.79734700  0.83777790
      0.88025891  0.92489401  0.97179240  1.02106886  1.07284397  1.12724443
      1.18440337  1.24446064  1.30756323  1.37386555  1.44352985  1.51672659
      1.59363491  1.67444300  1.75934861  1.84855951  1.94229400  2.04078147
      2.14426292  2.25299158  2.36723353  2.48726831  2.61338967  2.74590624
      2.88514230  3.03143856  3.18515304  3.34666189  3.51636033  3.69466363
      3.88200811  4.07885224  4.28567769  4.50299059  4.73132273  4.97123286
      5.22330806  5.48816518  5.76645235  6.05885056  6.36607535  6.68887851
      7.02804998  7.38441975  7.75885988  8.15228666  8.56566284  9.00000000
radwts: weights for radial points
      0.00123658  0.00129928  0.00136516  0.00143438  0.00150712  0.00158354
      0.00166383  0.00174820  0.00183685  0.00192999  0.00202785  0.00213068
      0.00223872  0.00235224  0.00247151  0.00259683  0.00272851  0.00286686
      0.00301223  0.00316497  0.00332546  0.00349408  0.00367126  0.00385741
      0.00405301  0.00425853  0.00447446  0.00470135  0.00493974  0.00519022
      0.00545340  0.00572992  0.00602047  0.00632574  0.00664650  0.00698352
      0.00733764  0.00770970  0.00810064  0.00851140  0.00894298  0.00939645
      0.00987291  0.01037354  0.01089955  0.01145223  0.01203293  0.01264309
      0.01328418  0.01395777  0.01466553  0.01540917  0.01619052  0.01701149
      0.01787408  0.01878042  0.01973272  0.02073330  0.02178462  0.02288924
      0.02404988  0.02526938  0.02655071  0.02789701  0.02931157  0.03079787
      0.03235953  0.03400038  0.03572443  0.03753590  0.03943922  0.04143906
      0.04354030  0.04574809  0.04806782  0.05050519  0.05306614  0.05575696
      0.05858421  0.06155483  0.06467608  0.06795559  0.07140140  0.07502194
      0.07882606  0.08282307  0.08702276  0.09143541  0.09607180  0.10094329
      0.10606180  0.11143986  0.11709061  0.12302790  0.12926625  0.13582092
      0.14270796  0.14994422  0.15754741  0.16553613  0.17392994  0.18274936
      0.19201600  0.20175251  0.21198273  0.22273169  0.23402570  0.24589238
      0.25836079  0.27146144  0.28522637  0.29968928  0.31488556  0.33085239
      0.34762885  0.36525599  0.38377694  0.40323704  0.42368389  0.44516753
non-local potential: l,potential*integration weight
  0   0.39100562  0.39067485  0.39033823  0.38999879  0.38965989  0.38932513
      0.38899826  0.38868306  0.38838318  0.38810195  0.38784228  0.38760641
      0.38739580  0.38721103  0.38705165  0.38691622  0.38680233  0.38670670
      0.38662533  0.38655366  0.38648687  0.38641999  0.38634820  0.38626692
      0.38617198  0.38605973  0.38592700  0.38577121  0.38559025  0.38538253
      0.38514689  0.38488257  0.38458924  0.38426700  0.38391647  0.38353887
      0.38313623  0.38271151  0.38226892  0.38181401  0.38135384  0.38089688
      0.38045258  0.38003039  0.37963798  0.37927841  0.37894605  0.37862117
      0.37826346  0.37780501  0.37714366  0.37613777  0.37460355  0.37231704
      0.36902414  0.36446416  0.35841004  0.35071546  0.34133721  0.33029683
      0.31759520  0.30316280  0.28690443  0.26875136  0.24853666  0.22574940
      0.19972621  0.17051836  0.13937240  0.10806813  0.07821470  0.05122470
      0.02840362  0.01081157 -0.00100516 -0.00724855 -0.00892743 -0.00764520
     -0.00514007 -0.00276292 -0.00116667 -0.00036807 -0.00007497 -0.00000151
      0.00000748  0.00000523  0.00000292  0.00000155  0.00000081  0.00000043
      0.00000024  0.00000016  0.00000011  0.00000009  0.00000008  0.00000006
      0.00000005  0.00000005  0.00000004  0.00000004  0.00000003  0.00000003
      0.00000000  0.00000000  0.00000000  0.00000000  0.00000000  0.00000000
      0.00000000  0.00000000  0.00000000  0.00000000  0.00000000  0.00000000
      0.00000000  0.00000000  0.00000000  0.00000000  0.00000000  0.00000000
non-local potential: l,potential*integration weight
  1   0.36560952  0.36397730  0.36227137  0.36049107  0.35863582  0.35670508
      0.35469817  0.35261419  0.35045178  0.34820898  0.34588303  0.34347014
      0.34096535  0.33836235  0.33565334  0.33282903  0.32987859  0.32678968
      0.32354862  0.32014045  0.31654911  0.31275762  0.30874814  0.30450211
      0.30000028  0.29522270  0.29014867  0.28475665  0.27902413  0.27292752
      0.26644201  0.25954147  0.25219842  0.24438401  0.23606814  0.22721973
      0.21780705  0.20779831  0.19716246  0.18587019  0.17389525  0.16121597
      0.14781711  0.13369188  0.11884413  0.10329073  0.08706409  0.07021525
      0.05281777  0.03497339  0.01682028 -0.00145547 -0.01960454 -0.03729507
     -0.05408874 -0.06941146 -0.08252221 -0.09249895 -0.09828416 -0.09883540
     -0.09337182 -0.08162950 -0.06406125 -0.04206903 -0.01838077  0.00287418
      0.01747263  0.02350852  0.02232316  0.01698540  0.01056097  0.00526361
      0.00203413  0.00063797  0.00029470  0.00031888  0.00036305  0.00033630
      0.00025811  0.00017000  0.00009990  0.00005521  0.00003035  0.00001705
      0.00000966  0.00000539  0.00000293  0.00000155  0.00000081  0.00000043
      0.00000024  0.00000016  0.00000011  0.00000009  0.00000008  0.00000006
      0.00000005  0.00000005  0.00000004  0.00000004  0.00000003  0.00000003
      0.00000000  0.00000000  0.00000000  0.00000000  0.00000000  0.00000000
      0.00000000  0.00000000  0.00000000  0.00000000  0.00000000  0.00000000
      0.00000000  0.00000000  0.00000000  0.00000000  0.00000000  0.00000000

 For atom type  3, l= 1 potential used as local nuclear potential
number of radial functions  ****  C/pbe  basis - by Peter Schultz -  8Jan07 ****
  5
angular momentum, number of alphas
  0  5
alphas - s - 5s/2/5s312 Eopt + reopt(c2,c1)
   1.55830000D-01  4.58320000D-01  1.40253800D+00  2.80520000D+00
   5.61040000D+00
wave function coefficients
   2.61700000D-01  7.05480000D-01  3.62537000D-01 -1.29642800D+00
   4.50261000D-01
angular momentum, number of alphas
  1  4
alphas - p - 4p/2/4p361 Eopt + reopt(c1)
   1.43749000D-01  4.89605000D-01  1.38713100D+00  4.55300700D+00
wave function coefficients
   8.49200000D-02  5.16452000D-01  1.01732000D+00  1.69318600D+00
angular momentum, number of alphas
  0  1
alphas - p - second zeta p polarization
   1.55830000D-01
wave function coefficients
   1.00000000D+00
angular momentum, number of alphas
  1  1
alphas - p - second zeta p polarization
   1.43749000D-01
wave function coefficients
   1.00000000D+00
angular momentum, number of alphas
  2  1
alphas - d - angular polarization (dzp Eopt)
   7.30000000D-01
wave function coefficients
   1.00000000D+00
shell occupation numbers for C, carbon - s(2.00)p(2.00)
      2.00000000  2.00000000  0.00000000  0.00000000  0.00000000
end atom file
atom file
 Si = Si.atm
>>>>> atom type name=Si          
type number, label:
  4 Si                     
notes5
 notes for this atom file:
 Constructed by Peter A. Schultz, 27-July-2009
 Hamann-type ppot [D.R. Hamann,  PRB 40, 2980 (1989)]
 generated by fhi98PP [M.Fuchs,M.Scheffler, Comput.Phys.Commun. 119,67(1999)]
 ppot: s2p2, l=2, Rd=def, Rpc=NONE; def: Rs=1.05, Rp=1.28, Rd=1.28
 basis: refined in 4l-Si111 slab, d-fcn in Si_i[0]:Si(110-split)
energy - Td 2-atm-fcc/24^3/k12^3/uc  3p/-7.876267, 4p/-7.876617
  -7.87661700D+00
effective nuclear charge (s2p2 to 11.0)
   4.00000000D+00
pseudopotentials: Lmax, and effective gaussian range
  2   0.86000000
functional type used in generating potential:
 PBE    = dft fcnal used to generate pot
radial mesh: number of points for local and non-local pot integrals
 100  83
mesh points for nuclear potential;  ham1fh
      0.02500000  0.02658530  0.02827113  0.03006385  0.03197026  0.03399756
      0.03615341  0.03844597  0.04088390  0.04347643  0.04623336  0.04916511
      0.05228276  0.05559811  0.05912370  0.06287285  0.06685974  0.07109945
      0.07560800  0.08040246  0.08550093  0.09092272  0.09668830  0.10281950
      0.10933949  0.11627292  0.12364601  0.13148665  0.13982447  0.14869102
      0.15811981  0.16814650  0.17880900  0.19014762  0.20220526  0.21502749
      0.22866281  0.24316277  0.25858219  0.27497940  0.29241638  0.31095908
      0.33067761  0.35164652  0.37394512  0.39765771  0.42287397  0.44968924
      0.47820492  0.50852883  0.54077564  0.57506729  0.61153343  0.65031197
      0.69154953  0.73540204  0.78203533  0.83162573  0.88436075  0.94043980
      1.00007493  1.06349165  1.13092974  1.20264422  1.27890625  1.36000421
      1.44624475  1.53795397  1.63547865  1.73918756  1.84947286  1.96675157
      2.09146715  2.22409119  2.36512518  2.51510242  2.67459000  2.84419100
      3.02454674  3.21633919  3.42029358  3.63718111  3.86782191  4.11308809
      4.37390709  4.65126513  4.94621098  5.25985994  5.59339799  5.94808634
      6.32526618  6.72636373  7.15289567  7.60647483  8.08881634  8.60174407
      9.14719756  9.72723932 10.34406267 11.00000000
radwts: weights for radial points
      0.00153706  0.00163453  0.00173818  0.00184840  0.00196561  0.00209026
      0.00222280  0.00236376  0.00251365  0.00267304  0.00284255  0.00302280
      0.00321448  0.00341832  0.00363508  0.00386558  0.00411071  0.00437138
      0.00464857  0.00494335  0.00525682  0.00559016  0.00594465  0.00632161
      0.00672247  0.00714876  0.00760207  0.00808414  0.00859677  0.00914191
      0.00972161  0.01033808  0.01099364  0.01169077  0.01243210  0.01322044
      0.01405878  0.01495027  0.01589830  0.01690644  0.01797851  0.01911856
      0.02033091  0.02162013  0.02299111  0.02444902  0.02599938  0.02764805
      0.02940127  0.03126566  0.03324828  0.03535662  0.03759865  0.03998285
      0.04251824  0.04521441  0.04808154  0.05113049  0.05437277  0.05782066
      0.06148718  0.06538620  0.06953247  0.07394166  0.07863045  0.08361656
      0.08891885  0.09455737  0.10055344  0.10692973  0.11371035  0.12092095
      0.12858878  0.13674285  0.14541398  0.15463497  0.16444067  0.17486818
      0.18595692  0.19774881  0.21028845  0.22362325  0.23780364  0.25288324
      0.26891906  0.28597175  0.30410578  0.32338972  0.34389650  0.36570365
      0.38889364  0.41355415  0.43977843  0.46766564  0.49732124  0.52885736
      0.56239324  0.59805570  0.63597959  0.67630830
non-local potential: l,potential*integration weight
  0   0.49635482  0.49662152  0.49690159  0.49719521  0.49750252  0.49782355
      0.49815820  0.49850629  0.49886754  0.49924155  0.49962789  0.50002614
      0.50043594  0.50085717  0.50129009  0.50173553  0.50219518  0.50267186
      0.50316976  0.50369477  0.50425460  0.50485886  0.50551887  0.50624734
      0.50705767  0.50796308  0.50897559  0.51010488  0.51135727  0.51273497
      0.51423566  0.51585233  0.51757344  0.51938280  0.52125941  0.52317743
      0.52510704  0.52701586  0.52886906  0.53062693  0.53224159  0.53365449
      0.53479419  0.53557339  0.53588492  0.53559700  0.53454789  0.53254023
      0.52933536  0.52464807  0.51814288  0.50943301  0.49808374  0.48362184
      0.46555234  0.44338360  0.41666231  0.38502462  0.34828168  0.30657281
      0.26063374  0.21221421  0.16437910  0.12024310  0.07999860  0.04427474
      0.01844335  0.00465239 -0.00036131 -0.00096993 -0.00031637  0.00016928
      0.00027794  0.00021562  0.00013412  0.00007560  0.00003973  0.00001938
      0.00000862  0.00000339  0.00000111  0.00000026  0.00000002  0.00000000
      0.00000000  0.00000000  0.00000000  0.00000000  0.00000000  0.00000000
      0.00000000  0.00000000  0.00000000  0.00000000  0.00000000  0.00000000
      0.00000000  0.00000000  0.00000000  0.00000000
non-local potential: l,potential*integration weight
  1   0.48556431  0.48514567  0.48469678  0.48421506  0.48369769  0.48314152
      0.48254315  0.48189881  0.48120444  0.48045563  0.47964766  0.47877556
      0.47783416  0.47681823  0.47572256  0.47454227  0.47327292  0.47191088
      0.47045353  0.46889955  0.46724907  0.46550371  0.46366644  0.46174118
      0.45973220  0.45764326  0.45547655  0.45323166  0.45090466  0.44848733
      0.44596688  0.44332602  0.44054332  0.43759376  0.43444924  0.43107925
      0.42745179  0.42353460  0.41929566  0.41470273  0.40972242  0.40431979
      0.39845820  0.39209919  0.38520225  0.37772467  0.36962163  0.36084655
      0.35135191  0.34109042  0.33001685  0.31809044  0.30527765  0.29155478
      0.27690886  0.26133454  0.24482443  0.22735249  0.20885783  0.18925125
      0.16849304  0.14682249  0.12507799  0.10415181  0.08294995  0.06051852
      0.04024720  0.02486409  0.01409900  0.00703714  0.00292197  0.00095112
      0.00025189  0.00009925  0.00008107  0.00006269  0.00003796  0.00001925
      0.00000861  0.00000339  0.00000111  0.00000026  0.00000002  0.00000000
      0.00000000  0.00000000  0.00000000  0.00000000  0.00000000  0.00000000
      0.00000000  0.00000000  0.00000000  0.00000000  0.00000000  0.00000000
      0.00000000  0.00000000  0.00000000  0.00000000
non-local potential: l,potential*integration weight
  2   0.48036980  0.47962095  0.47882078  0.47796536  0.47705040  0.47607124
      0.47502280  0.47389958  0.47269564  0.47140457  0.47001952  0.46853325
      0.46693815  0.46522637  0.46338997  0.46142106  0.45931204  0.45705587
      0.45464629  0.45207809  0.44934720  0.44645076  0.44338693  0.44015448
      0.43675212  0.43317764  0.42942683  0.42549239  0.42136296  0.41702233
      0.41244910  0.40761669  0.40249369  0.39704433  0.39122901  0.38500492
      0.37832689  0.37114845  0.36342235  0.35510010  0.34613118  0.33646273
      0.32603960  0.31480447  0.30269811  0.28965997  0.27562924  0.26054668
      0.24435740  0.22701482  0.20848620  0.18876007  0.16785573  0.14583465
      0.12281305  0.09897388  0.07457621  0.04996154  0.02556215  0.00192844
     -0.02018704 -0.03962357 -0.05454960 -0.06305460 -0.06532168 -0.06222653
     -0.05190617 -0.03470137 -0.01524675  0.00085249  0.00980919  0.01124245
      0.00800936  0.00395947  0.00136711  0.00033609  0.00007208  0.00002149
      0.00000868  0.00000339  0.00000111  0.00000026  0.00000002  0.00000000
      0.00000000  0.00000000  0.00000000  0.00000000  0.00000000  0.00000000
      0.00000000  0.00000000  0.00000000  0.00000000  0.00000000  0.00000000
      0.00000000  0.00000000  0.00000000  0.00000000

 For atom type  4, l= 2 potential used as local nuclear potential
number of radial functions  **** Si/pbe   - by Peter Schultz / 28Jul09 ****
  5
angular momentum, number of alphas
  0  4
alphas - s - 4s/2/4s442
   1.04272000D-01  2.75189000D-01  1.27139800D+00  2.54280000D+00
wave function coefficients
   2.72301000D-01  5.67333000D-01 -1.00198900D+00  3.81459000D-01
angular momentum, number of alphas
  1  4
alphas - p - 4p/2/4p475 a1max + reopt(c1)
   7.31200000D-02  2.15660000D-01  5.30398000D-01  1.06080000D+00
wave function coefficients
   3.40890000D-02  2.10226000D-01  2.41205000D-01 -1.67987000D-01
angular momentum, number of alphas
  0  1
alphas - s - second zeta s polarization
   1.04272000D-01
wave function coefficients
   1.00000000D+00
angular momentum, number of alphas
  1  1
alphas - p - second zeta p polarization
   7.31200000D-02
wave function coefficients
   1.00000000D+00
angular momentum, number of alphas
  2  2
alphas - d - angular polarization Eopt
   2.60000000D-01  7.40000000D-01
wave function coefficients
   3.47500000D-01  1.00000000D+00
shell occupancies for silicon, Si: s(2.00)p(2.00)
      2.00000000  2.00000000  0.00000000  0.00000000  0.00000000
end atom file
 ionopt (0=none,2=gaussian lmcc,3=dble layer):
    2
 charge state for system
   0.00000000
number of atoms in unit cell
   26
atom, type, position;
 AT1          O                -2.3586064721    0.0033582621    3.4219305802    
 AT2          Si               -0.3541086175    1.6612111750    5.2203909612    
 AT3          Si               -5.2395221266   -1.2701374484    3.5238457106    
 AT4          C                 1.6548895649    3.8235861129    3.2001062710    
 AT5          C                 3.4356481762    2.4923411199    1.4853010264    
 AT6          H                 2.6766555762    4.9804374609    4.6240963872    
 AT7          H                 3.6694528481    3.0954438292   -0.4700832121    
 AT8          H                 4.6975382381    1.0290935025    2.1928675611    
 AT9          Si                0.1314448745   -3.1661531621   -2.4873708611    
 AT10         O                -1.1620070257   -0.2910495619   -2.8309172881    
 AT11         O                 2.8737983748   -3.3262402973   -4.0487794068    
 AT12         Si                5.5228869101   -1.6388233812   -4.5462391837    
 AT13         Si               -3.7369887114    1.0706791358   -4.0727676865    
 AT14         H                 0.4358980689    5.1472709946    2.1531913236    
 AT15         H                -7.0982531775    0.5998627051    4.5242915057    
 AT16         H                -1.8229079058    3.1652231027    7.1278853117    
 AT17         H                -5.2473541536   -3.5855994801    5.1321564372    
 AT18         H                 1.3433162897   -0.1428898253    6.5862532629    
 AT19         H                -3.1412551164    2.0027849534   -6.6607371045    
 AT20         H                -5.8720609928   -0.7622597725   -4.2024655700    
 AT21         H                -4.3979908704    3.2256946213   -2.3907373714    
 AT22         H                 4.9187990742    1.0983650063   -4.8152416216    
 AT23         H                 7.3051881010   -1.9727061894   -2.3813288887    
 AT24         H                 6.7249806262   -2.5795159835   -6.9100619480    
 AT25         H                 0.7447019147   -3.4506516335    0.2927325635    
 AT26         H                -5.9041889451   -1.9685261207    0.8790983452    
 origin offset for unit cell
   0.00000000  0.00000000  0.00000000
 symmetry center
   0.00000000  0.00000000  0.00000000
end setup phase data
 >>>> Total number of electrons=              62.0000000000
 >>>> Spin!  Number of up/dn electrons=       31.5000000000       30.5000000000
 >>>> Minimum number of occupied states=          32
 >>>> Number of basis functions, norb=         226
 ************** VERSION 2.65 CHANGE: ***************
 **** grid range default changed from 2.d-7 to 2.d-8
 **** This will cause numerical changes in results
 **** To recover pre-2.65, use input cutgrd/2.d-7
 ***************************************************
run phase input data
history
    8
states
  100
temperature
   0.00200000
iterations
  100
blend ratio
   0.05000000
convergence criterion
   0.00050000
geometry relaxation
gsteps
  300
gmethod
ASD
end geometry relaxation

 >>>> Relax params (gstop,gblend,gconv,atoms-relaxd):
 >>>>    300  1.5000000  0.000800000000     26

end run phase data
cutXXX for code (grd,slo,ii,1c)
   2.00000000D-08  1.00000000D-01  1.00000000D-02  1.00000000D-04
cutall for code (s,t,nl,loc;frc)
   3.00000000D-09  3.00000000D-09  1.50000000D-07  6.00000000D-08
   3.00000000D-07  3.00000000D-07  5.00000000D-06  6.00000000D-06

 ##### output #####

 ***** NEB Module invoked *****
 ------------------------------------------------------------------------
    ***** NEB module for transition state finding *****
    Written by Aidan Thompson, adapted by PAS for SeqQuest
    Based on the NEB method of Hannes Jonnson

    NEB Version: 1.10         Last revised: 19Nov08-PAS
    Maximum number of NEB images =    12
 ------------------------------------------------------------------------

 This node is the NEB master
 NEB output file= neb_out
 >>>>> reading NEB input data
 MPINFO::: NEB Group =    1           :::

 ###############################################################################
 INITIAL GEOMETRY for image  1, step   1
atom, type, position; image#   1
 AT1          O                -2.3465040418   -0.1531882286    3.5215839285 
 AT2          Si               -0.3440756049    1.5772997351    5.2385004514 
 AT3          Si               -5.2920169390   -1.2465895191    3.5688818688 
 AT4          C                 1.6219528377    3.7000265562    3.1290422700 
 AT5          C                 3.3769314208    2.3317380563    1.3998708097 
 AT6          H                 2.6720807261    4.8745053768    4.5094207732 
 AT7          H                 3.7355325365    3.0494650728   -0.4494005655 
 AT8          H                 4.6729713805    0.9352076994    2.1617904962 
 AT9          Si                0.3392762895   -2.7644211015   -2.2772456270 
 AT10         O                -1.0849863742   -0.0870340385   -2.8359206225 
 AT11         O                 2.9747493367   -3.1250598589   -3.8970486017 
 AT12         Si                5.6157610686   -1.6174097860   -4.5949161238 
 AT13         Si               -3.7240879003    1.0234471259   -4.0647947380 
 AT14         H                 0.3783550553    5.0015744316    2.0884205193 
 AT15         H                -7.0384364699    0.6817060912    4.6125277784 
 AT16         H                -1.7871430091    3.1203415836    7.1275706854 
 AT17         H                -5.3954059789   -3.5795350711    5.1298362644 
 AT18         H                 1.4004035769   -0.1846603549    6.5915684543 
 AT19         H                -3.1944066341    1.8949035903   -6.6815812096 
 AT20         H                -5.6865672313   -0.9311062420   -4.1071780743 
 AT21         H                -4.5367572433    3.1444110922   -2.4458154116 
 AT22         H                 5.1259228563    1.1206025112   -4.9348013686 
 AT23         H                 7.4769118533   -2.0085222654   -2.5324466950 
 AT24         H                 6.6146802948   -2.6673018158   -6.9528855048 
 AT25         H                 0.6440573424   -3.3572301125    0.2600889551 
 AT26         H                -5.9426290863   -1.8582039538    0.9062479974 
 ###############################################################################
 MPINFO::: Local Communicator         :::
 MPINFO::: Local Context =    3       :::
 MPINFO::: Local Size =       2       :::
 MPINFO::: Local Root =       0       :::
 MPINFO::: Local Rank =       0       :::
 Maximum record length (r8) for i/o=     1000000
 Flavor of dft that will be used for this run=PBE-SP
 ***** Note: basis transformed to split basis form
 SCF guessing turned on, option=           2
  
 LATVEC: nlat1c,nlat2c,nlat =           1           1           1

  Atom
  Type  Shell  Min-alf     range
    1        0.129289   8.279963
    2        0.102474   9.300415
    3        0.143749   7.852478
    4        0.073120  11.010095
 Turnover EF->DM npopdm, npop0k=          63          32
 DEV264h/wkmem: perlsolv dist-mem
 DEV/wkmem: KPSTORE= F
 DEV/wkmem: psolv version, input do_psolv= F

 Need       20000-length r*4 array to pack grid wfcns/box
 Need     8580375-length r*4 array to pack all grid wfcns
 Need       20000-length r*4 array for grid wfcns scratch
 WKMEM: using stripe-parallel+Merge  setup
 Minimum maxwkd for scf to complete=    64540268
 All grid wfcns stored in   4290188 of 164677732 available
 WKMEM: in-core Broyden! uses    919368 out of 160387544 available
  
 Atom type   1  radial valence charge =    5.999995363882
 Atom type   1      xc valence charge =    6.499995360087
  
 Atom type   2  radial valence charge =    0.999999985299
  
 Atom type   3  radial valence charge =    3.999996877569
  
 Atom type   4  radial valence charge =    3.999999473876
 mat0set: stripe-parallel, KPSTORE= F

   sij compute    +    0.18 =       0.4 seconds wall (    0.06 usr    0.01 sys)

   sij/nlat-bcast +    0.00 =       0.4 seconds wall (    0.00 usr    0.00 sys)

   vlocmat compute+    0.26 =       0.7 seconds wall (    0.25 usr    0.00 sys)

   vlocmii compute+    0.02 =       0.7 seconds wall (    0.02 usr   -0.00 sys)

   nlocmat compute+    0.16 =       0.8 seconds wall (    0.15 usr    0.00 sys)
 NLOCMAT: Max neqilat=           1

 After mat0set    +    0.00 =       0.8 seconds wall (    0.00 usr    0.00 sys)

 grid0xc compute+    1.53 =       2.4 seconds wall (    1.42 usr    0.10 sys)

 grid0xc Merge  +    0.07 =       2.4 seconds wall (    0.00 usr    0.06 sys)

 grid0xc Bcast  +    1.49 =       3.9 seconds wall (    0.84 usr    0.03 sys)


 AFTER SETUP PHASE+    4.70 =       8.6 seconds wall (    0.39 usr    0.91 sys)

  
 *************************  iteration   0 begins here  *************************


 Before iterations+    0.17 =       8.8 seconds wall (    0.14 usr    0.03 sys)
  
 grid-integrated up-density total =       31.0001386902
 grid-integrated dn-density total =       31.0001386902
 grid-integrated valence-density total =       62.0002773803
 Harris Fcnal XC piece=       15.0291997162
  
  

 After 0 iteration+    1.42 =      10.2 seconds wall (    1.13 usr    0.27 sys)
 *************************  iteration   1 begins here  *************************


 erlsolv/begin  +    0.01 =      10.2 seconds wall (    0.00 usr    0.00 sys)
 PERLSOLV: kpp-copmatible version

 erlsolv/schroed+    0.03 =      10.3 seconds wall (    0.04 usr    0.00 sys)

 erlsolv/pop    +    0.00 =      10.3 seconds wall (    0.00 usr    0.00 sys)

 erlsolv/dmat compute+    0.01 =      10.3 seconds wall (    0.00 usr    0.00 sys)

 erlsolv/dmat compute+    0.00 =      10.3 seconds wall (    0.00 usr    0.00 sys)

 erlsolv/rhoij  +    0.00 =      10.3 seconds wall (    0.00 usr    0.00 sys)

 spin-up fermi level =   -0.262265 Ry,   gap(0K)= 0.000000 Ry = 0.000 eV
 spin-dn fermi level =   -0.349964 Ry,   gap(0K)= 0.000000 Ry = 0.000 eV

 k-vector:                  1
  weight:               1.000000
            level/UP/occup       level/DN/occup
  
    1    -1.922216  1.0000    -1.922216  1.0000
    2    -1.890119  1.0000    -1.890119  1.0000
    3    -1.888597  1.0000    -1.888597  1.0000
    4    -1.478463  1.0000    -1.478463  1.0000
             ...      ...         ...      ...
   13    -0.840719  1.0000    -0.840719  1.0000
   14    -0.825787  1.0000    -0.825787  1.0000
   15    -0.795916  1.0000    -0.795916  1.0000
   16    -0.790917  1.0000    -0.790917  1.0000
   17    -0.785891  1.0000    -0.785891  1.0000
   18    -0.769899  1.0000    -0.769899  1.0000
   19    -0.760076  1.0000    -0.760076  1.0000
   20    -0.744669  1.0000    -0.744669  1.0000
   21    -0.730868  1.0000    -0.730868  1.0000
   22    -0.722709  1.0000    -0.722709  1.0000
   23    -0.649767  1.0000    -0.649767  1.0000
   24    -0.640565  1.0000    -0.640565  1.0000
   25    -0.629212  1.0000    -0.629212  1.0000
   26    -0.622996  1.0000    -0.622996  1.0000
   27    -0.612329  1.0000    -0.612329  1.0000
   28    -0.607551  1.0000    -0.607551  1.0000
   29    -0.599029  1.0000    -0.599029  1.0000
   30    -0.585139  1.0000    -0.585139  1.0000
   31    -0.349964  1.0000    -0.349964  0.5000
   32    -0.262265  0.5000    -0.262265  0.0000
   33    -0.095276  0.0000    -0.095276  0.0000
   34    -0.077794  0.0000    -0.077794  0.0000
   35    -0.051739  0.0000    -0.051739  0.0000
   36    -0.009264  0.0000    -0.009264  0.0000
   37     0.005843  0.0000     0.005843  0.0000
   38     0.007551  0.0000     0.007551  0.0000
   39     0.022632  0.0000     0.022632  0.0000
   40     0.023682  0.0000     0.023682  0.0000
             ...      ...         ...      ...
  100     1.005894  0.0000     1.005894  0.0000
  
 delta movement in up-elecs =        4.5016716228
 delta movement in dn-elecs =        4.4404478914
 delta movement in electrons =        8.7906671316

 one-center local charge defect =        -0.00008757

 one-center local charge defect =        -0.00008712

 LMCC local dipole, |dip|=        3.0245425682
 Using LMCC treatment of supercell electrostatics
 DBG/LMCCINT, esns diagnostics redone
 LMCC chemical potential shift(Ry,eV)=       -0.0000025269       -0.0000343804
 LMCC esns total grid integral=        0.7681790666
  
 grid-integrated up-density total =       31.5000911953
 grid-integrated dn-density total =       30.5000900005
 grid-integrated valence-density total =       62.0001811958
  
 TOTAL single particle eigenvalue sum=       -56.6212558916
  
 rms,max scfchange=  1.8192D-02  6.8701D-01 for component#     63108
 electronic meth_bl(BROYDEN)=           1
 EBROYDDJ: in-core history
>>>>> Broyden: first step (elec) simple blend ratio= 0.050000
<<<<< Broyden step complete, scf step=     1

 After blending   +   23.06 =      33.3 seconds wall (   16.54 usr    2.21 sys)
  
 *************************  iteration   2 begins here  *************************


 erlsolv/begin  +    0.01 =      33.3 seconds wall (    0.00 usr    0.00 sys)
 PERLSOLV: kpp-copmatible version

 erlsolv/schroed+    0.02 =      33.4 seconds wall (    0.03 usr    0.00 sys)

 erlsolv/pop    +    0.00 =      33.4 seconds wall (    0.00 usr    0.00 sys)

 erlsolv/dmat compute+    0.00 =      33.4 seconds wall (    0.00 usr    0.00 sys)

 erlsolv/dmat compute+    0.01 =      33.4 seconds wall (    0.00 usr    0.00 sys)

 erlsolv/rhoij  +    0.00 =      33.4 seconds wall (    0.00 usr    0.00 sys)

 spin-up fermi level =   -0.271266 Ry,   gap(0K)= 0.000000 Ry = 0.000 eV
 spin-dn fermi level =   -0.325626 Ry,   gap(0K)= 0.000000 Ry = 0.000 eV
  
 delta movement in up-elecs =        4.3846138734
 delta movement in dn-elecs =        4.3320987769
 delta movement in electrons =        8.5312866550

 one-center local charge defect =        -0.00008663

 one-center local charge defect =        -0.00008618

 LMCC local dipole, |dip|=        2.7784953488
 Using LMCC treatment of supercell electrostatics
 DBG/LMCCINT, esns diagnostics redone
 LMCC chemical potential shift(Ry,eV)=       -0.0000020694       -0.0000281560
 LMCC esns total grid integral=        0.6753618129
  
 grid-integrated up-density total =       31.5000903530
 grid-integrated dn-density total =       30.5000892464
 grid-integrated valence-density total =       62.0001795994
  
 TOTAL single particle eigenvalue sum=       -56.0984890206
  
 rms,max scfchange=  1.5638D-02  5.8703D-01 for component#     63108
 electronic meth_bl(BROYDEN)=           1
>>>>> Broyden blend to get next step - elec
<<<<< Broyden step complete, scf step=     2

 After blending   +   23.98 =      57.3 seconds wall (   16.57 usr    2.41 sys)
  
 *************************  iteration   3 begins here  *************************


 erlsolv/begin  +    0.02 =      57.4 seconds wall (    0.01 usr    0.00 sys)
 PERLSOLV: kpp-copmatible version

 erlsolv/schroed+    0.03 =      57.4 seconds wall (    0.02 usr    0.01 sys)

 erlsolv/pop    +    0.00 =      57.4 seconds wall (    0.00 usr    0.00 sys)

 erlsolv/dmat compute+    0.00 =      57.4 seconds wall (    0.00 usr    0.00 sys)

 erlsolv/dmat compute+    0.00 =      57.4 seconds wall (    0.00 usr    0.00 sys)

 erlsolv/rhoij  +    0.01 =      57.4 seconds wall (    0.00 usr    0.00 sys)

 spin-up fermi level =   -0.203376 Ry,   gap(0K)= 0.000000 Ry = 0.000 eV
 spin-dn fermi level =   -0.297723 Ry,   gap(0K)= 0.000000 Ry = 0.000 eV
  
 delta movement in up-elecs =        3.9495812282
 delta movement in dn-elecs =        3.9167536175
 delta movement in electrons =        7.7339467090

 one-center local charge defect =        -0.00008161

 one-center local charge defect =        -0.00008107

 LMCC local dipole, |dip|=        5.3614694711
 Using LMCC treatment of supercell electrostatics
 DBG/LMCCINT, esns diagnostics redone
 LMCC chemical potential shift(Ry,eV)=       -0.0000159203       -0.0002166087
 LMCC esns total grid integral=        0.4905225688
  
 grid-integrated up-density total =       31.5000876694
 grid-integrated dn-density total =       30.5000856823
 grid-integrated valence-density total =       62.0001733518
  
 TOTAL single particle eigenvalue sum=       -53.1776720491
  
 rms,max scfchange=  1.8450D-02  6.9138D-01 for component#     12032
 electronic meth_bl(BROYDEN)=           1
>>>>> Broyden blend to get next step - elec
<<<<< Broyden step complete, scf step=     3

 After blending   +   24.04 =      81.4 seconds wall (   16.56 usr    2.28 sys)
  
 *************************  iteration   4 begins here  *************************


 erlsolv/begin  +    0.00 =      81.4 seconds wall (    0.00 usr    0.00 sys)
 PERLSOLV: kpp-copmatible version

 erlsolv/schroed+    0.03 =      81.5 seconds wall (    0.03 usr    0.00 sys)

 erlsolv/pop    +    0.00 =      81.5 seconds wall (    0.00 usr    0.00 sys)

 erlsolv/dmat compute+    0.00 =      81.5 seconds wall (    0.00 usr    0.00 sys)

 erlsolv/dmat compute+    0.00 =      81.5 seconds wall (    0.00 usr    0.00 sys)

 erlsolv/rhoij  +    0.00 =      81.5 seconds wall (    0.00 usr    0.00 sys)

 spin-up fermi level =   -0.217269 Ry,   gap(0K)= 0.000000 Ry = 0.000 eV
 spin-dn fermi level =   -0.293438 Ry,   gap(0K)= 0.000000 Ry = 0.000 eV
  
 delta movement in up-elecs =        3.9739263458
 delta movement in dn-elecs =        3.9477946091
 delta movement in electrons =        7.7868278181

 one-center local charge defect =        -0.00008212

 one-center local charge defect =        -0.00008160

 LMCC local dipole, |dip|=        5.2474681981
 Using LMCC treatment of supercell electrostatics
 DBG/LMCCINT, esns diagnostics redone
 LMCC chemical potential shift(Ry,eV)=       -0.0000153404       -0.0002087190
 LMCC esns total grid integral=        0.4827793424
  
 grid-integrated up-density total =       31.5000878295
 grid-integrated dn-density total =       30.5000863452
 grid-integrated valence-density total =       62.0001741746
  
 TOTAL single particle eigenvalue sum=       -53.4566674160
  
 rms,max scfchange=  1.7117D-02  6.3239D-01 for component#     12032
 electronic meth_bl(BROYDEN)=           1
>>>>> Broyden blend to get next step - elec
<<<<< Broyden step complete, scf step=     4

 After blending   +   22.88 =     104.4 seconds wall (   16.30 usr    2.21 sys)
  
 *************************  iteration   5 begins here  *************************


 erlsolv/begin  +    0.10 =     104.5 seconds wall (    0.08 usr    0.00 sys)
 PERLSOLV: kpp-copmatible version

 erlsolv/schroed+    0.03 =     104.5 seconds wall (    0.03 usr    0.00 sys)

 erlsolv/pop    +    0.00 =     104.5 seconds wall (    0.00 usr    0.00 sys)

 erlsolv/dmat compute+    0.00 =     104.5 seconds wall (    0.00 usr    0.00 sys)

 erlsolv/dmat compute+    0.00 =     104.5 seconds wall (    0.00 usr    0.00 sys)

 erlsolv/rhoij  +    0.01 =     104.5 seconds wall (    0.00 usr    0.00 sys)

 spin-up fermi level =   -0.236278 Ry,   gap(0K)= 0.000000 Ry = 0.000 eV
 spin-dn fermi level =   -0.278573 Ry,   gap(0K)= 0.000000 Ry = 0.000 eV
  
 delta movement in up-elecs =        3.9493161451
 delta movement in dn-elecs =        3.9293605265
 delta movement in electrons =        7.7360787717

 one-center local charge defect =        -0.00008208

 one-center local charge defect =        -0.00008159

 LMCC local dipole, |dip|=        4.9891974990
 Using LMCC treatment of supercell electrostatics
 DBG/LMCCINT, esns diagnostics redone
 LMCC chemical potential shift(Ry,eV)=       -0.0000139060       -0.0001892022
 LMCC esns total grid integral=        0.4494219793
  
 grid-integrated up-density total =       31.5000874491
 grid-integrated dn-density total =       30.5000861081
 grid-integrated valence-density total =       62.0001735572
  
 TOTAL single particle eigenvalue sum=       -53.3977469823
  
 rms,max scfchange=  1.5223D-02  5.6162D-01 for component#     12032
 electronic meth_bl(BROYDEN)=           1
>>>>> Broyden blend to get next step - elec
<<<<< Broyden step complete, scf step=     5
 TIMER rollover, twall,timewoff=   8.5850000381469727        0.0000000000000000     

 After blending   +   23.46 =     128.0 seconds wall (   16.16 usr    2.23 sys)
  (after offset of 86400 seconds rollover)
  
 *************************  iteration   6 begins here  *************************


 erlsolv/begin  +    0.00 =     128.0 seconds wall (    0.00 usr    0.00 sys)
 PERLSOLV: kpp-copmatible version

 erlsolv/schroed+    0.03 =     128.0 seconds wall (    0.03 usr    0.00 sys)

 erlsolv/pop    +    0.00 =     128.0 seconds wall (    0.00 usr    0.00 sys)

 erlsolv/dmat compute+    0.00 =     128.0 seconds wall (    0.00 usr    0.00 sys)

 erlsolv/dmat compute+    0.00 =     128.0 seconds wall (    0.00 usr    0.00 sys)

 erlsolv/rhoij  +    0.00 =     128.0 seconds wall (    0.00 usr    0.00 sys)

 spin-up fermi level =   -0.254846 Ry,   gap(0K)= 0.000000 Ry = 0.000 eV
 spin-dn fermi level =   -0.275476 Ry,   gap(0K)= 0.000000 Ry = 0.000 eV
  
 delta movement in up-elecs =        3.9250983198
 delta movement in dn-elecs =        3.8849806597
 delta movement in electrons =        7.5604942478

 one-center local charge defect =        -0.00008153

 one-center local charge defect =        -0.00008122

 LMCC local dipole, |dip|=        2.8826866867
 Using LMCC treatment of supercell electrostatics
 DBG/LMCCINT, esns diagnostics redone
 LMCC chemical potential shift(Ry,eV)=       -0.0000022939       -0.0000312107
 LMCC esns total grid integral=        0.4361364470
  
 grid-integrated up-density total =       31.5000858012
 grid-integrated dn-density total =       30.5000849540
 grid-integrated valence-density total =       62.0001707552
  
 TOTAL single particle eigenvalue sum=       -53.4519553643
  
 rms,max scfchange=  1.1406D-02  4.0734D-01 for component#     63108
 electronic meth_bl(BROYDEN)=           1
>>>>> Broyden blend to get next step - elec
<<<<< Broyden step complete, scf step=     6

 After blending   +   21.80 =     149.8 seconds wall (   15.81 usr    2.16 sys)
  
 *************************  iteration   7 begins here  *************************


 erlsolv/begin  +    0.02 =     149.8 seconds wall (    0.00 usr    0.00 sys)
 PERLSOLV: kpp-copmatible version

 erlsolv/schroed+    0.03 =     149.8 seconds wall (    0.03 usr    0.00 sys)

 erlsolv/pop    +    0.00 =     149.8 seconds wall (    0.00 usr    0.00 sys)

 erlsolv/dmat compute+    0.00 =     149.9 seconds wall (    0.00 usr    0.00 sys)

 erlsolv/dmat compute+    0.00 =     149.9 seconds wall (    0.00 usr    0.00 sys)

 erlsolv/rhoij  +    0.00 =     149.9 seconds wall (    0.00 usr    0.00 sys)

 spin-up fermi level =   -0.263045 Ry,   gap(0K)= 0.000000 Ry = 0.000 eV
 spin-dn fermi level =   -0.264606 Ry,   gap(0K)= 0.000000 Ry = 0.000 eV
  
 delta movement in up-elecs =        3.8990949161
 delta movement in dn-elecs =        3.8634971651
 delta movement in electrons =        7.4725974707

 one-center local charge defect =        -0.00008055

 one-center local charge defect =        -0.00008028

 LMCC local dipole, |dip|=        2.5436682604
 Using LMCC treatment of supercell electrostatics
 DBG/LMCCINT, esns diagnostics redone
 LMCC chemical potential shift(Ry,eV)=       -0.0000016654       -0.0000226596
 LMCC esns total grid integral=        0.4003110585
  
 grid-integrated up-density total =       31.5000849243
 grid-integrated dn-density total =       30.5000841809
 grid-integrated valence-density total =       62.0001691052
  
 TOTAL single particle eigenvalue sum=       -53.3774870248
  
 rms,max scfchange=  9.6918D-03  3.4670D-01 for component#     63108
 electronic meth_bl(BROYDEN)=           1
>>>>> Broyden blend to get next step - elec
<<<<< Broyden step complete, scf step=     7

 After blending   +   23.16 =     173.0 seconds wall (   16.44 usr    2.18 sys)
  
 *************************  iteration   8 begins here  *************************


 erlsolv/begin  +    0.06 =     173.1 seconds wall (    0.00 usr    0.00 sys)
 PERLSOLV: kpp-copmatible version

 erlsolv/schroed+    0.03 =     173.1 seconds wall (    0.02 usr    0.01 sys)

 erlsolv/pop    +    0.00 =     173.1 seconds wall (    0.00 usr   -0.00 sys)

 erlsolv/dmat compute+    0.00 =     173.1 seconds wall (    0.00 usr    0.00 sys)

 erlsolv/dmat compute+    0.00 =     173.1 seconds wall (    0.00 usr    0.00 sys)

 erlsolv/rhoij  +    0.00 =     173.1 seconds wall (    0.00 usr    0.00 sys)

 spin-up fermi level =   -0.253688 Ry,   gap(0K)= 0.000000 Ry = 0.000 eV
 spin-dn fermi level =   -0.258963 Ry,   gap(0K)= 0.000000 Ry = 0.000 eV
  
 delta movement in up-elecs =        3.8936810301
 delta movement in dn-elecs =        3.8752305554
 delta movement in electrons =        7.6070149267

 one-center local charge defect =        -0.00007755

 one-center local charge defect =        -0.00007727

 LMCC local dipole, |dip|=        4.8141091256
 Using LMCC treatment of supercell electrostatics
 DBG/LMCCINT, esns diagnostics redone
 LMCC chemical potential shift(Ry,eV)=       -0.0000131439       -0.0001788339
 LMCC esns total grid integral=        0.4165905662
  
 grid-integrated up-density total =       31.5000838322
 grid-integrated dn-density total =       30.5000823914
 grid-integrated valence-density total =       62.0001662237
  
 TOTAL single particle eigenvalue sum=       -53.2139301969
  
 rms,max scfchange=  1.5064D-02  5.2651D-01 for component#     12032
 electronic meth_bl(BROYDEN)=           1
>>>>> Broyden blend to get next step - elec
<<<<< Broyden step complete, scf step=     8

 After blending   +   23.29 =     196.4 seconds wall (   16.37 usr    2.15 sys)
  
 *************************  iteration   9 begins here  *************************


 erlsolv/begin  +    0.03 =     196.4 seconds wall (    0.00 usr    0.00 sys)
 PERLSOLV: kpp-copmatible version

 erlsolv/schroed+    0.03 =     196.5 seconds wall (    0.02 usr    0.00 sys)

 erlsolv/pop    +    0.00 =     196.5 seconds wall (    0.00 usr    0.00 sys)

 erlsolv/dmat compute+    0.00 =     196.5 seconds wall (    0.00 usr    0.00 sys)

 erlsolv/dmat compute+    0.00 =     196.5 seconds wall (    0.00 usr    0.00 sys)

 erlsolv/rhoij  +    0.00 =     196.5 seconds wall (    0.00 usr    0.00 sys)

 spin-up fermi level =   -0.253326 Ry,   gap(0K)= 0.000000 Ry = 0.000 eV
 spin-dn fermi level =   -0.257858 Ry,   gap(0K)= 0.000000 Ry = 0.000 eV
  
 delta movement in up-elecs =        3.8914376813
 delta movement in dn-elecs =        3.8734919191
 delta movement in electrons =        7.6027631881

 one-center local charge defect =        -0.00007754

 one-center local charge defect =        -0.00007726

 LMCC local dipole, |dip|=        4.8115855102
 Using LMCC treatment of supercell electrostatics
 DBG/LMCCINT, esns diagnostics redone
 LMCC chemical potential shift(Ry,eV)=       -0.0000131106       -0.0001783797
 LMCC esns total grid integral=        0.4163943446
  
 grid-integrated up-density total =       31.5000837288
 grid-integrated dn-density total =       30.5000823025
 grid-integrated valence-density total =       62.0001660312
  
 TOTAL single particle eigenvalue sum=       -53.1745478660
  
 rms,max scfchange=  1.5089D-02  5.3096D-01 for component#     12032
 electronic meth_bl(BROYDEN)=           1
>>>>> Broyden blend to get next step - elec
<<<<< Broyden step complete, scf step=     9

 After blending   +   23.43 =     219.9 seconds wall (   16.25 usr    2.19 sys)
  
 *************************  iteration  10 begins here  *************************


 erlsolv/begin  +    0.00 =     219.9 seconds wall (    0.00 usr    0.00 sys)
 PERLSOLV: kpp-copmatible version

 erlsolv/schroed+    0.03 =     219.9 seconds wall (    0.03 usr    0.00 sys)

 erlsolv/pop    +    0.00 =     219.9 seconds wall (    0.00 usr    0.00 sys)

 erlsolv/dmat compute+    0.00 =     219.9 seconds wall (    0.00 usr    0.00 sys)

 erlsolv/dmat compute+    0.00 =     219.9 seconds wall (    0.00 usr    0.00 sys)

 erlsolv/rhoij  +    0.01 =     219.9 seconds wall (    0.00 usr    0.00 sys)

 spin-up fermi level =   -0.281369 Ry,   gap(0K)= 0.000000 Ry = 0.000 eV
 spin-dn fermi level =   -0.234980 Ry,   gap(0K)= 0.000000 Ry = 0.000 eV
  
 delta movement in up-elecs =        3.8417608237
 delta movement in dn-elecs =        3.8155641602
 delta movement in electrons =        7.2168722413

 one-center local charge defect =        -0.00007681

 one-center local charge defect =        -0.00007685

 LMCC local dipole, |dip|=        0.8393460247
 Using LMCC treatment of supercell electrostatics
 DBG/LMCCINT, esns diagnostics redone
 LMCC chemical potential shift(Ry,eV)=        0.0000001044        0.0000014209
 LMCC esns total grid integral=        0.2911160058
  
 grid-integrated up-density total =       31.5000809680
 grid-integrated dn-density total =       30.5000811953
 grid-integrated valence-density total =       62.0001621633
  
 TOTAL single particle eigenvalue sum=       -53.1448296583
  
 rms,max scfchange=  3.1477D-03  1.0913D-01 for component#     63335
 electronic meth_bl(BROYDEN)=           1
>>>>> Broyden blend to get next step - elec
 Broyden: limit-history, dropping oldest
<<<<< Broyden step complete, scf step=    10

 After blending   +   23.03 =     243.0 seconds wall (   16.56 usr    2.26 sys)
  
 *************************  iteration  11 begins here  *************************


 erlsolv/begin  +    0.02 =     243.0 seconds wall (    0.00 usr    0.00 sys)
 PERLSOLV: kpp-copmatible version

 erlsolv/schroed+    0.03 =     243.0 seconds wall (    0.02 usr    0.01 sys)

 erlsolv/pop    +    0.00 =     243.0 seconds wall (    0.00 usr    0.00 sys)

 erlsolv/dmat compute+    0.00 =     243.0 seconds wall (    0.00 usr    0.00 sys)

 erlsolv/dmat compute+    0.00 =     243.0 seconds wall (    0.00 usr    0.00 sys)

 erlsolv/rhoij  +    0.00 =     243.0 seconds wall (    0.00 usr    0.00 sys)

 spin-up fermi level =   -0.280673 Ry,   gap(0K)= 0.000000 Ry = 0.000 eV
 spin-dn fermi level =   -0.235701 Ry,   gap(0K)= 0.000000 Ry = 0.000 eV
  
 delta movement in up-elecs =        3.8499550430
 delta movement in dn-elecs =        3.8190102271
 delta movement in electrons =        7.2412824149

 one-center local charge defect =        -0.00007682

 one-center local charge defect =        -0.00007687

 LMCC local dipole, |dip|=        1.2522848030
 Using LMCC treatment of supercell electrostatics
 DBG/LMCCINT, esns diagnostics redone
 LMCC chemical potential shift(Ry,eV)=       -0.0000001319       -0.0000017941
 LMCC esns total grid integral=        0.3060117522
  
 grid-integrated up-density total =       31.5000813151
 grid-integrated dn-density total =       30.5000812658
 grid-integrated valence-density total =       62.0001625810
  
 TOTAL single particle eigenvalue sum=       -53.1377091373
  
 rms,max scfchange=  4.5283D-03  1.5647D-01 for component#     63335
 electronic meth_bl(BROYDEN)=           1
>>>>> Broyden blend to get next step - elec
 Broyden: limit-history, dropping oldest
<<<<< Broyden step complete, scf step=    11

 After blending   +   23.19 =     266.2 seconds wall (   16.20 usr    2.14 sys)
  
 *************************  iteration  12 begins here  *************************


 erlsolv/begin  +    0.00 =     266.2 seconds wall (    0.00 usr    0.00 sys)
 PERLSOLV: kpp-copmatible version

 erlsolv/schroed+    0.03 =     266.2 seconds wall (    0.03 usr    0.00 sys)

 erlsolv/pop    +    0.00 =     266.2 seconds wall (    0.00 usr    0.00 sys)

 erlsolv/dmat compute+    0.00 =     266.2 seconds wall (    0.00 usr    0.00 sys)

 erlsolv/dmat compute+    0.01 =     266.3 seconds wall (    0.00 usr    0.00 sys)

 erlsolv/rhoij  +    0.00 =     266.3 seconds wall (    0.00 usr    0.00 sys)

 spin-up fermi level =   -0.284088 Ry,   gap(0K)= 0.000000 Ry = 0.000 eV
 spin-dn fermi level =   -0.234241 Ry,   gap(0K)= 0.000000 Ry = 0.000 eV
  
 delta movement in up-elecs =        3.8360202961
 delta movement in dn-elecs =        3.8117644011
 delta movement in electrons =        7.1998135385

 one-center local charge defect =        -0.00007681

 one-center local charge defect =        -0.00007691

 LMCC local dipole, |dip|=        0.3846343397
 Using LMCC treatment of supercell electrostatics
 DBG/LMCCINT, esns diagnostics redone
 LMCC chemical potential shift(Ry,eV)=        0.0000000134        0.0000001817
 LMCC esns total grid integral=        0.2702883064
  
 grid-integrated up-density total =       31.5000810849
 grid-integrated dn-density total =       30.5000811556
 grid-integrated valence-density total =       62.0001622406
  
 TOTAL single particle eigenvalue sum=       -53.1316078654
  
 rms,max scfchange=  2.7148D-04  1.4648D-02 for component#     63335
 electronic meth_bl(BROYDEN)=           1
>>>>> Broyden blend to get next step - elec
 Broyden: limit-history, dropping oldest
<<<<< Broyden step complete, scf step=    12

 After blending   +   22.76 =     289.0 seconds wall (   16.55 usr    2.27 sys)
  
 *************************  iteration  13 begins here  *************************


 erlsolv/begin  +    0.14 =     289.2 seconds wall (    0.13 usr    0.00 sys)
 PERLSOLV: kpp-copmatible version

 erlsolv/schroed+    0.03 =     289.2 seconds wall (    0.02 usr    0.00 sys)

 erlsolv/pop    +    0.00 =     289.2 seconds wall (    0.00 usr    0.00 sys)

 erlsolv/dmat compute+    0.00 =     289.2 seconds wall (    0.00 usr    0.00 sys)

 erlsolv/dmat compute+    0.00 =     289.2 seconds wall (    0.00 usr    0.00 sys)

 erlsolv/rhoij  +    0.00 =     289.2 seconds wall (    0.00 usr    0.00 sys)

 spin-up fermi level =   -0.285038 Ry,   gap(0K)= 0.000000 Ry = 0.000 eV
 spin-dn fermi level =   -0.234694 Ry,   gap(0K)= 0.000000 Ry = 0.000 eV
  
 delta movement in up-elecs =        3.8276186533
 delta movement in dn-elecs =        3.8210427457
 delta movement in electrons =        7.2413678403

 one-center local charge defect =        -0.00007689

 one-center local charge defect =        -0.00007701

 LMCC local dipole, |dip|=        1.3390626217
 Using LMCC treatment of supercell electrostatics
 DBG/LMCCINT, esns diagnostics redone
 LMCC chemical potential shift(Ry,eV)=       -0.0000012126       -0.0000164985
 LMCC esns total grid integral=        0.2680013727
  
 grid-integrated up-density total =       31.5000812372
 grid-integrated dn-density total =       30.5000813143
 grid-integrated valence-density total =       62.0001625515
  
 TOTAL single particle eigenvalue sum=       -53.1222840442
  
 rms,max scfchange=  3.0820D-03  1.1827D-01 for component#     12032
 electronic meth_bl(BROYDEN)=           1
>>>>> Broyden blend to get next step - elec
 Broyden: limit-history, dropping oldest
<<<<< Broyden step complete, scf step=    13

 After blending   +   23.63 =     312.8 seconds wall (   16.36 usr    2.25 sys)
  
 *************************  iteration  14 begins here  *************************


 erlsolv/begin  +    0.15 =     313.0 seconds wall (    0.00 usr    0.00 sys)
 PERLSOLV: kpp-copmatible version

 erlsolv/schroed+    0.05 =     313.0 seconds wall (    0.03 usr    0.00 sys)

 erlsolv/pop    +    0.00 =     313.0 seconds wall (    0.00 usr    0.00 sys)

 erlsolv/dmat compute+    0.00 =     313.0 seconds wall (    0.00 usr    0.00 sys)

 erlsolv/dmat compute+    0.01 =     313.0 seconds wall (    0.00 usr    0.00 sys)

 erlsolv/rhoij  +    0.00 =     313.0 seconds wall (    0.00 usr    0.00 sys)

 spin-up fermi level =   -0.284683 Ry,   gap(0K)= 0.000000 Ry = 0.000 eV
 spin-dn fermi level =   -0.234236 Ry,   gap(0K)= 0.000000 Ry = 0.000 eV
  
 delta movement in up-elecs =        3.8375600666
 delta movement in dn-elecs =        3.8145449154
 delta movement in electrons =        7.2028653715

 one-center local charge defect =        -0.00007681

 one-center local charge defect =        -0.00007697

 LMCC local dipole, |dip|=        0.5350848365
 Using LMCC treatment of supercell electrostatics
 DBG/LMCCINT, esns diagnostics redone
 LMCC chemical potential shift(Ry,eV)=       -0.0000001472       -0.0000020032
 LMCC esns total grid integral=        0.2681685978
  
 grid-integrated up-density total =       31.5000811812
 grid-integrated dn-density total =       30.5000811389
 grid-integrated valence-density total =       62.0001623201
  
 TOTAL single particle eigenvalue sum=       -53.1251089453
  
 rms,max scfchange=  4.7611D-04  2.7709D-02 for component#     12032
 electronic meth_bl(BROYDEN)=           1
>>>>> Broyden blend to get next step - elec
 Broyden: limit-history, dropping oldest
<<<<< Broyden step complete, scf step=    14

 After blending   +   23.64 =     336.7 seconds wall (   16.04 usr    2.19 sys)
  
 *************************  iteration  15 begins here  *************************


 erlsolv/begin  +    0.00 =     336.7 seconds wall (    0.00 usr    0.00 sys)
 PERLSOLV: kpp-copmatible version

 erlsolv/schroed+    0.03 =     336.7 seconds wall (    0.03 usr    0.00 sys)

 erlsolv/pop    +    0.00 =     336.7 seconds wall (    0.00 usr    0.00 sys)

 erlsolv/dmat compute+    0.00 =     336.7 seconds wall (    0.00 usr    0.00 sys)

 erlsolv/dmat compute+    0.01 =     336.7 seconds wall (    0.00 usr    0.00 sys)

 erlsolv/rhoij  +    0.00 =     336.7 seconds wall (    0.00 usr    0.00 sys)

 spin-up fermi level =   -0.283845 Ry,   gap(0K)= 0.000000 Ry = 0.000 eV
 spin-dn fermi level =   -0.234127 Ry,   gap(0K)= 0.000000 Ry = 0.000 eV
  
 delta movement in up-elecs =        3.8451058336
 delta movement in dn-elecs =        3.8115444346
 delta movement in electrons =        7.1981141749

 one-center local charge defect =        -0.00007678

 one-center local charge defect =        -0.00007692

 LMCC local dipole, |dip|=        0.3876718261
 Using LMCC treatment of supercell electrostatics
 DBG/LMCCINT, esns diagnostics redone
 LMCC chemical potential shift(Ry,eV)=        0.0000001716        0.0000023345
 LMCC esns total grid integral=        0.2775176286
  
 grid-integrated up-density total =       31.5000809481
 grid-integrated dn-density total =       30.5000810478
 grid-integrated valence-density total =       62.0001619958
  
 TOTAL single particle eigenvalue sum=       -53.1238468037
  
 rms,max scfchange=  1.5983D-03  6.2834D-02 for component#     63335
 electronic meth_bl(BROYDEN)=           1
>>>>> Broyden blend to get next step - elec
 Broyden: limit-history, dropping oldest
<<<<< Broyden step complete, scf step=    15

 After blending   +   23.14 =     359.9 seconds wall (   16.01 usr    2.17 sys)
  
 *************************  iteration  16 begins here  *************************


 erlsolv/begin  +    0.00 =     359.9 seconds wall (    0.00 usr    0.00 sys)
 PERLSOLV: kpp-copmatible version

 erlsolv/schroed+    0.03 =     359.9 seconds wall (    0.02 usr    0.00 sys)

 erlsolv/pop    +    0.00 =     359.9 seconds wall (    0.00 usr    0.00 sys)

 erlsolv/dmat compute+    0.00 =     359.9 seconds wall (    0.00 usr    0.00 sys)

 erlsolv/dmat compute+    0.00 =     359.9 seconds wall (    0.00 usr    0.00 sys)

 erlsolv/rhoij  +    0.00 =     359.9 seconds wall (    0.00 usr   -0.00 sys)

 spin-up fermi level =   -0.284342 Ry,   gap(0K)= 0.000000 Ry = 0.000 eV
 spin-dn fermi level =   -0.234074 Ry,   gap(0K)= 0.000000 Ry = 0.000 eV
  
 delta movement in up-elecs =        3.8425893987
 delta movement in dn-elecs =        3.8107693460
 delta movement in electrons =        7.1946055267

 one-center local charge defect =        -0.00007678

 one-center local charge defect =        -0.00007691

 LMCC local dipole, |dip|=        0.3142461750
 Using LMCC treatment of supercell electrostatics
 DBG/LMCCINT, esns diagnostics redone
 LMCC chemical potential shift(Ry,eV)=        0.0000001366        0.0000018579
 LMCC esns total grid integral=        0.2735117219
  
 grid-integrated up-density total =       31.5000810520
 grid-integrated dn-density total =       30.5000811101
 grid-integrated valence-density total =       62.0001621621
  
 TOTAL single particle eigenvalue sum=       -53.1161320276
  
 rms,max scfchange=  9.9483D-04  4.3105D-02 for component#     63335
 electronic meth_bl(BROYDEN)=           1
>>>>> Broyden blend to get next step - elec
 Broyden: limit-history, dropping oldest
<<<<< Broyden step complete, scf step=    16

 After blending   +   22.58 =     382.5 seconds wall (   15.73 usr    2.03 sys)
  
 *************************  iteration  17 begins here  *************************


 erlsolv/begin  +    0.24 =     382.7 seconds wall (    0.24 usr    0.00 sys)
 PERLSOLV: kpp-copmatible version

 erlsolv/schroed+    0.03 =     382.7 seconds wall (    0.02 usr    0.00 sys)

 erlsolv/pop    +    0.00 =     382.7 seconds wall (    0.00 usr    0.00 sys)

 erlsolv/dmat compute+    0.00 =     382.7 seconds wall (    0.00 usr    0.00 sys)

 erlsolv/dmat compute+    0.00 =     382.7 seconds wall (    0.00 usr    0.00 sys)

 erlsolv/rhoij  +    0.00 =     382.7 seconds wall (    0.00 usr    0.00 sys)

 spin-up fermi level =   -0.284165 Ry,   gap(0K)= 0.000000 Ry = 0.000 eV
 spin-dn fermi level =   -0.234403 Ry,   gap(0K)= 0.000000 Ry = 0.000 eV
  
 delta movement in up-elecs =        3.8459992075
 delta movement in dn-elecs =        3.8124056812
 delta movement in electrons =        7.1987236884

 one-center local charge defect =        -0.00007684

 one-center local charge defect =        -0.00007700

 LMCC local dipole, |dip|=        0.3471108557
 Using LMCC treatment of supercell electrostatics
 DBG/LMCCINT, esns diagnostics redone
 LMCC chemical potential shift(Ry,eV)=        0.0000001630        0.0000022180
 LMCC esns total grid integral=        0.2764019869
  
 grid-integrated up-density total =       31.5000810701
 grid-integrated dn-density total =       30.5000812418
 grid-integrated valence-density total =       62.0001623119
  
 TOTAL single particle eigenvalue sum=       -53.1259794256
  
 rms,max scfchange=  1.3879D-03  5.6756D-02 for component#     63335
 electronic meth_bl(BROYDEN)=           1
>>>>> Broyden blend to get next step - elec
 Broyden: limit-history, dropping oldest
<<<<< Broyden step complete, scf step=    17

 After blending   +   22.73 =     405.5 seconds wall (   16.39 usr    2.19 sys)
  
 *************************  iteration  18 begins here  *************************


 erlsolv/begin  +    0.00 =     405.5 seconds wall (    0.00 usr    0.00 sys)
 PERLSOLV: kpp-copmatible version

 erlsolv/schroed+    0.04 =     405.5 seconds wall (    0.03 usr    0.01 sys)

 erlsolv/pop    +    0.00 =     405.5 seconds wall (    0.00 usr    0.00 sys)

 erlsolv/dmat compute+    0.00 =     405.5 seconds wall (    0.00 usr    0.00 sys)

 erlsolv/dmat compute+    0.02 =     405.5 seconds wall (    0.00 usr    0.00 sys)

 erlsolv/rhoij  +    0.00 =     405.5 seconds wall (    0.00 usr    0.00 sys)

 spin-up fermi level =   -0.284441 Ry,   gap(0K)= 0.000000 Ry = 0.000 eV
 spin-dn fermi level =   -0.234180 Ry,   gap(0K)= 0.000000 Ry = 0.000 eV
  
 delta movement in up-elecs =        3.8418889913
 delta movement in dn-elecs =        3.8122922837
 delta movement in electrons =        7.1970080241

 one-center local charge defect =        -0.00007684

 one-center local charge defect =        -0.00007700

 LMCC local dipole, |dip|=        0.3218765191
 Using LMCC treatment of supercell electrostatics
 DBG/LMCCINT, esns diagnostics redone
 LMCC chemical potential shift(Ry,eV)=        0.0000000995        0.0000013540
 LMCC esns total grid integral=        0.2723402702
  
 grid-integrated up-density total =       31.5000810705
 grid-integrated dn-density total =       30.5000812693
 grid-integrated valence-density total =       62.0001623398
  
 TOTAL single particle eigenvalue sum=       -53.1188782646
  
 rms,max scfchange=  7.1421D-04  3.3191D-02 for component#     63335
 electronic meth_bl(BROYDEN)=           1
>>>>> Broyden blend to get next step - elec
 Broyden: limit-history, dropping oldest
<<<<< Broyden step complete, scf step=    18

 After blending   +   24.33 =     429.9 seconds wall (   16.41 usr    2.16 sys)
  
 *************************  iteration  19 begins here  *************************


 erlsolv/begin  +    0.03 =     429.9 seconds wall (    0.00 usr    0.00 sys)
 PERLSOLV: kpp-copmatible version

 erlsolv/schroed+    0.03 =     429.9 seconds wall (    0.03 usr    0.00 sys)

 erlsolv/pop    +    0.00 =     429.9 seconds wall (    0.00 usr   -0.00 sys)

 erlsolv/dmat compute+    0.00 =     429.9 seconds wall (    0.00 usr    0.00 sys)

 erlsolv/dmat compute+    0.00 =     429.9 seconds wall (    0.00 usr    0.00 sys)

 erlsolv/rhoij  +    0.00 =     429.9 seconds wall (    0.00 usr    0.00 sys)

 spin-up fermi level =   -0.284219 Ry,   gap(0K)= 0.000000 Ry = 0.000 eV
 spin-dn fermi level =   -0.234352 Ry,   gap(0K)= 0.000000 Ry = 0.000 eV
  
 delta movement in up-elecs =        3.8448490961
 delta movement in dn-elecs =        3.8129606919
 delta movement in electrons =        7.1980283956

 one-center local charge defect =        -0.00007684

 one-center local charge defect =        -0.00007700

 LMCC local dipole, |dip|=        0.3145860859
 Using LMCC treatment of supercell electrostatics
 DBG/LMCCINT, esns diagnostics redone
 LMCC chemical potential shift(Ry,eV)=        0.0000001373        0.0000018683
 LMCC esns total grid integral=        0.2742391464
  
 grid-integrated up-density total =       31.5000812321
 grid-integrated dn-density total =       30.5000812322
 grid-integrated valence-density total =       62.0001624642
  
 TOTAL single particle eigenvalue sum=       -53.1264316120
  
 rms,max scfchange=  1.0288D-03  4.4753D-02 for component#     63335
 electronic meth_bl(BROYDEN)=           1
>>>>> Broyden blend to get next step - elec
 Broyden: limit-history, dropping oldest
<<<<< Broyden step complete, scf step=    19

 After blending   +   25.44 =     455.4 seconds wall (   16.35 usr    2.16 sys)
  
 *************************  iteration  20 begins here  *************************


 erlsolv/begin  +    0.00 =     455.4 seconds wall (    0.00 usr    0.00 sys)
 PERLSOLV: kpp-copmatible version

 erlsolv/schroed+    0.03 =     455.4 seconds wall (    0.03 usr    0.00 sys)

 erlsolv/pop    +    0.00 =     455.4 seconds wall (    0.00 usr    0.00 sys)

 erlsolv/dmat compute+    0.00 =     455.4 seconds wall (    0.00 usr    0.00 sys)

 erlsolv/dmat compute+    0.00 =     455.4 seconds wall (    0.00 usr    0.00 sys)

 erlsolv/rhoij  +    0.00 =     455.4 seconds wall (    0.00 usr    0.00 sys)

 spin-up fermi level =   -0.285121 Ry,   gap(0K)= 0.000000 Ry = 0.000 eV
 spin-dn fermi level =   -0.234357 Ry,   gap(0K)= 0.000000 Ry = 0.000 eV
  
 delta movement in up-elecs =        3.8398664661
 delta movement in dn-elecs =        3.8115924371
 delta movement in electrons =        7.1987941206

 one-center local charge defect =        -0.00007686

 one-center local charge defect =        -0.00007701

 LMCC local dipole, |dip|=        0.3422362423
 Using LMCC treatment of supercell electrostatics
 DBG/LMCCINT, esns diagnostics redone
 LMCC chemical potential shift(Ry,eV)=        0.0000000676        0.0000009202
 LMCC esns total grid integral=        0.2716929627
  
 grid-integrated up-density total =       31.5000810194
 grid-integrated dn-density total =       30.5000810926
 grid-integrated valence-density total =       62.0001621119
  
 TOTAL single particle eigenvalue sum=       -53.1194230776
  
 rms,max scfchange=  5.1887D-04  2.6062D-02 for component#     63335
 electronic meth_bl(BROYDEN)=           1
>>>>> Broyden blend to get next step - elec
 Broyden: limit-history, dropping oldest
<<<<< Broyden step complete, scf step=    20

 After blending   +   23.65 =     479.1 seconds wall (   16.34 usr    2.16 sys)
  
 *************************  iteration  21 begins here  *************************


 erlsolv/begin  +    0.03 =     479.1 seconds wall (    0.02 usr    0.00 sys)
 PERLSOLV: kpp-copmatible version

 erlsolv/schroed+    0.04 =     479.1 seconds wall (    0.03 usr    0.00 sys)

 erlsolv/pop    +    0.00 =     479.1 seconds wall (    0.00 usr    0.00 sys)

 erlsolv/dmat compute+    0.00 =     479.1 seconds wall (    0.00 usr    0.00 sys)

 erlsolv/dmat compute+    0.00 =     479.1 seconds wall (    0.00 usr    0.00 sys)

 erlsolv/rhoij  +    0.00 =     479.1 seconds wall (    0.00 usr    0.00 sys)

 spin-up fermi level =   -0.286712 Ry,   gap(0K)= 0.000000 Ry = 0.000 eV
 spin-dn fermi level =   -0.234614 Ry,   gap(0K)= 0.000000 Ry = 0.000 eV
  
 delta movement in up-elecs =        3.8348945360
 delta movement in dn-elecs =        3.8105324327
 delta movement in electrons =        7.2022948464

 one-center local charge defect =        -0.00007691

 one-center local charge defect =        -0.00007700

 LMCC local dipole, |dip|=        0.4143860693
 Using LMCC treatment of supercell electrostatics
 DBG/LMCCINT, esns diagnostics redone
 LMCC chemical potential shift(Ry,eV)=       -0.0000000180       -0.0000002450
 LMCC esns total grid integral=        0.2701934855
  
 grid-integrated up-density total =       31.5000811556
 grid-integrated dn-density total =       30.5000811244
 grid-integrated valence-density total =       62.0001622800
  
 TOTAL single particle eigenvalue sum=       -53.1114747785
  
 rms,max scfchange=  1.2622D-04  8.0298D-03 for component#     63335
 electronic meth_bl(BROYDEN)=           1
>>>>> Broyden blend to get next step - elec
 Broyden: limit-history, dropping oldest
<<<<< Broyden step complete, scf step=    21

 After blending   +   23.49 =     502.6 seconds wall (   16.26 usr    2.11 sys)
  
 *************************  iteration  22 begins here  *************************


 erlsolv/begin  +    0.00 =     502.6 seconds wall (    0.00 usr    0.00 sys)
 PERLSOLV: kpp-copmatible version

 erlsolv/schroed+    0.03 =     502.7 seconds wall (    0.03 usr    0.00 sys)

 erlsolv/pop    +    0.00 =     502.7 seconds wall (    0.00 usr    0.00 sys)

 erlsolv/dmat compute+    0.00 =     502.7 seconds wall (    0.00 usr    0.00 sys)

 erlsolv/dmat compute+    0.00 =     502.7 seconds wall (    0.00 usr    0.00 sys)

 erlsolv/rhoij  +    0.00 =     502.7 seconds wall (    0.00 usr    0.00 sys)

 spin-up fermi level =   -0.287249 Ry,   gap(0K)= 0.000000 Ry = 0.000 eV
 spin-dn fermi level =   -0.234361 Ry,   gap(0K)= 0.000000 Ry = 0.000 eV
  
 delta movement in up-elecs =        3.8401857890
 delta movement in dn-elecs =        3.8129595719
 delta movement in electrons =        7.2018022270

 one-center local charge defect =        -0.00007688

 one-center local charge defect =        -0.00007699

 LMCC local dipole, |dip|=        0.3191460848
 Using LMCC treatment of supercell electrostatics
 DBG/LMCCINT, esns diagnostics redone
 LMCC chemical potential shift(Ry,eV)=        0.0000001218        0.0000016577
 LMCC esns total grid integral=        0.2740384594
  
 grid-integrated up-density total =       31.5000809462
 grid-integrated dn-density total =       30.5000812163
 grid-integrated valence-density total =       62.0001621625
  
 TOTAL single particle eigenvalue sum=       -53.1139083082
  
 rms,max scfchange=  8.3990D-04  3.4258D-02 for component#     63335
 electronic meth_bl(BROYDEN)=           1
>>>>> Broyden blend to get next step - elec
 Broyden: limit-history, dropping oldest
<<<<< Broyden step complete, scf step=    22

 After blending   +   23.56 =     526.2 seconds wall (   16.11 usr    2.11 sys)
  
 *************************  iteration  23 begins here  *************************


 erlsolv/begin  +    0.02 =     526.2 seconds wall (    0.02 usr    0.00 sys)
 PERLSOLV: kpp-copmatible version

 erlsolv/schroed+    0.03 =     526.3 seconds wall (    0.03 usr    0.00 sys)

 erlsolv/pop    +    0.00 =     526.3 seconds wall (    0.00 usr    0.00 sys)

 erlsolv/dmat compute+    0.00 =     526.3 seconds wall (    0.00 usr    0.00 sys)

 erlsolv/dmat compute+    0.00 =     526.3 seconds wall (    0.00 usr    0.00 sys)

 erlsolv/rhoij  +    0.00 =     526.3 seconds wall (    0.00 usr    0.00 sys)

 spin-up fermi level =   -0.288867 Ry,   gap(0K)= 0.000000 Ry = 0.000 eV
 spin-dn fermi level =   -0.233976 Ry,   gap(0K)= 0.000000 Ry = 0.000 eV
  
 delta movement in up-elecs =        3.8389650238
 delta movement in dn-elecs =        3.8142021718
 delta movement in electrons =        7.2067077099

 one-center local charge defect =        -0.00007691

 one-center local charge defect =        -0.00007700

 LMCC local dipole, |dip|=        0.4208677299
 Using LMCC treatment of supercell electrostatics
 DBG/LMCCINT, esns diagnostics redone
 LMCC chemical potential shift(Ry,eV)=       -0.0000000277       -0.0000003768
 LMCC esns total grid integral=        0.2705918844
  
 grid-integrated up-density total =       31.5000808815
 grid-integrated dn-density total =       30.5000811797
 grid-integrated valence-density total =       62.0001620612
  
 TOTAL single particle eigenvalue sum=       -53.1072725355
  
 rms,max scfchange=  7.6641D-05  4.0807D-03 for component#     63109
 electronic meth_bl(BROYDEN)=           1
>>>>> Broyden blend to get next step - elec
 Broyden: limit-history, dropping oldest
<<<<< Broyden step complete, scf step=    23

 After blending   +   23.95 =     550.2 seconds wall (   16.24 usr    2.14 sys)
  
 *************************  iteration  24 begins here  *************************


 erlsolv/begin  +    0.00 =     550.2 seconds wall (    0.00 usr    0.00 sys)
 PERLSOLV: kpp-copmatible version

 erlsolv/schroed+    0.03 =     550.3 seconds wall (    0.02 usr    0.00 sys)

 erlsolv/pop    +    0.00 =     550.3 seconds wall (    0.00 usr    0.00 sys)

 erlsolv/dmat compute+    0.00 =     550.3 seconds wall (    0.00 usr    0.00 sys)

 erlsolv/dmat compute+    0.00 =     550.3 seconds wall (    0.00 usr    0.00 sys)

 erlsolv/rhoij  +    0.00 =     550.3 seconds wall (    0.00 usr    0.00 sys)

 spin-up fermi level =   -0.288927 Ry,   gap(0K)= 0.000000 Ry = 0.000 eV
 spin-dn fermi level =   -0.233815 Ry,   gap(0K)= 0.000000 Ry = 0.000 eV
  
 delta movement in up-elecs =        3.8435694265
 delta movement in dn-elecs =        3.8159485189
 delta movement in electrons =        7.2049746408

 one-center local charge defect =        -0.00007686

 one-center local charge defect =        -0.00007701

 LMCC local dipole, |dip|=        0.3178076698
 Using LMCC treatment of supercell electrostatics
 DBG/LMCCINT, esns diagnostics redone
 LMCC chemical potential shift(Ry,eV)=        0.0000001186        0.0000016130
 LMCC esns total grid integral=        0.2742928024
  
 grid-integrated up-density total =       31.5000809210
 grid-integrated dn-density total =       30.5000812435
 grid-integrated valence-density total =       62.0001621644
  
 TOTAL single particle eigenvalue sum=       -53.1152295586
  
 rms,max scfchange=  8.0846D-04  3.2024D-02 for component#     63335
 electronic meth_bl(BROYDEN)=           1
>>>>> Broyden blend to get next step - elec
 Broyden: limit-history, dropping oldest
<<<<< Broyden step complete, scf step=    24

 After blending   +   24.27 =     574.5 seconds wall (   16.16 usr    2.12 sys)
  
 *************************  iteration  25 begins here  *************************


 erlsolv/begin  +    0.02 =     574.6 seconds wall (    0.01 usr    0.00 sys)
 PERLSOLV: kpp-copmatible version

 erlsolv/schroed+    0.03 =     574.6 seconds wall (    0.02 usr    0.00 sys)

 erlsolv/pop    +    0.00 =     574.6 seconds wall (    0.00 usr    0.00 sys)

 erlsolv/dmat compute+    0.00 =     574.6 seconds wall (    0.00 usr    0.00 sys)

 erlsolv/dmat compute+    0.00 =     574.6 seconds wall (    0.00 usr    0.00 sys)

 erlsolv/rhoij  +    0.00 =     574.6 seconds wall (    0.00 usr    0.00 sys)
